###############################################################################
#
# IAR ELF Linker V7.30.1.7746/W32 for ARM                 04/Apr/2017  17:30:45
# Copyright 2007-2014 IAR Systems AB.
#
#    Output file  =  
#        F:\OurCar2017\Jerry_2017_3.19\Prj\IAR\FX15_Debug\Exe\vcan_Kinetis.out
#    Map file     =  
#        F:\OurCar2017\Jerry_2017_3.19\Prj\IAR\FX15_Debug\List\vcan_Kinetis.map
#    Command line =  
#        F:\OurCar2017\Jerry_2017_3.19\Prj\IAR\FX15_Debug\Obj\Car.o
#        F:\OurCar2017\Jerry_2017_3.19\Prj\IAR\FX15_Debug\Obj\Control.o
#        F:\OurCar2017\Jerry_2017_3.19\Prj\IAR\FX15_Debug\Obj\diskio.o
#        F:\OurCar2017\Jerry_2017_3.19\Prj\IAR\FX15_Debug\Obj\ff.o
#        F:\OurCar2017\Jerry_2017_3.19\Prj\IAR\FX15_Debug\Obj\fuzzy_pid2.o
#        F:\OurCar2017\Jerry_2017_3.19\Prj\IAR\FX15_Debug\Obj\main.o
#        F:\OurCar2017\Jerry_2017_3.19\Prj\IAR\FX15_Debug\Obj\misc.o
#        F:\OurCar2017\Jerry_2017_3.19\Prj\IAR\FX15_Debug\Obj\MK60_adc.o
#        F:\OurCar2017\Jerry_2017_3.19\Prj\IAR\FX15_Debug\Obj\MK60_can.o
#        F:\OurCar2017\Jerry_2017_3.19\Prj\IAR\FX15_Debug\Obj\MK60_conf.o
#        F:\OurCar2017\Jerry_2017_3.19\Prj\IAR\FX15_Debug\Obj\MK60_dac.o
#        F:\OurCar2017\Jerry_2017_3.19\Prj\IAR\FX15_Debug\Obj\MK60_dma.o
#        F:\OurCar2017\Jerry_2017_3.19\Prj\IAR\FX15_Debug\Obj\MK60_DWT.o
#        F:\OurCar2017\Jerry_2017_3.19\Prj\IAR\FX15_Debug\Obj\MK60_flash.o
#        F:\OurCar2017\Jerry_2017_3.19\Prj\IAR\FX15_Debug\Obj\MK60_flexbus.o
#        F:\OurCar2017\Jerry_2017_3.19\Prj\IAR\FX15_Debug\Obj\MK60_ftm.o
#        F:\OurCar2017\Jerry_2017_3.19\Prj\IAR\FX15_Debug\Obj\MK60_gpio.o
#        F:\OurCar2017\Jerry_2017_3.19\Prj\IAR\FX15_Debug\Obj\MK60_i2c.o
#        F:\OurCar2017\Jerry_2017_3.19\Prj\IAR\FX15_Debug\Obj\MK60_it.o
#        F:\OurCar2017\Jerry_2017_3.19\Prj\IAR\FX15_Debug\Obj\MK60_lptmr.o
#        F:\OurCar2017\Jerry_2017_3.19\Prj\IAR\FX15_Debug\Obj\MK60_mcg.o
#        F:\OurCar2017\Jerry_2017_3.19\Prj\IAR\FX15_Debug\Obj\MK60_PIT.o
#        F:\OurCar2017\Jerry_2017_3.19\Prj\IAR\FX15_Debug\Obj\MK60_port.o
#        F:\OurCar2017\Jerry_2017_3.19\Prj\IAR\FX15_Debug\Obj\MK60_rtc.o
#        F:\OurCar2017\Jerry_2017_3.19\Prj\IAR\FX15_Debug\Obj\MK60_sdhc.o
#        F:\OurCar2017\Jerry_2017_3.19\Prj\IAR\FX15_Debug\Obj\MK60_spi.o
#        F:\OurCar2017\Jerry_2017_3.19\Prj\IAR\FX15_Debug\Obj\MK60_SysTick.o
#        F:\OurCar2017\Jerry_2017_3.19\Prj\IAR\FX15_Debug\Obj\MK60_uart.o
#        F:\OurCar2017\Jerry_2017_3.19\Prj\IAR\FX15_Debug\Obj\MK60_usb.o
#        F:\OurCar2017\Jerry_2017_3.19\Prj\IAR\FX15_Debug\Obj\MK60_wdog.o
#        F:\OurCar2017\Jerry_2017_3.19\Prj\IAR\FX15_Debug\Obj\Motor.o
#        F:\OurCar2017\Jerry_2017_3.19\Prj\IAR\FX15_Debug\Obj\OLED.o
#        F:\OurCar2017\Jerry_2017_3.19\Prj\IAR\FX15_Debug\Obj\startup_MK60DZ10.o
#        F:\OurCar2017\Jerry_2017_3.19\Prj\IAR\FX15_Debug\Obj\Steer.o
#        F:\OurCar2017\Jerry_2017_3.19\Prj\IAR\FX15_Debug\Obj\system_MK60DZ10.o
#        F:\OurCar2017\Jerry_2017_3.19\Prj\IAR\FX15_Debug\Obj\USB.o
#        F:\OurCar2017\Jerry_2017_3.19\Prj\IAR\FX15_Debug\Obj\USB_CDC.o
#        F:\OurCar2017\Jerry_2017_3.19\Prj\IAR\FX15_Debug\Obj\VCAN_ASCII.o
#        F:\OurCar2017\Jerry_2017_3.19\Prj\IAR\FX15_Debug\Obj\VCAN_computer.o
#        F:\OurCar2017\Jerry_2017_3.19\Prj\IAR\FX15_Debug\Obj\VCAN_key.o
#        F:\OurCar2017\Jerry_2017_3.19\Prj\IAR\FX15_Debug\Obj\VCAN_LED.o
#        F:\OurCar2017\Jerry_2017_3.19\Prj\IAR\FX15_Debug\Obj\VCAN_MMA7455.o
#        F:\OurCar2017\Jerry_2017_3.19\Prj\IAR\FX15_Debug\Obj\VCAN_NRF24L0.o
#        F:\OurCar2017\Jerry_2017_3.19\Prj\IAR\FX15_Debug\Obj\VCAN_RTC_count.o
#        F:\OurCar2017\Jerry_2017_3.19\Prj\IAR\FX15_Debug\Obj\VCAN_SCCB.o
#        F:\OurCar2017\Jerry_2017_3.19\Prj\IAR\FX15_Debug\Obj\vectors.o
#        --redirect _Printf=_PrintfLargeNoMb --redirect _Scanf=_ScanfLargeNoMb
#        -o
#        F:\OurCar2017\Jerry_2017_3.19\Prj\IAR\FX15_Debug\Exe\vcan_Kinetis.out
#        --map
#        F:\OurCar2017\Jerry_2017_3.19\Prj\IAR\FX15_Debug\List\vcan_Kinetis.map
#        --config "F:\OurCar2017\Jerry_2017_3.19\Prj\IAR\config
#        files\vcan_ROM_K60X512.icf"
#        F:\OurCar2017\Jerry_2017_3.19\Prj\IAR\..\..\Lib\CMSIS\iar_cortexM4l_math.a
#        --entry __iar_program_start --redirect __write=__write_buffered --vfe
#
###############################################################################

*******************************************************************************
*** RUNTIME MODEL ATTRIBUTES
***

CppFlavor       = *
__SystemLibrary = DLib


*******************************************************************************
*** PLACEMENT SUMMARY
***

"A1":  place at 0x00000000 { ro section .intvec };
"A2":  place at 0x00000410 { ro section .noinit };
"P1":  place in [from 0x00000000 to 0x00080000] |
                [from 0x10000000 to 0x1007ffff] { ro, block CodeRelocate };
"P2":  place in [from 0x1fff0410 to 0x20010000] {
          rw, block CodeRelocateRam, block CSTACK, block HEAP };

  Section              Kind        Address    Size  Object
  -------              ----        -------    ----  ------
"A1":                                        0x410
  .intvec              const    0x00000000   0x410  vectors.o [1]
                              - 0x00000410   0x410

"P1", part 1 of 2:                             0x0
  .rodata              const    0x00000410     0x0  zero_init3.o [5]

"A2":                                          0x8
  .noinit              ro code  0x00000410     0x8  startup_MK60DZ10.o [1]
                              - 0x00000418     0x8

"P1", part 2 of 2:                          0x675c
  .text                ro code  0x00000418   0xbee  xprintflarge_nomb.o [3]
  .text                ro code  0x00001006    0x22  zero_init3.o [5]
  .text                ro code  0x00001028    0x16  strchr.o [5]
  .rodata              const    0x0000103e     0x2  fuzzy_pid2.o [1]
  .text                ro code  0x00001040    0x36  strlen.o [5]
  .rodata              const    0x00001076     0x2  fuzzy_pid2.o [1]
  .text                ro code  0x00001078    0x58  memchr.o [5]
  .text                ro code  0x000010d0    0xee  I64DivMod.o [5]
  .rodata              const    0x000011be     0x2  fuzzy_pid2.o [1]
  .text                ro code  0x000011c0    0x76  ABImemcpy_unaligned.o [5]
  .text                ro code  0x00001236    0x42  xdnorm.o [4]
  .text                ro code  0x00001278    0x2e  DblCmpLe.o [4]
  .rodata              const    0x000012a6     0x2  fuzzy_pid2.o [1]
  .text                ro code  0x000012a8   0x1a2  DblMul.o [4]
  .rodata              const    0x0000144a     0x2  fuzzy_pid2.o [1]
  .text                ro code  0x0000144c   0x246  DblDiv.o [4]
  .rodata              const    0x00001692     0x2  fuzzy_pid2.o [1]
  .text                ro code  0x00001694    0x58  DblToI32.o [4]
  .text                ro code  0x000016ec    0x30  I32ToDbl.o [4]
  .text                ro code  0x0000171c   0x180  DblSub.o [4]
  .text                ro code  0x0000189c    0x6c  localeconv.o [3]
  .text                ro code  0x00001908     0xe  div.o [3]
  .rodata              const    0x00001916     0x2  fuzzy_pid2.o [1]
  .text                ro code  0x00001918     0x2  I64DivZer.o [5]
  .rodata              const    0x0000191a     0x2  VCAN_computer.o [1]
  .text                ro code  0x0000191c    0xe8  DblAdd.o [4]
  .text                ro code  0x00001a04     0x2  xtls.o [3]
  .rodata              const    0x00001a06     0x2  VCAN_computer.o [1]
  .text                ro code  0x00001a08   0x9e4  fuzzy_pid2.o [1]
  .text                ro code  0x000023ec    0x32  I32ToFlt.o [4]
  .text                ro code  0x00002420    0x24  FltCmpLe.o [4]
  .text                ro code  0x00002444    0xe6  FltSub.o [4]
  .text                ro code  0x0000252c    0xfc  FltDiv.o [4]
  .text                ro code  0x00002628    0xd8  FltMul.o [4]
  .text                ro code  0x00002700    0x84  FltAdd.o [4]
  .text                ro code  0x00002784    0x24  FltCmpGe.o [4]
  .text                ro code  0x000027a8    0x44  FltToS32.o [4]
  .data_init                    0x000027ec   0x8b8  <Block>
    Initializer bytes  ro data  0x000027ec   0x8b8  <for .data-1>
  .text                ro code  0x000030a4   0x740  OLED.o [1]
  .text                ro code  0x000037e4   0x128  MK60_gpio.o [1]
  .text                ro code  0x0000390c    0xb0  MK60_port.o [1]
  Veneer               ro code  0x000039bc     0x8  - Linker created -
  Veneer               ro code  0x000039c4     0x8  - Linker created -
  .text                ro code  0x000039cc   0x140  MK60_conf.o [1]
  .text                ro code  0x00003b0c    0x70  VCAN_LED.o [1]
  .text                ro code  0x00003b7c    0x24  printf.o [3]
  .text                ro code  0x00003ba0    0x64  MK60_SysTick.o [1]
  .text                ro code  0x00003c04   0x270  MK60_uart.o [1]
  .text                ro code  0x00003e74    0x9c  VCAN_key.o [1]
  .text                ro code  0x00003f10   0x5ec  MK60_ftm.o [1]
  .text                ro code  0x000044fc   0x4a8  Car.o [1]
  .text                ro code  0x000049a4    0xac  MK60_PIT.o [1]
  .text                ro code  0x00004a50   0x330  MK60_adc.o [1]
  .text                ro code  0x00004d80    0x40  VCAN_computer.o [1]
  .text                ro code  0x00004dc0   0x428  Steer.o [1]
  .text                ro code  0x000051e8    0x90  DblToFlt.o [4]
  .text                ro code  0x00005278    0x4e  FltToDbl.o [4]
  Veneer               ro code  0x000052c8     0x8  - Linker created -
  .text                ro code  0x000052d0   0x3d4  MK60_mcg.o [1]
  .text                ro code  0x000056a4   0x328  VCAN_NRF24L0.o [1]
  .text                ro code  0x000059cc   0x324  MK60_spi.o [1]
  .text                ro code  0x00005cf0    0xcc  misc.o [1]
  .rodata              const    0x00005dbc   0x228  OLED.o [1]
  .text                ro code  0x00005fe4   0x21c  MK60_it.o [1]
  .text                ro code  0x00006200    0xf4  Motor.o [1]
  CodeRelocate                  0x000062f4   0x1f0  <Block>
    Initializer bytes  ro data  0x000062f4   0x1f0  <for CodeRelocateRam-1>
  .text                ro code  0x000064e4   0x130  system_MK60DZ10.o [1]
  .text                ro code  0x00006614    0x40  MK60_wdog.o [1]
  .text                ro code  0x00006654   0x100  main.o [1]
  .rodata              const    0x00006754    0x44  MK60_SysTick.o [1]
  .rodata              const    0x00006798    0x40  MK60_adc.o [1]
  .rodata              const    0x000067d8    0x40  MK60_flash.o [1]
  .rodata              const    0x00006818    0x40  MK60_ftm.o [1]
  .rodata              const    0x00006858    0x40  MK60_gpio.o [1]
  .rodata              const    0x00006898    0x40  MK60_PIT.o [1]
  .rodata              const    0x000068d8    0x40  MK60_uart.o [1]
  .rodata              const    0x00006918    0x3c  misc.o [1]
  .rodata              const    0x00006954    0x3c  MK60_conf.o [1]
  .text                ro code  0x00006990    0x28  data_init.o [5]
  .rodata              const    0x000069b8    0x24  MK60_conf.o [1]
  .iar.init_table      const    0x000069dc    0x10  - Linker created -
  .rodata              const    0x000069ec    0x20  MK60_conf.o [1]
  .text                ro code  0x00006a0c    0x1a  cmain.o [5]
  .text                ro code  0x00006a26     0x4  low_level_init.o [3]
  .text                ro code  0x00006a2a     0x4  exit.o [3]
  .text                ro code  0x00006a30     0xa  cexit.o [5]
  .text                ro code  0x00006a3c     0xc  XXexit.o [5]
  .text                ro code  0x00006a48    0x16  xprout.o [3]
  .text                ro code  0x00006a60     0xc  putchar.o [3]
  .rodata              const    0x00006a6c    0x14  MK60_conf.o [1]
  .text                ro code  0x00006a80     0xc  cstartup_M.o [5]
  .rodata              const    0x00006a8c     0x8  Car.o [1]
  .rodata              const    0x00006a94     0x8  Car.o [1]
  .rodata              const    0x00006a9c     0x8  Car.o [1]
  .rodata              const    0x00006aa4     0x8  Car.o [1]
  .rodata              const    0x00006aac     0x8  Car.o [1]
  .rodata              const    0x00006ab4     0x8  Car.o [1]
  .rodata              const    0x00006abc     0x8  Car.o [1]
  .rodata              const    0x00006ac4     0x8  Car.o [1]
  .rodata              const    0x00006acc     0x8  Car.o [1]
  .rodata              const    0x00006ad4     0x8  Car.o [1]
  .rodata              const    0x00006adc     0x8  fuzzy_pid2.o [1]
  .rodata              const    0x00006ae4     0x8  fuzzy_pid2.o [1]
  Initializer bytes    ro data  0x00006aec    0x88  <for P2 s0>
                              - 0x00006b74  0x675c

"P2":                                       0x1698
  .data                         0x1fff0410   0x8b8  <Block>
    .data-1                     0x1fff0410   0x8b8  <Init block>
      .data            inited   0x1fff0410     0x1  Car.o [1]
      .data            inited   0x1fff0414    0x10  fuzzy_pid2.o [1]
      .data            inited   0x1fff0424    0x10  fuzzy_pid2.o [1]
      .data            inited   0x1fff0434    0x10  fuzzy_pid2.o [1]
      .data            inited   0x1fff0444    0x10  fuzzy_pid2.o [1]
      .data            inited   0x1fff0454     0x4  fuzzy_pid2.o [1]
      .data            inited   0x1fff0458     0x4  fuzzy_pid2.o [1]
      .data            inited   0x1fff045c    0x34  fuzzy_pid2.o [1]
      .data            inited   0x1fff0490     0x8  MK60_adc.o [1]
      .data            inited   0x1fff0498   0x708  MK60_conf.o [1]
      .data            inited   0x1fff0ba0    0x10  MK60_ftm.o [1]
      .data            inited   0x1fff0bb0    0x14  MK60_gpio.o [1]
      .data            inited   0x1fff0bc4    0x58  MK60_mcg.o [1]
      .data            inited   0x1fff0c1c     0x4  MK60_mcg.o [1]
      .data            inited   0x1fff0c20    0x14  MK60_port.o [1]
      .data            inited   0x1fff0c34     0xc  MK60_spi.o [1]
      .data            inited   0x1fff0c40    0x18  MK60_uart.o [1]
      .data            inited   0x1fff0c58     0x4  Motor.o [1]
      .data            inited   0x1fff0c5c     0x4  Motor.o [1]
      .data            inited   0x1fff0c60     0x4  Steer.o [1]
      .data            inited   0x1fff0c64     0x4  Steer.o [1]
      .data            inited   0x1fff0c68     0x4  Steer.o [1]
      .data            inited   0x1fff0c6c     0x8  VCAN_key.o [1]
      .data            inited   0x1fff0c74     0x4  VCAN_LED.o [1]
      .data            inited   0x1fff0c78     0x8  VCAN_NRF24L0.o [1]
      .data            inited   0x1fff0c80     0x8  VCAN_NRF24L0.o [1]
      .data            inited   0x1fff0c88    0x40  xfiles.o [3]
  CodeRelocateRam               0x1fff0cc8   0x1f0  <Block>
    CodeRelocateRam-1           0x1fff0cc8   0x1f0  <Init block>
      Veneer           inited   0x1fff0cc8     0x8  - Linker created -
      Veneer           inited   0x1fff0cd0     0x8  - Linker created -
      .textrw          inited   0x1fff0cd8   0x190  MK60_flash.o [1]
      .textrw          inited   0x1fff0e68    0x50  MK60_mcg.o [1]
  .bss                          0x1fff0eb8   0xb68  <Block>
    .bss               zero     0x1fff0eb8    0x20  Car.o [1]
    .bss               zero     0x1fff0ed8    0x20  Control.o [1]
    .bss               zero     0x1fff0ef8    0x10  MK60_ftm.o [1]
    .bss               zero     0x1fff0f08     0x4  MK60_it.o [1]
    .bss               zero     0x1fff0f0c     0x8  MK60_it.o [1]
    .bss               zero     0x1fff0f14     0x8  Motor.o [1]
    .bss               zero     0x1fff0f1c    0x54  Steer.o [1]
    .bss               zero     0x1fff0f70     0x4  Steer.o [1]
    .bss               zero     0x1fff0f74     0x4  Steer.o [1]
    .bss               zero     0x1fff0f78    0x28  Steer.o [1]
    .bss               zero     0x1fff0fa0     0x4  system_MK60DZ10.o [1]
    .bss               zero     0x1fff0fa4     0x4  system_MK60DZ10.o [1]
    .bss               zero     0x1fff0fa8     0x4  system_MK60DZ10.o [1]
    .bss               zero     0x1fff0fac   0xa00  VCAN_NRF24L0.o [1]
    .bss               zero     0x1fff19ac     0x4  VCAN_NRF24L0.o [1]
    .bss               zero     0x1fff19b0     0x4  VCAN_NRF24L0.o [1]
    .bss               zero     0x1fff19b4    0x50  xfiles.o [3]
    .bss               zero     0x1fff1a04     0x2  MK60_it.o [1]
    .bss               zero     0x1fff1a06     0x2  MK60_it.o [1]
    .bss               zero     0x1fff1a08     0x2  MK60_it.o [1]
    .bss               zero     0x1fff1a0a     0x2  Motor.o [1]
    .bss               zero     0x1fff1a0c     0x2  Motor.o [1]
    .bss               zero     0x1fff1a0e     0x2  Steer.o [1]
    .bss               zero     0x1fff1a10     0x2  Steer.o [1]
    .bss               zero     0x1fff1a12     0x1  Control.o [1]
    .bss               zero     0x1fff1a13     0x1  Control.o [1]
    .bss               zero     0x1fff1a14     0x1  Motor.o [1]
    .bss               zero     0x1fff1a15     0x1  Motor.o [1]
    .bss               zero     0x1fff1a16     0x1  Motor.o [1]
    .bss               zero     0x1fff1a17     0x1  Steer.o [1]
    .bss               zero     0x1fff1a18     0x1  Steer.o [1]
    .bss               zero     0x1fff1a19     0x1  VCAN_NRF24L0.o [1]
    .bss               zero     0x1fff1a1a     0x1  VCAN_NRF24L0.o [1]
    .bss               zero     0x1fff1a1b     0x1  VCAN_NRF24L0.o [1]
    .bss               zero     0x1fff1a1c     0x1  VCAN_NRF24L0.o [1]
    .bss               zero     0x1fff1a1d     0x1  VCAN_NRF24L0.o [1]
  P2 s0                         0x1fff1a20    0x88  <Init block>
    __DLIB_PERTHREAD   inited   0x1fff1a20    0x88  localeconv.o [3]
                              - 0x1fff1aa8  0x1698


*******************************************************************************
*** INIT TABLE
***

          Address     Size
          -------     ----
Zero (__iar_zero_init3)
    1 destination range, total size 0xb66:
          0x1fff0eb8  0xb66



*******************************************************************************
*** MODULE SUMMARY
***

    Module                 ro code  rw code  ro data  rw data
    ------                 -------  -------  -------  -------
F:\OurCar2017\Jerry_2017_3.19\Prj\IAR\FX15_Debug\Obj: [1]
    Car.o                    1 192                81       33
    Control.o                                              34
    MK60_PIT.o                 172                64
    MK60_SysTick.o             100                68
    MK60_adc.o                 816                72        8
    MK60_conf.o                320             1 948    1 800
    MK60_flash.o                        400      464
    MK60_ftm.o               1 516                80       32
    MK60_gpio.o                296                84       20
    MK60_it.o                  540                         18
    MK60_mcg.o                 980       80      172       92
    MK60_port.o                176                20       20
    MK60_spi.o                 804                12       12
    MK60_uart.o                624                88       24
    MK60_wdog.o                 64
    Motor.o                    244                 8       23
    OLED.o                   1 856               552
    Steer.o                  1 064                12      150
    VCAN_LED.o                 112                 4        4
    VCAN_NRF24L0.o             808                16    2 589
    VCAN_computer.o             64                 4
    VCAN_key.o                 156                 8        8
    fuzzy_pid2.o             2 532               157      124
    main.o                     256
    misc.o                     204                60
    startup_MK60DZ10.o           8
    system_MK60DZ10.o          304                         12
    vectors.o                                  1 040
    ---------------------------------------------------------
    Total:                  15 208      480    5 014    5 003

command line: [2]
    ---------------------------------------------------------
    Total:

dl7M_tlf.a: [3]
    div.o                       14
    exit.o                       4
    localeconv.o               108               136      136
    low_level_init.o             4
    printf.o                    36
    putchar.o                   12
    xfiles.o                                      64      144
    xprintflarge_nomb.o      3 054
    xprout.o                    22
    xtls.o                       2
    ---------------------------------------------------------
    Total:                   3 256               200      280

m7M_tl.a: [4]
    DblAdd.o                   232
    DblCmpLe.o                  46
    DblDiv.o                   582
    DblMul.o                   418
    DblSub.o                   384
    DblToFlt.o                 144
    DblToI32.o                  88
    FltAdd.o                   132
    FltCmpGe.o                  36
    FltCmpLe.o                  36
    FltDiv.o                   252
    FltMul.o                   216
    FltSub.o                   230
    FltToDbl.o                  78
    FltToS32.o                  68
    I32ToDbl.o                  48
    I32ToFlt.o                  50
    xdnorm.o                    66
    ---------------------------------------------------------
    Total:                   3 106

rt7M_tl.a: [5]
    ABImemcpy_unaligned.o      118
    I64DivMod.o                238
    I64DivZer.o                  2
    XXexit.o                    12
    cexit.o                     10
    cmain.o                     26
    cstartup_M.o                12
    data_init.o                 40
    memchr.o                    88
    strchr.o                    22
    strlen.o                    54
    zero_init3.o                34
    ---------------------------------------------------------
    Total:                     656

    Gaps                        12                          3
    Linker created              24       16       32
-------------------------------------------------------------
    Grand Total:            22 262      496    5 246    5 286


*******************************************************************************
*** ENTRY LIST
***

Entry                      Address   Size  Type      Object
-----                      -------   ----  ----      ------
.bss$$Base              0x1fff0eb8          --   Gb  - Linker created -
.bss$$Limit             0x1fff1a20          --   Gb  - Linker created -
.data$$Base             0x1fff0410          --   Gb  - Linker created -
.data$$Limit            0x1fff0cc8          --   Gb  - Linker created -
.data_init$$Base        0x000027ec          --   Gb  - Linker created -
.data_init$$Limit       0x000030a4          --   Gb  - Linker created -
?main                   0x00006a0d         Code  Gb  cmain.o [5]
ABDistance              0x1fff1a06    0x2  Data  Gb  MK60_it.o [1]
ABDistance_filter       0x1fff0f0c    0x8  Data  Gb  MK60_it.o [1]
ADCN                    0x1fff0490    0x8  Data  Gb  MK60_adc.o [1]
ADdata                  0x1fff0f1c   0x54  Data  Gb  Steer.o [1]
ASSERT_FAILED_STR       0x000069b8   0x24  Data  Gb  MK60_conf.o [1]
BSP_init                0x0000452f   0xcc  Code  Gb  Car.o [1]
CalculateCurrentError   0x00004f37   0xc6  Code  Gb  Steer.o [1]
Chao_init               0x000045fb   0x1a  Code  Gb  Car.o [1]
CodeRelocate$$Base      0x000062f4          --   Gb  - Linker created -
CodeRelocate$$Limit     0x000064e4          --   Gb  - Linker created -
CodeRelocateRam$$Base   0x1fff0cc8          --   Gb  - Linker created -
CodeRelocateRam$$Limit  0x1fff0eb8          --   Gb  - Linker created -
CurrentABDistance       0x1fff1a08    0x2  Data  Gb  MK60_it.o [1]
DirectionControl        0x00004ffd  0x168  Code  Gb  Steer.o [1]
DirectionPianCha        0x1fff0f78   0x28  Data  Gb  Steer.o [1]
DoubleError             0x1fff0f74    0x4  Data  Gb  Steer.o [1]
ECF                     0x00006ae4    0x8  Data  Gb  fuzzy_pid2.o [1]
ECMAX                   0x000011be    0x2  Data  Gb  fuzzy_pid2.o [1]
ECMIN                   0x000012a6    0x2  Data  Gb  fuzzy_pid2.o [1]
EF                      0x00006adc    0x8  Data  Gb  fuzzy_pid2.o [1]
EMAX                    0x0000103e    0x2  Data  Gb  fuzzy_pid2.o [1]
EMIN                    0x00001076    0x2  Data  Gb  fuzzy_pid2.o [1]
F6x8                    0x00005dbc  0x228  Data  Gb  OLED.o [1]
FMAX                    0x00001916    0x2  Data  Gb  fuzzy_pid2.o [1]
FTMN                    0x1fff0ba0   0x10  Data  Gb  MK60_ftm.o [1]
FTM_port_mux            0x00003f11  0x1ac  Code  Lc  MK60_ftm.o [1]
Fuzzy_Direction_P       0x00001a09  0x9b8  Code  Gb  fuzzy_pid2.o [1]
GPIOX                   0x1fff0bb0   0x14  Data  Gb  MK60_gpio.o [1]
KEY_PTxn                0x1fff0c6c    0x8  Data  Gb  VCAN_key.o [1]
LCD_DLY_ms              0x000031a7   0x18  Code  Gb  OLED.o [1]
LCD_Fill                0x00003167   0x40  Code  Gb  OLED.o [1]
LCD_Init                0x000031bf   0xf8  Code  Gb  OLED.o [1]
LCD_P6x8Str             0x000032b7   0x7c  Code  Gb  OLED.o [1]
LCD_Set_Pos             0x0000313f   0x28  Code  Gb  OLED.o [1]
LCD_WrCmd               0x000030f5   0x4a  Code  Gb  OLED.o [1]
LCD_WrDat               0x000030a5   0x4e  Code  Gb  OLED.o [1]
LED_P6x8Char            0x00003333   0x54  Code  Gb  OLED.o [1]
LED_PTxn                0x1fff0c74    0x4  Data  Gb  VCAN_LED.o [1]
LED_PrintValueF         0x000034c9  0x308  Code  Gb  OLED.o [1]
LED_PrintValueFP        0x00003395  0x134  Code  Gb  OLED.o [1]
LoadInt                 0x00000993   0x6e  Code  Lc  xprintflarge_nomb.o [3]
Motor_GetSpeed          0x0000623b   0xa0  Code  Gb  Motor.o [1]
Motor_I                 0x1fff0c5c    0x4  Data  Gb  Motor.o [1]
Motor_P                 0x1fff0c58    0x4  Data  Gb  Motor.o [1]
Motor_SetSpeed          0x00006201   0x3a  Code  Gb  Motor.o [1]
Motor_init              0x000044fd   0x20  Code  Gb  Car.o [1]
NRF_ISR_RX_FIFO         0x1fff0fac  0xa00  Data  Gb  VCAN_NRF24L0.o [1]
NVIC_DisableIRQ         0x00005fe5   0x14  Code  Lc  MK60_it.o [1]
NVIC_EnableIRQ          0x00006673   0x14  Code  Lc  main.o [1]
NVIC_SetPriority        0x00006687   0x26  Code  Lc  main.o [1]
NVIC_SetPriorityGrouping
                        0x00006655   0x1e  Code  Lc  main.o [1]
NVIC_SystemReset        0x000039cd   0x1a  Code  Lc  MK60_conf.o [1]
Oled_Display            0x00004691  0x214  Code  Gb  Car.o [1]
PIT0_IRQHandler         0x00005ff9   0x64  Code  Gb  MK60_it.o [1]
PORTA_IRQHandler        0x0000605d  0x108  Code  Gb  MK60_it.o [1]
PORTE_IRQHandler        0x00006165   0x50  Code  Gb  MK60_it.o [1]
PORTX                   0x1fff0c20   0x14  Data  Gb  MK60_port.o [1]
RX_ADDRESS              0x1fff0c80    0x8  Data  Gb  VCAN_NRF24L0.o [1]
Read_AD                 0x00004dc1  0x176  Code  Gb  Steer.o [1]
Region$$Table$$Base     0x000069dc          --   Gb  - Linker created -
Region$$Table$$Limit    0x000069ec          --   Gb  - Linker created -
Reset_Handler           0x00000411         Code  Gb  startup_MK60DZ10.o [1]
SMAX                    0x0000144a    0x2  Data  Gb  fuzzy_pid2.o [1]
SMIN                    0x00001692    0x2  Data  Gb  fuzzy_pid2.o [1]
SPIN                    0x1fff0c34    0xc  Data  Gb  MK60_spi.o [1]
Sensor_AD_init          0x00004615   0x7c  Code  Gb  Car.o [1]
Steer_D                 0x1fff0c64    0x4  Data  Gb  Steer.o [1]
Steer_P                 0x1fff0c60    0x4  Data  Gb  Steer.o [1]
Steer_init              0x0000451d   0x12  Code  Gb  Car.o [1]
SteeringZkb             0x1fff1a10    0x2  Data  Gb  Steer.o [1]
Straight_flag           0x1fff1a14    0x1  Data  Gb  Motor.o [1]
TX_ADDRESS              0x1fff0c78    0x8  Data  Gb  VCAN_NRF24L0.o [1]
TargetSpeed             0x1fff1a0c    0x2  Data  Gb  Motor.o [1]
TimeCount               0x1fff1a04    0x2  Data  Gb  MK60_it.o [1]
UARTN                   0x1fff0c40   0x18  Data  Gb  MK60_uart.o [1]
UD                      0x1fff0458    0x4  Data  Gb  fuzzy_pid2.o [1]
UD0                     0x1fff0434   0x10  Data  Gb  fuzzy_pid2.o [1]
UD3                     0x1fff0444   0x10  Data  Gb  fuzzy_pid2.o [1]
UP                      0x1fff0454    0x4  Data  Gb  fuzzy_pid2.o [1]
UP0                     0x1fff0414   0x10  Data  Gb  fuzzy_pid2.o [1]
UP3                     0x1fff0424   0x10  Data  Gb  fuzzy_pid2.o [1]
_GenldLargeNoMb         0x00000d89  0x236  Code  Lc  xprintflarge_nomb.o [3]
_LdtobLargeNoMb         0x00000b09  0x27a  Code  Lc  xprintflarge_nomb.o [3]
_LitobLargeNoMb         0x00000a01  0x106  Code  Lc  xprintflarge_nomb.o [3]
_Locale_aeabi_lconv     0x1fff1a70   0x38  Data  Gb  localeconv.o [3]
_Locale_lconv           0x1fff1a20   0x50  Data  Gb  localeconv.o [3]
_PrintfLargeNoMb        0x00000419  0x574  Code  Gb  xprintflarge_nomb.o [3]
_Prout                  0x00006a49   0x16  Code  Gb  xprout.o [3]
_PutcharsLargeNoMb      0x00000fbf   0x2e  Code  Lc  xprintflarge_nomb.o [3]
__BOOT_STACK_ADDRESS {Abs}
                        0x2000fff8          --   Gb  command line/config [2]
__VECTOR_RAM {Abs}      0x1fff0000          --   Gb  command line/config [2]
__VECTOR_TABLE {Abs}    0x00000000          --   Gb  command line/config [2]
__aeabi_cdcmple         0x00001279         Code  Gb  DblCmpLe.o [4]
__aeabi_cfcmple         0x00002421         Code  Gb  FltCmpLe.o [4]
__aeabi_cfrcmple        0x00002785         Code  Gb  FltCmpGe.o [4]
__aeabi_d2f             0x000051e9         Code  Gb  DblToFlt.o [4]
__aeabi_d2iz            0x00001695         Code  Gb  DblToI32.o [4]
__aeabi_d2uiz           0x000016c1         Code  Gb  DblToI32.o [4]
__aeabi_dadd            0x0000191d         Code  Gb  DblAdd.o [4]
__aeabi_ddiv            0x0000144d         Code  Gb  DblDiv.o [4]
__aeabi_dmul            0x000012a9         Code  Gb  DblMul.o [4]
__aeabi_dsub            0x0000171d         Code  Gb  DblSub.o [4]
__aeabi_f2d             0x00005279         Code  Gb  FltToDbl.o [4]
__aeabi_f2iz            0x000027a9         Code  Gb  FltToS32.o [4]
__aeabi_fadd            0x00002701         Code  Gb  FltAdd.o [4]
__aeabi_fdiv            0x0000252d         Code  Gb  FltDiv.o [4]
__aeabi_fmul            0x00002629         Code  Gb  FltMul.o [4]
__aeabi_fsub            0x00002445         Code  Gb  FltSub.o [4]
__aeabi_i2d             0x000016ed         Code  Gb  I32ToDbl.o [4]
__aeabi_i2f             0x000023ed         Code  Gb  I32ToFlt.o [4]
__aeabi_ldiv0           0x00001919         Code  Gb  I64DivZer.o [5]
__aeabi_ui2d            0x00001701         Code  Gb  I32ToDbl.o [4]
__aeabi_ui2f            0x00002401         Code  Gb  I32ToFlt.o [4]
__aeabi_uldivmod        0x000010d1         Code  Gb  I64DivMod.o [5]
__cmain                 0x00006a0d         Code  Gb  cmain.o [5]
__code_start__ {Abs}    0x00000410          --   Gb  command line/config [2]
__exit                  0x00006a3d         Code  Gb  XXexit.o [5]
__iar_Dnorm             0x00001237   0x42  Code  Gb  xdnorm.o [4]
__iar_Locale_lconv_init
                        0x0000189d   0x3a  Code  Gb  localeconv.o [3]
__iar_Memchr            0x00001079         Code  Gb  memchr.o [5]
__iar_Stdout            0x1fff0c88   0x40  Data  Gb  xfiles.o [3]
__iar_Strchr            0x00001029         Code  Gb  strchr.o [5]
__iar_d2uiz             0x000016cd         Code  Gb  DblToI32.o [4]
__iar_dadd              0x00001931         Code  Gb  DblAdd.o [4]
__iar_data_init3        0x00006991   0x28  Code  Gb  data_init.o [5]
__iar_dlib_perthread_access
                        0x00001a05    0x2  Code  Gb  xtls.o [3]
__iar_dsub              0x00001731         Code  Gb  DblSub.o [4]
__iar_dsubStart         0x00001743         Code  Gb  DblSub.o [4]
__iar_fadd              0x00002711         Code  Gb  FltAdd.o [4]
__iar_fsub              0x00002455         Code  Gb  FltSub.o [4]
__iar_fsubStart         0x00002465         Code  Gb  FltSub.o [4]
__iar_program_start     0x00006a81         Code  Gb  cstartup_M.o [5]
__iar_ui2d              0x00001705         Code  Gb  I32ToDbl.o [4]
__iar_ui2f              0x00002405         Code  Gb  I32ToFlt.o [4]
__iar_unaligned___aeabi_memcpy
                        0x000011c1         Code  Gb  ABImemcpy_unaligned.o [5]
__iar_unaligned___aeabi_memcpy4
                        0x000011e1         Code  Gb  ABImemcpy_unaligned.o [5]
__iar_unaligned___aeabi_memcpy8
                        0x000011e1         Code  Gb  ABImemcpy_unaligned.o [5]
__iar_zero_init3        0x00001007   0x22  Code  Gb  zero_init3.o [5]
__low_level_init        0x00006a27    0x4  Code  Gb  low_level_init.o [3]
__vector_table          0x00000000  0x410  Data  Gb  vectors.o [1]
_call_main              0x00006a19         Code  Gb  cmain.o [5]
_exit                   0x00006a31         Code  Gb  cexit.o [5]
_main                   0x00006a23         Code  Gb  cmain.o [5]
ad_ave                  0x00004caf   0x7a  Code  Gb  MK60_adc.o [1]
ad_max                  0x1fff0c68    0x4  Data  Gb  Steer.o [1]
adc_init                0x00004a51  0x20e  Code  Gb  MK60_adc.o [1]
adc_once                0x00004c5f   0x50  Code  Gb  MK60_adc.o [1]
adc_start               0x00004d29   0x44  Code  Lc  MK60_adc.o [1]
assert_failed           0x000039e7   0x26  Code  Gb  MK60_conf.o [1]
bus_clk_khz             0x1fff0fa8    0x4  Data  Gb  system_MK60DZ10.o [1]
chaoshengboTime         0x1fff0f08    0x4  Data  Gb  MK60_it.o [1]
common_startup          0x00006543   0x98  Code  Gb  system_MK60DZ10.o [1]
core_clk_khz            0x1fff0fa0    0x4  Data  Gb  system_MK60DZ10.o [1]
core_clk_mhz            0x1fff0fa4    0x4  Data  Gb  system_MK60DZ10.o [1]
count                   0x1fff1a17    0x1  Data  Gb  Steer.o [1]
default_isr             0x00003abb   0x30  Code  Gb  MK60_conf.o [1]
dianya                  0x1fff0f70    0x4  Data  Gb  Steer.o [1]
dir_flag                0x1fff1a18    0x1  Data  Gb  Steer.o [1]
direction_offset        0x1fff1a0e    0x2  Data  Gb  Steer.o [1]
div                     0x00001909    0xe  Code  Gb  div.o [3]
exit                    0x00006a2b    0x4  Code  Gb  exit.o [3]
flash_cmd               0x1fff0cd9   0x20  Code  Gb  MK60_flash.o [1]
flash_erase_sector      0x1fff0d1d   0x5c  Code  Gb  MK60_flash.o [1]
flash_init              0x1fff0cf9   0x24  Code  Gb  MK60_flash.o [1]
flash_write             0x1fff0d79   0xb4  Code  Gb  MK60_flash.o [1]
fputc                   0x00003a0d   0x14  Code  Gb  MK60_conf.o [1]
ftm_mod                 0x1fff0ef8   0x10  Data  Lc  MK60_ftm.o [1]
ftm_pwm_duty            0x00004269  0x11e  Code  Gb  MK60_ftm.o [1]
ftm_pwm_init            0x000040bd  0x1ac  Code  Gb  MK60_ftm.o [1]
ftm_quad_clean          0x000044b9   0x28  Code  Gb  MK60_ftm.o [1]
ftm_quad_get            0x0000448d   0x2c  Code  Gb  MK60_ftm.o [1]
ftm_quad_init           0x00004387  0x106  Code  Gb  MK60_ftm.o [1]
gpio_get                0x000038cb   0x3a  Code  Gb  MK60_gpio.o [1]
gpio_init               0x000037e5   0xae  Code  Gb  MK60_gpio.o [1]
gpio_turn               0x00003893   0x38  Code  Gb  MK60_gpio.o [1]
host_flag               0x1fff1a12    0x1  Data  Gb  Control.o [1]
key_check               0x00003ee1   0x2a  Code  Gb  VCAN_key.o [1]
key_get                 0x00003ec7   0x1a  Code  Gb  VCAN_key.o [1]
key_init                0x00003e75   0x52  Code  Gb  VCAN_key.o [1]
led_init                0x00003b0d   0x3a  Code  Gb  VCAN_LED.o [1]
led_turn                0x00003b47   0x32  Code  Gb  VCAN_LED.o [1]
localeconv              0x000018d7   0x16  Code  Gb  localeconv.o [3]
main                    0x000066ad   0x84  Code  Gb  main.o [1]
mcg_cfg                 0x1fff0bc4   0x58  Data  Gb  MK60_mcg.o [1]
mcg_div                 0x1fff0c1c    0x4  Data  Gb  MK60_mcg.o [1]
mcg_div_count           0x000052d1  0x306  Code  Gb  MK60_mcg.o [1]
memchr                  0x00001079         Code  Gb  memchr.o [5]
nrf_handler             0x000058a3   0xfc  Code  Gb  VCAN_NRF24L0.o [1]
nrf_irq_tx_addr         0x1fff19ac    0x4  Data  Gb  VCAN_NRF24L0.o [1]
nrf_irq_tx_flag         0x1fff1a1d    0x1  Data  Gb  VCAN_NRF24L0.o [1]
nrf_irq_tx_pnum         0x1fff19b0    0x4  Data  Gb  VCAN_NRF24L0.o [1]
nrf_mode                0x1fff1a19    0x1  Data  Gb  VCAN_NRF24L0.o [1]
nrf_readbuf             0x0000571b   0x28  Code  Lc  VCAN_NRF24L0.o [1]
nrf_readreg             0x000056cb   0x28  Code  Lc  VCAN_NRF24L0.o [1]
nrf_rx                  0x000057d9   0xca  Code  Gb  VCAN_NRF24L0.o [1]
nrf_rx_flag             0x1fff1a1c    0x1  Data  Gb  VCAN_NRF24L0.o [1]
nrf_rx_front            0x1fff1a1a    0x1  Data  Gb  VCAN_NRF24L0.o [1]
nrf_rx_mode             0x00005743   0x50  Code  Gb  VCAN_NRF24L0.o [1]
nrf_rx_rear             0x1fff1a1b    0x1  Data  Gb  VCAN_NRF24L0.o [1]
nrf_tx_mode             0x00005793   0x46  Code  Lc  VCAN_NRF24L0.o [1]
nrf_writebuf            0x000056f3   0x28  Code  Lc  VCAN_NRF24L0.o [1]
nrf_writereg            0x000056a5   0x26  Code  Lc  VCAN_NRF24L0.o [1]
obuf                    0x1fff19b4   0x50  Data  Lc  xfiles.o [3]
page                    0x1fff0410    0x1  Data  Gb  Car.o [1]
pit1Init                0x000049a5   0x28  Code  Gb  MK60_PIT.o [1]
pit_init                0x000049cd   0x6c  Code  Gb  MK60_PIT.o [1]
pll_init                0x000055d7   0xb2  Code  Gb  MK60_mcg.o [1]
port_init               0x0000390d   0x44  Code  Gb  MK60_port.o [1]
port_init_NoALT         0x00003951   0x62  Code  Gb  MK60_port.o [1]
printf                  0x00003b7d   0x24  Code  Gb  printf.o [3]
putchar                 0x00006a61    0xc  Code  Gb  putchar.o [3]
realSpeed               0x1fff1a0a    0x2  Data  Gb  Motor.o [1]
realspeed               0x1fff0f14    0x8  Data  Gb  Motor.o [1]
ruleP                   0x1fff045c   0x34  Data  Gb  fuzzy_pid2.o [1]
ruwan_flag              0x1fff1a15    0x1  Data  Gb  Motor.o [1]
rx_nrf_flag             0x1fff1a13    0x1  Data  Gb  Control.o [1]
rxbuf                   0x1fff0ed8   0x20  Data  Gb  Control.o [1]
send_data               0x000048a5   0x76  Code  Gb  Car.o [1]
set_sys_dividers        0x1fff0e69   0x50  Code  Gb  MK60_mcg.o [1]
set_vector_handler      0x00005d13   0x22  Code  Gb  misc.o [1]
spi_mosi                0x000059cd  0x110  Code  Gb  MK60_spi.o [1]
spi_mosi_cmd            0x00005add  0x20c  Code  Gb  MK60_spi.o [1]
start                   0x000064e5   0x22  Code  Gb  system_MK60DZ10.o [1]
start_check             0x00003a21   0x9a  Code  Gb  MK60_conf.o [1]
strchr                  0x00001029         Code  Gb  strchr.o [5]
strlen                  0x00001041         Code  Gb  strlen.o [5]
sysinit                 0x00006507   0x3c  Code  Gb  system_MK60DZ10.o [1]
systick_delay           0x00003ba1   0x36  Code  Gb  MK60_SysTick.o [1]
systick_delay_ms        0x00003bd7   0x18  Code  Gb  MK60_SysTick.o [1]
uart_init               0x00003c05  0x218  Code  Gb  MK60_uart.o [1]
uart_putbuff            0x00003e37   0x24  Code  Gb  MK60_uart.o [1]
uart_putchar            0x00003e1d   0x1a  Code  Gb  MK60_uart.o [1]
var                     0x1fff0eb8   0x20  Data  Gb  Car.o [1]
vcan_cpy                0x00005d41   0x7c  Code  Gb  misc.o [1]
vcan_sendware           0x00004d81   0x38  Code  Gb  VCAN_computer.o [1]
vector_str              0x1fff0498  0x708  Data  Gb  MK60_conf.o [1]
wandao_flag             0x1fff1a16    0x1  Data  Gb  Motor.o [1]
wdog_disable            0x00006615   0x16  Code  Gb  MK60_wdog.o [1]
wdog_unlock             0x0000662b   0x20  Code  Lc  MK60_wdog.o [1]
write_vtor              0x00005cf1   0x22  Code  Gb  misc.o [1]


[1] = F:\OurCar2017\Jerry_2017_3.19\Prj\IAR\FX15_Debug\Obj
[2] = command line
[3] = dl7M_tlf.a
[4] = m7M_tl.a
[5] = rt7M_tl.a

  22 262 bytes of readonly  code memory
     496 bytes of readwrite code memory
   5 246 bytes of readonly  data memory
   5 286 bytes of readwrite data memory

Errors: none
Warnings: none
