###############################################################################
#
# IAR ELF Linker V7.30.1.7746/W32 for ARM                 24/Mar/2017  17:10:41
# Copyright 2007-2014 IAR Systems AB.
#
#    Output file  =  
#        F:\OurCar2017\Jerry_2017_3.19\Prj\IAR\FN15_Debug\Exe\vcan_Kinetis.out
#    Map file     =  
#        F:\OurCar2017\Jerry_2017_3.19\Prj\IAR\FN15_Debug\List\vcan_Kinetis.map
#    Command line =  
#        F:\OurCar2017\Jerry_2017_3.19\Prj\IAR\FN15_Debug\Obj\Car.o
#        F:\OurCar2017\Jerry_2017_3.19\Prj\IAR\FN15_Debug\Obj\Control.o
#        F:\OurCar2017\Jerry_2017_3.19\Prj\IAR\FN15_Debug\Obj\diskio.o
#        F:\OurCar2017\Jerry_2017_3.19\Prj\IAR\FN15_Debug\Obj\ff.o
#        F:\OurCar2017\Jerry_2017_3.19\Prj\IAR\FN15_Debug\Obj\fuzzy_pid.o
#        F:\OurCar2017\Jerry_2017_3.19\Prj\IAR\FN15_Debug\Obj\FuzzySet_Speed.o
#        F:\OurCar2017\Jerry_2017_3.19\Prj\IAR\FN15_Debug\Obj\main.o
#        F:\OurCar2017\Jerry_2017_3.19\Prj\IAR\FN15_Debug\Obj\misc.o
#        F:\OurCar2017\Jerry_2017_3.19\Prj\IAR\FN15_Debug\Obj\MK60_adc.o
#        F:\OurCar2017\Jerry_2017_3.19\Prj\IAR\FN15_Debug\Obj\MK60_can.o
#        F:\OurCar2017\Jerry_2017_3.19\Prj\IAR\FN15_Debug\Obj\MK60_conf.o
#        F:\OurCar2017\Jerry_2017_3.19\Prj\IAR\FN15_Debug\Obj\MK60_dac.o
#        F:\OurCar2017\Jerry_2017_3.19\Prj\IAR\FN15_Debug\Obj\MK60_dma.o
#        F:\OurCar2017\Jerry_2017_3.19\Prj\IAR\FN15_Debug\Obj\MK60_DWT.o
#        F:\OurCar2017\Jerry_2017_3.19\Prj\IAR\FN15_Debug\Obj\MK60_flash.o
#        F:\OurCar2017\Jerry_2017_3.19\Prj\IAR\FN15_Debug\Obj\MK60_flexbus.o
#        F:\OurCar2017\Jerry_2017_3.19\Prj\IAR\FN15_Debug\Obj\MK60_ftm.o
#        F:\OurCar2017\Jerry_2017_3.19\Prj\IAR\FN15_Debug\Obj\MK60_gpio.o
#        F:\OurCar2017\Jerry_2017_3.19\Prj\IAR\FN15_Debug\Obj\MK60_i2c.o
#        F:\OurCar2017\Jerry_2017_3.19\Prj\IAR\FN15_Debug\Obj\MK60_it.o
#        F:\OurCar2017\Jerry_2017_3.19\Prj\IAR\FN15_Debug\Obj\MK60_lptmr.o
#        F:\OurCar2017\Jerry_2017_3.19\Prj\IAR\FN15_Debug\Obj\MK60_mcg.o
#        F:\OurCar2017\Jerry_2017_3.19\Prj\IAR\FN15_Debug\Obj\MK60_PIT.o
#        F:\OurCar2017\Jerry_2017_3.19\Prj\IAR\FN15_Debug\Obj\MK60_port.o
#        F:\OurCar2017\Jerry_2017_3.19\Prj\IAR\FN15_Debug\Obj\MK60_rtc.o
#        F:\OurCar2017\Jerry_2017_3.19\Prj\IAR\FN15_Debug\Obj\MK60_sdhc.o
#        F:\OurCar2017\Jerry_2017_3.19\Prj\IAR\FN15_Debug\Obj\MK60_spi.o
#        F:\OurCar2017\Jerry_2017_3.19\Prj\IAR\FN15_Debug\Obj\MK60_SysTick.o
#        F:\OurCar2017\Jerry_2017_3.19\Prj\IAR\FN15_Debug\Obj\MK60_uart.o
#        F:\OurCar2017\Jerry_2017_3.19\Prj\IAR\FN15_Debug\Obj\MK60_usb.o
#        F:\OurCar2017\Jerry_2017_3.19\Prj\IAR\FN15_Debug\Obj\MK60_wdog.o
#        F:\OurCar2017\Jerry_2017_3.19\Prj\IAR\FN15_Debug\Obj\Motor.o
#        F:\OurCar2017\Jerry_2017_3.19\Prj\IAR\FN15_Debug\Obj\OLED.o
#        F:\OurCar2017\Jerry_2017_3.19\Prj\IAR\FN15_Debug\Obj\startup_MK60DZ10.o
#        F:\OurCar2017\Jerry_2017_3.19\Prj\IAR\FN15_Debug\Obj\Steer.o
#        F:\OurCar2017\Jerry_2017_3.19\Prj\IAR\FN15_Debug\Obj\system_MK60DZ10.o
#        F:\OurCar2017\Jerry_2017_3.19\Prj\IAR\FN15_Debug\Obj\USB.o
#        F:\OurCar2017\Jerry_2017_3.19\Prj\IAR\FN15_Debug\Obj\USB_CDC.o
#        F:\OurCar2017\Jerry_2017_3.19\Prj\IAR\FN15_Debug\Obj\VCAN_ASCII.o
#        F:\OurCar2017\Jerry_2017_3.19\Prj\IAR\FN15_Debug\Obj\VCAN_computer.o
#        F:\OurCar2017\Jerry_2017_3.19\Prj\IAR\FN15_Debug\Obj\VCAN_key.o
#        F:\OurCar2017\Jerry_2017_3.19\Prj\IAR\FN15_Debug\Obj\VCAN_LED.o
#        F:\OurCar2017\Jerry_2017_3.19\Prj\IAR\FN15_Debug\Obj\VCAN_MMA7455.o
#        F:\OurCar2017\Jerry_2017_3.19\Prj\IAR\FN15_Debug\Obj\VCAN_NRF24L0.o
#        F:\OurCar2017\Jerry_2017_3.19\Prj\IAR\FN15_Debug\Obj\VCAN_RTC_count.o
#        F:\OurCar2017\Jerry_2017_3.19\Prj\IAR\FN15_Debug\Obj\VCAN_SCCB.o
#        F:\OurCar2017\Jerry_2017_3.19\Prj\IAR\FN15_Debug\Obj\vectors.o
#        --redirect _Printf=_PrintfLargeNoMb --redirect _Scanf=_ScanfLargeNoMb
#        -o
#        F:\OurCar2017\Jerry_2017_3.19\Prj\IAR\FN15_Debug\Exe\vcan_Kinetis.out
#        --map
#        F:\OurCar2017\Jerry_2017_3.19\Prj\IAR\FN15_Debug\List\vcan_Kinetis.map
#        --config "F:\OurCar2017\Jerry_2017_3.19\Prj\IAR\config
#        files\vcan_ROM_K60N1M.icf"
#        F:\OurCar2017\Jerry_2017_3.19\Prj\IAR\..\..\Lib\CMSIS\iar_cortexM4l_math.a
#        --entry __iar_program_start --redirect __write=__write_buffered --vfe
#
###############################################################################

*******************************************************************************
*** RUNTIME MODEL ATTRIBUTES
***

CppFlavor       = *
__SystemLibrary = DLib


*******************************************************************************
*** PLACEMENT SUMMARY
***

"A1":  place at 0x00000000 { ro section .intvec };
"A2":  place at 0x00000410 { ro section .noinit };
"P1":  place in [from 0x00000000 to 0x00100000] { ro, block CodeRelocate };
"P2":  place in [from 0x1fff0410 to 0x20010000] {
          rw, block CodeRelocateRam, block CSTACK, block HEAP };

  Section              Kind        Address    Size  Object
  -------              ----        -------    ----  ------
"A1":                                        0x410
  .intvec              const    0x00000000   0x410  vectors.o [1]
                              - 0x00000410   0x410

"P1", part 1 of 2:                             0x0
  .rodata              const    0x00000410     0x0  zero_init3.o [5]

"A2":                                          0x8
  .noinit              ro code  0x00000410     0x8  startup_MK60DZ10.o [1]
                              - 0x00000418     0x8

"P1", part 2 of 2:                          0x726c
  .text                ro code  0x00000418   0xbee  xprintflarge_nomb.o [3]
  .text                ro code  0x00001006    0x22  zero_init3.o [5]
  .text                ro code  0x00001028    0x16  strchr.o [5]
  .rodata              const    0x0000103e     0x2  fuzzy_pid.o [1]
  .text                ro code  0x00001040    0x36  strlen.o [5]
  .rodata              const    0x00001076     0x2  fuzzy_pid.o [1]
  .text                ro code  0x00001078    0x58  memchr.o [5]
  .text                ro code  0x000010d0    0xee  I64DivMod.o [5]
  .rodata              const    0x000011be     0x2  fuzzy_pid.o [1]
  .text                ro code  0x000011c0    0x76  ABImemcpy_unaligned.o [5]
  .text                ro code  0x00001236    0x42  xdnorm.o [4]
  .text                ro code  0x00001278    0x2e  DblCmpLe.o [4]
  .rodata              const    0x000012a6     0x2  FuzzySet_Speed.o [1]
  .text                ro code  0x000012a8   0x1a2  DblMul.o [4]
  .rodata              const    0x0000144a     0x2  FuzzySet_Speed.o [1]
  .text                ro code  0x0000144c   0x246  DblDiv.o [4]
  .rodata              const    0x00001692     0x2  FuzzySet_Speed.o [1]
  .text                ro code  0x00001694    0x58  DblToI32.o [4]
  .text                ro code  0x000016ec    0x30  I32ToDbl.o [4]
  .text                ro code  0x0000171c   0x180  DblSub.o [4]
  .text                ro code  0x0000189c    0x6c  localeconv.o [3]
  .text                ro code  0x00001908     0xe  div.o [3]
  .rodata              const    0x00001916     0x2  FuzzySet_Speed.o [1]
  .text                ro code  0x00001918     0x2  I64DivZer.o [5]
  .rodata              const    0x0000191a     0x2  FuzzySet_Speed.o [1]
  .text                ro code  0x0000191c    0xe8  DblAdd.o [4]
  .text                ro code  0x00001a04     0x2  xtls.o [3]
  .rodata              const    0x00001a06     0x2  FuzzySet_Speed.o [1]
  .text                ro code  0x00001a08   0xb1c  fuzzy_pid.o [1]
  .text                ro code  0x00002524   0x95c  FuzzySet_Speed.o [1]
  .data_init                    0x00002e80   0x94c  <Block>
    Initializer bytes  ro data  0x00002e80   0x94c  <for .data-1>
  .rodata              const    0x000037cc     0x2  FuzzySet_Speed.o [1]
  .text                ro code  0x000037d0   0x738  OLED.o [1]
  .text                ro code  0x00003f08   0x128  MK60_gpio.o [1]
  .text                ro code  0x00004030    0xb0  MK60_port.o [1]
  Veneer               ro code  0x000040e0     0x8  - Linker created -
  Veneer               ro code  0x000040e8     0x8  - Linker created -
  .text                ro code  0x000040f0   0x140  MK60_conf.o [1]
  .text                ro code  0x00004230    0x70  VCAN_LED.o [1]
  .text                ro code  0x000042a0    0x24  printf.o [3]
  .text                ro code  0x000042c4    0x64  MK60_SysTick.o [1]
  .text                ro code  0x00004328   0x270  MK60_uart.o [1]
  .text                ro code  0x00004598    0x9c  VCAN_key.o [1]
  .text                ro code  0x00004634   0x5ec  MK60_ftm.o [1]
  .text                ro code  0x00004c20   0x50c  Motor.o [1]
  .text                ro code  0x0000512c   0x494  Car.o [1]
  .text                ro code  0x000055c0    0xac  MK60_PIT.o [1]
  .text                ro code  0x0000566c   0x330  MK60_adc.o [1]
  .text                ro code  0x0000599c    0x40  VCAN_computer.o [1]
  .text                ro code  0x000059dc   0x410  Steer.o [1]
  .text                ro code  0x00005dec    0x90  DblToFlt.o [4]
  .text                ro code  0x00005e7c    0x4e  FltToDbl.o [4]
  .rodata              const    0x00005eca     0x2  VCAN_computer.o [1]
  Veneer               ro code  0x00005ecc     0x8  - Linker created -
  .text                ro code  0x00005ed4   0x3d4  MK60_mcg.o [1]
  .text                ro code  0x000062a8   0x328  VCAN_NRF24L0.o [1]
  .text                ro code  0x000065d0   0x324  MK60_spi.o [1]
  .text                ro code  0x000068f4    0xcc  misc.o [1]
  .text                ro code  0x000069c0   0x230  MK60_it.o [1]
  .rodata              const    0x00006bf0   0x228  OLED.o [1]
  CodeRelocate                  0x00006e18   0x1f0  <Block>
    Initializer bytes  ro data  0x00006e18   0x1f0  <for CodeRelocateRam-1>
  .text                ro code  0x00007008   0x130  system_MK60DZ10.o [1]
  .text                ro code  0x00007138    0x40  MK60_wdog.o [1]
  .text                ro code  0x00007178   0x100  main.o [1]
  .rodata              const    0x00007278    0x3c  MK60_conf.o [1]
  .rodata              const    0x000072b4    0x34  MK60_flash.o [1]
  .rodata              const    0x000072e8    0x34  MK60_SysTick.o [1]
  .rodata              const    0x0000731c    0x30  MK60_adc.o [1]
  .rodata              const    0x0000734c    0x30  MK60_ftm.o [1]
  .rodata              const    0x0000737c    0x30  MK60_gpio.o [1]
  .rodata              const    0x000073ac    0x30  MK60_PIT.o [1]
  .rodata              const    0x000073dc    0x30  MK60_uart.o [1]
  .rodata              const    0x0000740c    0x2c  misc.o [1]
  .text                ro code  0x00007438    0x28  data_init.o [5]
  .rodata              const    0x00007460    0x24  MK60_conf.o [1]
  .text                ro code  0x00007484    0x22  fpinit_M.o [4]
  .iar.init_table      const    0x000074a8    0x10  - Linker created -
  .rodata              const    0x000074b8     0x2  VCAN_computer.o [1]
  .rodata              const    0x000074bc    0x20  fuzzy_pid.o [1]
  .rodata              const    0x000074dc    0x20  fuzzy_pid.o [1]
  .rodata              const    0x000074fc    0x20  MK60_conf.o [1]
  .text                ro code  0x0000751c    0x1a  cmain.o [5]
  .text                ro code  0x00007536     0x4  low_level_init.o [3]
  .text                ro code  0x0000753a     0x4  exit.o [3]
  .text                ro code  0x00007540     0xa  cexit.o [5]
  .text                ro code  0x0000754c     0xc  XXexit.o [5]
  .text                ro code  0x00007558    0x16  xprout.o [3]
  .text                ro code  0x00007570     0xc  putchar.o [3]
  .rodata              const    0x0000757c    0x14  MK60_conf.o [1]
  .text                ro code  0x00007590     0xc  cstartup_M.o [5]
  .rodata              const    0x0000759c     0x8  Car.o [1]
  .rodata              const    0x000075a4     0x8  Car.o [1]
  .rodata              const    0x000075ac     0x8  Car.o [1]
  .rodata              const    0x000075b4     0x8  Car.o [1]
  .rodata              const    0x000075bc     0x8  Car.o [1]
  .rodata              const    0x000075c4     0x8  Car.o [1]
  .rodata              const    0x000075cc     0x8  Car.o [1]
  .rodata              const    0x000075d4     0x8  Car.o [1]
  .rodata              const    0x000075dc     0x8  Car.o [1]
  .rodata              const    0x000075e4     0x8  Car.o [1]
  .rodata              const    0x000075ec     0x8  fuzzy_pid.o [1]
  .rodata              const    0x000075f4     0x8  fuzzy_pid.o [1]
  Initializer bytes    ro data  0x000075fc    0x88  <for P2 s0>
                              - 0x00007684  0x726c

"P2":                                       0x1748
  .data                         0x1fff0410   0x94c  <Block>
    .data-1                     0x1fff0410   0x94c  <Init block>
      .data            inited   0x1fff0410     0x1  Car.o [1]
      .data            inited   0x1fff0414    0x10  fuzzy_pid.o [1]
      .data            inited   0x1fff0424    0x10  fuzzy_pid.o [1]
      .data            inited   0x1fff0434    0x10  fuzzy_pid.o [1]
      .data            inited   0x1fff0444    0x10  fuzzy_pid.o [1]
      .data            inited   0x1fff0454     0x4  fuzzy_pid.o [1]
      .data            inited   0x1fff0458     0x4  fuzzy_pid.o [1]
      .data            inited   0x1fff045c    0x34  fuzzy_pid.o [1]
      .data            inited   0x1fff0490    0x10  FuzzySet_Speed.o [1]
      .data            inited   0x1fff04a0    0x10  FuzzySet_Speed.o [1]
      .data            inited   0x1fff04b0    0x10  FuzzySet_Speed.o [1]
      .data            inited   0x1fff04c0    0x64  FuzzySet_Speed.o [1]
      .data            inited   0x1fff0524     0x8  MK60_adc.o [1]
      .data            inited   0x1fff052c   0x708  MK60_conf.o [1]
      .data            inited   0x1fff0c34    0x10  MK60_ftm.o [1]
      .data            inited   0x1fff0c44    0x14  MK60_gpio.o [1]
      .data            inited   0x1fff0c58    0x58  MK60_mcg.o [1]
      .data            inited   0x1fff0cb0     0x4  MK60_mcg.o [1]
      .data            inited   0x1fff0cb4    0x14  MK60_port.o [1]
      .data            inited   0x1fff0cc8     0xc  MK60_spi.o [1]
      .data            inited   0x1fff0cd4    0x18  MK60_uart.o [1]
      .data            inited   0x1fff0cec     0x4  Motor.o [1]
      .data            inited   0x1fff0cf0     0x4  Motor.o [1]
      .data            inited   0x1fff0cf4     0x4  Steer.o [1]
      .data            inited   0x1fff0cf8     0x4  Steer.o [1]
      .data            inited   0x1fff0cfc     0x4  Steer.o [1]
      .data            inited   0x1fff0d00     0x8  VCAN_key.o [1]
      .data            inited   0x1fff0d08     0x4  VCAN_LED.o [1]
      .data            inited   0x1fff0d0c     0x8  VCAN_NRF24L0.o [1]
      .data            inited   0x1fff0d14     0x8  VCAN_NRF24L0.o [1]
      .data            inited   0x1fff0d1c    0x40  xfiles.o [3]
  CodeRelocateRam               0x1fff0d5c   0x1f0  <Block>
    CodeRelocateRam-1           0x1fff0d5c   0x1f0  <Init block>
      Veneer           inited   0x1fff0d5c     0x8  - Linker created -
      Veneer           inited   0x1fff0d64     0x8  - Linker created -
      .textrw          inited   0x1fff0d6c   0x190  MK60_flash.o [1]
      .textrw          inited   0x1fff0efc    0x50  MK60_mcg.o [1]
  .bss                          0x1fff0f4c   0xb84  <Block>
    .bss               zero     0x1fff0f4c    0x20  Car.o [1]
    .bss               zero     0x1fff0f6c    0x20  Control.o [1]
    .bss               zero     0x1fff0f8c     0x4  FuzzySet_Speed.o [1]
    .bss               zero     0x1fff0f90    0x10  MK60_ftm.o [1]
    .bss               zero     0x1fff0fa0     0x4  MK60_it.o [1]
    .bss               zero     0x1fff0fa4     0x8  MK60_it.o [1]
    .bss               zero     0x1fff0fac     0x4  Motor.o [1]
    .bss               zero     0x1fff0fb0     0x8  Motor.o [1]
    .bss               zero     0x1fff0fb8     0x8  Motor.o [1]
    .bss               zero     0x1fff0fc0     0x4  Motor.o [1]
    .bss               zero     0x1fff0fc4    0x54  Steer.o [1]
    .bss               zero     0x1fff1018     0x4  Steer.o [1]
    .bss               zero     0x1fff101c     0x4  Steer.o [1]
    .bss               zero     0x1fff1020    0x28  Steer.o [1]
    .bss               zero     0x1fff1048     0x4  system_MK60DZ10.o [1]
    .bss               zero     0x1fff104c     0x4  system_MK60DZ10.o [1]
    .bss               zero     0x1fff1050     0x4  system_MK60DZ10.o [1]
    .bss               zero     0x1fff1054   0xa00  VCAN_NRF24L0.o [1]
    .bss               zero     0x1fff1a54     0x4  VCAN_NRF24L0.o [1]
    .bss               zero     0x1fff1a58     0x4  VCAN_NRF24L0.o [1]
    .bss               zero     0x1fff1a5c    0x50  xfiles.o [3]
    .bss               zero     0x1fff1aac     0x2  MK60_it.o [1]
    .bss               zero     0x1fff1aae     0x2  MK60_it.o [1]
    .bss               zero     0x1fff1ab0     0x2  MK60_it.o [1]
    .bss               zero     0x1fff1ab2     0x2  Motor.o [1]
    .bss               zero     0x1fff1ab4     0x2  Motor.o [1]
    .bss               zero     0x1fff1ab6     0x2  Steer.o [1]
    .bss               zero     0x1fff1ab8     0x2  Steer.o [1]
    .bss               zero     0x1fff1aba     0x1  Control.o [1]
    .bss               zero     0x1fff1abb     0x1  Control.o [1]
    .bss               zero     0x1fff1abc     0x1  fuzzy_pid.o [1]
    .bss               zero     0x1fff1abd     0x1  fuzzy_pid.o [1]
    .bss               zero     0x1fff1abe     0x1  Motor.o [1]
    .bss               zero     0x1fff1abf     0x1  Motor.o [1]
    .bss               zero     0x1fff1ac0     0x1  Motor.o [1]
    .bss               zero     0x1fff1ac1     0x1  Motor.o [1]
    .bss               zero     0x1fff1ac2     0x1  Motor.o [1]
    .bss               zero     0x1fff1ac3     0x1  Motor.o [1]
    .bss               zero     0x1fff1ac4     0x1  Motor.o [1]
    .bss               zero     0x1fff1ac5     0x1  Motor.o [1]
    .bss               zero     0x1fff1ac6     0x1  Steer.o [1]
    .bss               zero     0x1fff1ac7     0x1  Steer.o [1]
    .bss               zero     0x1fff1ac8     0x1  VCAN_NRF24L0.o [1]
    .bss               zero     0x1fff1ac9     0x1  VCAN_NRF24L0.o [1]
    .bss               zero     0x1fff1aca     0x1  VCAN_NRF24L0.o [1]
    .bss               zero     0x1fff1acb     0x1  VCAN_NRF24L0.o [1]
    .bss               zero     0x1fff1acc     0x1  VCAN_NRF24L0.o [1]
  P2 s0                         0x1fff1ad0    0x88  <Init block>
    __DLIB_PERTHREAD   inited   0x1fff1ad0    0x88  localeconv.o [3]
                              - 0x1fff1b58  0x1748


*******************************************************************************
*** INIT TABLE
***

          Address     Size
          -------     ----
Zero (__iar_zero_init3)
    1 destination range, total size 0xb81:
          0x1fff0f4c  0xb81



*******************************************************************************
*** MODULE SUMMARY
***

    Module                 ro code  rw code  ro data  rw data
    ------                 -------  -------  -------  -------
F:\OurCar2017\Jerry_2017_3.19\Prj\IAR\FN15_Debug\Obj: [1]
    Car.o                    1 172                81       33
    Control.o                                              34
    FuzzySet_Speed.o         2 396               162      152
    MK60_PIT.o                 172                48
    MK60_SysTick.o             100                52
    MK60_adc.o                 816                56        8
    MK60_conf.o                320             1 948    1 800
    MK60_flash.o                        400      452
    MK60_ftm.o               1 516                64       32
    MK60_gpio.o                296                68       20
    MK60_it.o                  560                         18
    MK60_mcg.o                 980       80      172       92
    MK60_port.o                176                20       20
    MK60_spi.o                 804                12       12
    MK60_uart.o                624                72       24
    MK60_wdog.o                 64
    Motor.o                  1 292                 8       44
    OLED.o                   1 848               552
    Steer.o                  1 040                12      150
    VCAN_LED.o                 112                 4        4
    VCAN_NRF24L0.o             808                16    2 589
    VCAN_computer.o             64                 4
    VCAN_key.o                 156                 8        8
    fuzzy_pid.o              2 844               213      126
    main.o                     256
    misc.o                     204                44
    startup_MK60DZ10.o           8
    system_MK60DZ10.o          304                         12
    vectors.o                                  1 040
    ---------------------------------------------------------
    Total:                  18 932      480    5 108    5 178

command line: [2]
    ---------------------------------------------------------
    Total:

dl7M_tlf.a: [3]
    div.o                       14
    exit.o                       4
    localeconv.o               108               136      136
    low_level_init.o             4
    printf.o                    36
    putchar.o                   12
    xfiles.o                                      64      144
    xprintflarge_nomb.o      3 054
    xprout.o                    22
    xtls.o                       2
    ---------------------------------------------------------
    Total:                   3 256               200      280

m7M_tlv.a: [4]
    DblAdd.o                   232
    DblCmpLe.o                  46
    DblDiv.o                   582
    DblMul.o                   418
    DblSub.o                   384
    DblToFlt.o                 144
    DblToI32.o                  88
    FltToDbl.o                  78
    I32ToDbl.o                  48
    fpinit_M.o                  34
    xdnorm.o                    66
    ---------------------------------------------------------
    Total:                   2 120

rt7M_tl.a: [5]
    ABImemcpy_unaligned.o      118
    I64DivMod.o                238
    I64DivZer.o                  2
    XXexit.o                    12
    cexit.o                     10
    cmain.o                     26
    cstartup_M.o                12
    data_init.o                 40
    memchr.o                    88
    strchr.o                    22
    strlen.o                    54
    zero_init3.o                34
    ---------------------------------------------------------
    Total:                     656

    Gaps                         8                 4        3
    Linker created              24       16       32
-------------------------------------------------------------
    Grand Total:            24 996      496    5 344    5 461


*******************************************************************************
*** ENTRY LIST
***

Entry                      Address   Size  Type      Object
-----                      -------   ----  ----      ------
.bss$$Base              0x1fff0f4c          --   Gb  - Linker created -
.bss$$Limit             0x1fff1ad0          --   Gb  - Linker created -
.data$$Base             0x1fff0410          --   Gb  - Linker created -
.data$$Limit            0x1fff0d5c          --   Gb  - Linker created -
.data_init$$Base        0x00002e80          --   Gb  - Linker created -
.data_init$$Limit       0x000037cc          --   Gb  - Linker created -
?main                   0x0000751d         Code  Gb  cmain.o [5]
ABDistance              0x1fff1aae    0x2  Data  Gb  MK60_it.o [1]
ABDistance_filter       0x1fff0fa4    0x8  Data  Gb  MK60_it.o [1]
ADCN                    0x1fff0524    0x8  Data  Gb  MK60_adc.o [1]
ADdata                  0x1fff0fc4   0x54  Data  Gb  Steer.o [1]
ASSERT_FAILED_STR       0x00007460   0x24  Data  Gb  MK60_conf.o [1]
BSP_init                0x0000515f   0x90  Code  Gb  Car.o [1]
CalSpeed                0x00004c79  0x228  Code  Gb  Motor.o [1]
CalculateCurrentError   0x00005b21   0xfe  Code  Gb  Steer.o [1]
Chao_init               0x000051ef   0x1a  Code  Gb  Car.o [1]
CodeRelocate$$Base      0x00006e18          --   Gb  - Linker created -
CodeRelocate$$Limit     0x00007008          --   Gb  - Linker created -
CodeRelocateRam$$Base   0x1fff0d5c          --   Gb  - Linker created -
CodeRelocateRam$$Limit  0x1fff0f4c          --   Gb  - Linker created -
CurrentABDistance       0x1fff1ab0    0x2  Data  Gb  MK60_it.o [1]
DFF                     0x1fff04a0   0x10  Data  Gb  FuzzySet_Speed.o [1]
DMAX                    0x00001692    0x2  Data  Gb  FuzzySet_Speed.o [1]
DMIN                    0x00001916    0x2  Data  Gb  FuzzySet_Speed.o [1]
DirectionControl        0x00005c21  0x158  Code  Gb  Steer.o [1]
DirectionPianCha        0x1fff1020   0x28  Data  Gb  Steer.o [1]
DoubleError             0x1fff101c    0x4  Data  Gb  Steer.o [1]
ECF                     0x000075f4    0x8  Data  Gb  fuzzy_pid.o [1]
ECMAXMIN                0x000074dc   0x20  Data  Gb  fuzzy_pid.o [1]
EF                      0x000075ec    0x8  Data  Gb  fuzzy_pid.o [1]
EMAXMIN                 0x000074bc   0x20  Data  Gb  fuzzy_pid.o [1]
F6x8                    0x00006bf0  0x228  Data  Gb  OLED.o [1]
FFMAX                   0x000037cc    0x2  Data  Gb  FuzzySet_Speed.o [1]
FMAX                    0x000011be    0x2  Data  Gb  fuzzy_pid.o [1]
FTMN                    0x1fff0c34   0x10  Data  Gb  MK60_ftm.o [1]
FTM_port_mux            0x00004635  0x1ac  Code  Lc  MK60_ftm.o [1]
FuzzySet_Speed          0x00002525  0x95c  Code  Gb  FuzzySet_Speed.o [1]
Fuzzy_Direction_P       0x00001a09  0xaf0  Code  Gb  fuzzy_pid.o [1]
GPIOX                   0x1fff0c44   0x14  Data  Gb  MK60_gpio.o [1]
Instraightjishu         0x1fff1ac5    0x1  Data  Gb  Motor.o [1]
KEY_PTxn                0x1fff0d00    0x8  Data  Gb  VCAN_key.o [1]
LCD_DLY_ms              0x000038d3   0x18  Code  Gb  OLED.o [1]
LCD_Fill                0x00003893   0x40  Code  Gb  OLED.o [1]
LCD_Init                0x000038eb   0xf8  Code  Gb  OLED.o [1]
LCD_P6x8Str             0x000039e3   0x7c  Code  Gb  OLED.o [1]
LCD_Set_Pos             0x0000386b   0x28  Code  Gb  OLED.o [1]
LCD_WrCmd               0x00003821   0x4a  Code  Gb  OLED.o [1]
LCD_WrDat               0x000037d1   0x4e  Code  Gb  OLED.o [1]
LED_P6x8Char            0x00003a5f   0x54  Code  Gb  OLED.o [1]
LED_PTxn                0x1fff0d08    0x4  Data  Gb  VCAN_LED.o [1]
LED_PrintValueF         0x00003bf9  0x300  Code  Gb  OLED.o [1]
LED_PrintValueFP        0x00003ac1  0x134  Code  Gb  OLED.o [1]
LoadInt                 0x00000993   0x6e  Code  Lc  xprintflarge_nomb.o [3]
LongS_to_W_flag         0x1fff1ac3    0x1  Data  Gb  Motor.o [1]
Motor_Control           0x00004ea5  0x20e  Code  Gb  Motor.o [1]
Motor_D                 0x1fff0fc0    0x4  Data  Gb  Motor.o [1]
Motor_Duty              0x1fff0fac    0x4  Data  Gb  Motor.o [1]
Motor_GetSpeed          0x00004c5b   0x1e  Code  Gb  Motor.o [1]
Motor_I                 0x1fff0cf0    0x4  Data  Gb  Motor.o [1]
Motor_P                 0x1fff0cec    0x4  Data  Gb  Motor.o [1]
Motor_SetSpeed          0x00004c21   0x3a  Code  Gb  Motor.o [1]
Motor_init              0x0000512d   0x20  Code  Gb  Car.o [1]
NRF_ISR_RX_FIFO         0x1fff1054  0xa00  Data  Gb  VCAN_NRF24L0.o [1]
NVIC_DisableIRQ         0x000069c1   0x14  Code  Lc  MK60_it.o [1]
NVIC_EnableIRQ          0x00007197   0x14  Code  Lc  main.o [1]
NVIC_SetPriority        0x000071ab   0x26  Code  Lc  main.o [1]
NVIC_SetPriorityGrouping
                        0x00007179   0x1e  Code  Lc  main.o [1]
NVIC_SystemReset        0x000040f1   0x1a  Code  Lc  MK60_conf.o [1]
Oled_Display            0x00005285  0x20e  Code  Gb  Car.o [1]
PE                      0x1fff1abd    0x1  Data  Gb  fuzzy_pid.o [1]
PEC                     0x1fff1abc    0x1  Data  Gb  fuzzy_pid.o [1]
PFF                     0x1fff0490   0x10  Data  Gb  FuzzySet_Speed.o [1]
PIT0_IRQHandler         0x000069d5   0x74  Code  Gb  MK60_it.o [1]
PMAX                    0x000012a6    0x2  Data  Gb  FuzzySet_Speed.o [1]
PMIN                    0x0000144a    0x2  Data  Gb  FuzzySet_Speed.o [1]
PORTA_IRQHandler        0x00006a49  0x108  Code  Gb  MK60_it.o [1]
PORTE_IRQHandler        0x00006b51   0x50  Code  Gb  MK60_it.o [1]
PORTX                   0x1fff0cb4   0x14  Data  Gb  MK60_port.o [1]
RX_ADDRESS              0x1fff0d14    0x8  Data  Gb  VCAN_NRF24L0.o [1]
Read_AD                 0x000059dd  0x144  Code  Gb  Steer.o [1]
Region$$Table$$Base     0x000074a8          --   Gb  - Linker created -
Region$$Table$$Limit    0x000074b8          --   Gb  - Linker created -
Reset_Handler           0x00000411         Code  Gb  startup_MK60DZ10.o [1]
SMAX                    0x0000103e    0x2  Data  Gb  fuzzy_pid.o [1]
SMIN                    0x00001076    0x2  Data  Gb  fuzzy_pid.o [1]
SPIN                    0x1fff0cc8    0xc  Data  Gb  MK60_spi.o [1]
SSMAX                   0x0000191a    0x2  Data  Gb  FuzzySet_Speed.o [1]
SSMIN                   0x00001a06    0x2  Data  Gb  FuzzySet_Speed.o [1]
Sensor_AD_init          0x00005209   0x7c  Code  Gb  Car.o [1]
Speed_err               0x1fff0fb0    0x8  Data  Gb  Motor.o [1]
Steer_D                 0x1fff0cf8    0x4  Data  Gb  Steer.o [1]
Steer_P                 0x1fff0cf4    0x4  Data  Gb  Steer.o [1]
Steer_init              0x0000514d   0x12  Code  Gb  Car.o [1]
SteeringZkb             0x1fff1ab8    0x2  Data  Gb  Steer.o [1]
Straight_flag           0x1fff1abf    0x1  Data  Gb  Motor.o [1]
TX_ADDRESS              0x1fff0d0c    0x8  Data  Gb  VCAN_NRF24L0.o [1]
TargetSpeed             0x1fff1ab4    0x2  Data  Gb  Motor.o [1]
TimeCount               0x1fff1aac    0x2  Data  Gb  MK60_it.o [1]
UARTN                   0x1fff0cd4   0x18  Data  Gb  MK60_uart.o [1]
UD                      0x1fff0458    0x4  Data  Gb  fuzzy_pid.o [1]
UD1                     0x1fff0434   0x10  Data  Gb  fuzzy_pid.o [1]
UD3                     0x1fff0444   0x10  Data  Gb  fuzzy_pid.o [1]
UFF                     0x1fff0f8c    0x4  Data  Gb  FuzzySet_Speed.o [1]
UFF3                    0x1fff04b0   0x10  Data  Gb  FuzzySet_Speed.o [1]
UP                      0x1fff0454    0x4  Data  Gb  fuzzy_pid.o [1]
UP1                     0x1fff0414   0x10  Data  Gb  fuzzy_pid.o [1]
UP2                     0x1fff0424   0x10  Data  Gb  fuzzy_pid.o [1]
_GenldLargeNoMb         0x00000d89  0x236  Code  Lc  xprintflarge_nomb.o [3]
_LdtobLargeNoMb         0x00000b09  0x27a  Code  Lc  xprintflarge_nomb.o [3]
_LitobLargeNoMb         0x00000a01  0x106  Code  Lc  xprintflarge_nomb.o [3]
_Locale_aeabi_lconv     0x1fff1b20   0x38  Data  Gb  localeconv.o [3]
_Locale_lconv           0x1fff1ad0   0x50  Data  Gb  localeconv.o [3]
_PrintfLargeNoMb        0x00000419  0x574  Code  Gb  xprintflarge_nomb.o [3]
_Prout                  0x00007559   0x16  Code  Gb  xprout.o [3]
_PutcharsLargeNoMb      0x00000fbf   0x2e  Code  Lc  xprintflarge_nomb.o [3]
__BOOT_STACK_ADDRESS {Abs}
                        0x2000fff8          --   Gb  command line/config [2]
__VECTOR_RAM {Abs}      0x1fff0000          --   Gb  command line/config [2]
__VECTOR_TABLE {Abs}    0x00000000          --   Gb  command line/config [2]
__aeabi_cdcmple         0x00001279         Code  Gb  DblCmpLe.o [4]
__aeabi_d2f             0x00005ded         Code  Gb  DblToFlt.o [4]
__aeabi_d2iz            0x00001695         Code  Gb  DblToI32.o [4]
__aeabi_d2uiz           0x000016c1         Code  Gb  DblToI32.o [4]
__aeabi_dadd            0x0000191d         Code  Gb  DblAdd.o [4]
__aeabi_ddiv            0x0000144d         Code  Gb  DblDiv.o [4]
__aeabi_dmul            0x000012a9         Code  Gb  DblMul.o [4]
__aeabi_dsub            0x0000171d         Code  Gb  DblSub.o [4]
__aeabi_f2d             0x00005e7d         Code  Gb  FltToDbl.o [4]
__aeabi_i2d             0x000016ed         Code  Gb  I32ToDbl.o [4]
__aeabi_ldiv0           0x00001919         Code  Gb  I64DivZer.o [5]
__aeabi_ui2d            0x00001701         Code  Gb  I32ToDbl.o [4]
__aeabi_uldivmod        0x000010d1         Code  Gb  I64DivMod.o [5]
__cmain                 0x0000751d         Code  Gb  cmain.o [5]
__code_start__ {Abs}    0x00000410          --   Gb  command line/config [2]
__exit                  0x0000754d         Code  Gb  XXexit.o [5]
__iar_Dnorm             0x00001237   0x42  Code  Gb  xdnorm.o [4]
__iar_Locale_lconv_init
                        0x0000189d   0x3a  Code  Gb  localeconv.o [3]
__iar_Memchr            0x00001079         Code  Gb  memchr.o [5]
__iar_Stdout            0x1fff0d1c   0x40  Data  Gb  xfiles.o [3]
__iar_Strchr            0x00001029         Code  Gb  strchr.o [5]
__iar_d2uiz             0x000016cd         Code  Gb  DblToI32.o [4]
__iar_dadd              0x00001931         Code  Gb  DblAdd.o [4]
__iar_data_init3        0x00007439   0x28  Code  Gb  data_init.o [5]
__iar_dlib_perthread_access
                        0x00001a05    0x2  Code  Gb  xtls.o [3]
__iar_dsub              0x00001731         Code  Gb  DblSub.o [4]
__iar_dsubStart         0x00001743         Code  Gb  DblSub.o [4]
__iar_init_vfp          0x00007485         Code  Gb  fpinit_M.o [4]
__iar_program_start     0x00007591         Code  Gb  cstartup_M.o [5]
__iar_ui2d              0x00001705         Code  Gb  I32ToDbl.o [4]
__iar_unaligned___aeabi_memcpy
                        0x000011c1         Code  Gb  ABImemcpy_unaligned.o [5]
__iar_unaligned___aeabi_memcpy4
                        0x000011e1         Code  Gb  ABImemcpy_unaligned.o [5]
__iar_unaligned___aeabi_memcpy8
                        0x000011e1         Code  Gb  ABImemcpy_unaligned.o [5]
__iar_zero_init3        0x00001007   0x22  Code  Gb  zero_init3.o [5]
__low_level_init        0x00007537    0x4  Code  Gb  low_level_init.o [3]
__vector_table          0x00000000  0x410  Data  Gb  vectors.o [1]
_call_main              0x00007529         Code  Gb  cmain.o [5]
_exit                   0x00007541         Code  Gb  cexit.o [5]
_main                   0x00007533         Code  Gb  cmain.o [5]
ad_ave                  0x000058cb   0x7a  Code  Gb  MK60_adc.o [1]
ad_max                  0x1fff0cfc    0x4  Data  Gb  Steer.o [1]
adc_init                0x0000566d  0x20e  Code  Gb  MK60_adc.o [1]
adc_once                0x0000587b   0x50  Code  Gb  MK60_adc.o [1]
adc_start               0x00005945   0x44  Code  Lc  MK60_adc.o [1]
assert_failed           0x0000410b   0x26  Code  Gb  MK60_conf.o [1]
bus_clk_khz             0x1fff1050    0x4  Data  Gb  system_MK60DZ10.o [1]
chaoshengboTime         0x1fff0fa0    0x4  Data  Gb  MK60_it.o [1]
common_startup          0x00007067   0x98  Code  Gb  system_MK60DZ10.o [1]
core_clk_khz            0x1fff1048    0x4  Data  Gb  system_MK60DZ10.o [1]
core_clk_mhz            0x1fff104c    0x4  Data  Gb  system_MK60DZ10.o [1]
count                   0x1fff1ac6    0x1  Data  Gb  Steer.o [1]
default_isr             0x000041df   0x30  Code  Gb  MK60_conf.o [1]
dianya                  0x1fff1018    0x4  Data  Gb  Steer.o [1]
dir_flag                0x1fff1ac7    0x1  Data  Gb  Steer.o [1]
direction_offset        0x1fff1ab6    0x2  Data  Gb  Steer.o [1]
div                     0x00001909    0xe  Code  Gb  div.o [3]
exit                    0x0000753b    0x4  Code  Gb  exit.o [3]
flash_cmd               0x1fff0d6d   0x20  Code  Gb  MK60_flash.o [1]
flash_erase_sector      0x1fff0db1   0x5c  Code  Gb  MK60_flash.o [1]
flash_init              0x1fff0d8d   0x24  Code  Gb  MK60_flash.o [1]
flash_write             0x1fff0e0d   0xb4  Code  Gb  MK60_flash.o [1]
fputc                   0x00004131   0x14  Code  Gb  MK60_conf.o [1]
ftm_mod                 0x1fff0f90   0x10  Data  Lc  MK60_ftm.o [1]
ftm_pwm_duty            0x0000498d  0x11e  Code  Gb  MK60_ftm.o [1]
ftm_pwm_init            0x000047e1  0x1ac  Code  Gb  MK60_ftm.o [1]
ftm_quad_clean          0x00004bdd   0x28  Code  Gb  MK60_ftm.o [1]
ftm_quad_get            0x00004bb1   0x2c  Code  Gb  MK60_ftm.o [1]
ftm_quad_init           0x00004aab  0x106  Code  Gb  MK60_ftm.o [1]
gpio_get                0x00003fef   0x3a  Code  Gb  MK60_gpio.o [1]
gpio_init               0x00003f09   0xae  Code  Gb  MK60_gpio.o [1]
gpio_turn               0x00003fb7   0x38  Code  Gb  MK60_gpio.o [1]
host_flag               0x1fff1aba    0x1  Data  Gb  Control.o [1]
key_check               0x00004605   0x2a  Code  Gb  VCAN_key.o [1]
key_get                 0x000045eb   0x1a  Code  Gb  VCAN_key.o [1]
key_init                0x00004599   0x52  Code  Gb  VCAN_key.o [1]
led_init                0x00004231   0x3a  Code  Gb  VCAN_LED.o [1]
led_turn                0x0000426b   0x32  Code  Gb  VCAN_LED.o [1]
localeconv              0x000018d7   0x16  Code  Gb  localeconv.o [3]
longStraight_flag       0x1fff1ac2    0x1  Data  Gb  Motor.o [1]
main                    0x000071d1   0x84  Code  Gb  main.o [1]
mcg_cfg                 0x1fff0c58   0x58  Data  Gb  MK60_mcg.o [1]
mcg_div                 0x1fff0cb0    0x4  Data  Gb  MK60_mcg.o [1]
mcg_div_count           0x00005ed5  0x306  Code  Gb  MK60_mcg.o [1]
memchr                  0x00001079         Code  Gb  memchr.o [5]
nrf_handler             0x000064a7   0xfc  Code  Gb  VCAN_NRF24L0.o [1]
nrf_irq_tx_addr         0x1fff1a54    0x4  Data  Gb  VCAN_NRF24L0.o [1]
nrf_irq_tx_flag         0x1fff1acc    0x1  Data  Gb  VCAN_NRF24L0.o [1]
nrf_irq_tx_pnum         0x1fff1a58    0x4  Data  Gb  VCAN_NRF24L0.o [1]
nrf_mode                0x1fff1ac8    0x1  Data  Gb  VCAN_NRF24L0.o [1]
nrf_readbuf             0x0000631f   0x28  Code  Lc  VCAN_NRF24L0.o [1]
nrf_readreg             0x000062cf   0x28  Code  Lc  VCAN_NRF24L0.o [1]
nrf_rx                  0x000063dd   0xca  Code  Gb  VCAN_NRF24L0.o [1]
nrf_rx_flag             0x1fff1acb    0x1  Data  Gb  VCAN_NRF24L0.o [1]
nrf_rx_front            0x1fff1ac9    0x1  Data  Gb  VCAN_NRF24L0.o [1]
nrf_rx_mode             0x00006347   0x50  Code  Gb  VCAN_NRF24L0.o [1]
nrf_rx_rear             0x1fff1aca    0x1  Data  Gb  VCAN_NRF24L0.o [1]
nrf_tx_mode             0x00006397   0x46  Code  Lc  VCAN_NRF24L0.o [1]
nrf_writebuf            0x000062f7   0x28  Code  Lc  VCAN_NRF24L0.o [1]
nrf_writereg            0x000062a9   0x26  Code  Lc  VCAN_NRF24L0.o [1]
obuf                    0x1fff1a5c   0x50  Data  Lc  xfiles.o [3]
page                    0x1fff0410    0x1  Data  Gb  Car.o [1]
pit1Init                0x000055c1   0x28  Code  Gb  MK60_PIT.o [1]
pit_init                0x000055e9   0x6c  Code  Gb  MK60_PIT.o [1]
pll_init                0x000061db   0xb2  Code  Gb  MK60_mcg.o [1]
port_init               0x00004031   0x44  Code  Gb  MK60_port.o [1]
port_init_NoALT         0x00004075   0x62  Code  Gb  MK60_port.o [1]
printf                  0x000042a1   0x24  Code  Gb  printf.o [3]
putchar                 0x00007571    0xc  Code  Gb  putchar.o [3]
realSpeed               0x1fff1ab2    0x2  Data  Gb  Motor.o [1]
rule                    0x1fff04c0   0x64  Data  Gb  FuzzySet_Speed.o [1]
ruleP                   0x1fff045c   0x34  Data  Gb  fuzzy_pid.o [1]
ruwan_flag              0x1fff1ac0    0x1  Data  Gb  Motor.o [1]
rx_nrf_flag             0x1fff1abb    0x1  Data  Gb  Control.o [1]
rxbuf                   0x1fff0f6c   0x20  Data  Gb  Control.o [1]
send_data               0x00005495   0xa6  Code  Gb  Car.o [1]
set_sys_dividers        0x1fff0efd   0x50  Code  Gb  MK60_mcg.o [1]
set_vector_handler      0x00006917   0x22  Code  Gb  misc.o [1]
speed_filter_error      0x1fff0fb8    0x8  Data  Gb  Motor.o [1]
spi_mosi                0x000065d1  0x110  Code  Gb  MK60_spi.o [1]
spi_mosi_cmd            0x000066e1  0x20c  Code  Gb  MK60_spi.o [1]
start                   0x00007009   0x22  Code  Gb  system_MK60DZ10.o [1]
start_check             0x00004145   0x9a  Code  Gb  MK60_conf.o [1]
stop                    0x1fff1ac4    0x1  Data  Gb  Motor.o [1]
strchr                  0x00001029         Code  Gb  strchr.o [5]
strlen                  0x00001041         Code  Gb  strlen.o [5]
sysinit                 0x0000702b   0x3c  Code  Gb  system_MK60DZ10.o [1]
systick_delay           0x000042c5   0x36  Code  Gb  MK60_SysTick.o [1]
systick_delay_ms        0x000042fb   0x18  Code  Gb  MK60_SysTick.o [1]
uart_init               0x00004329  0x218  Code  Gb  MK60_uart.o [1]
uart_putbuff            0x0000455b   0x24  Code  Gb  MK60_uart.o [1]
uart_putchar            0x00004541   0x1a  Code  Gb  MK60_uart.o [1]
var                     0x1fff0f4c   0x20  Data  Gb  Car.o [1]
vcan_cpy                0x00006945   0x7c  Code  Gb  misc.o [1]
vcan_sendware           0x0000599d   0x38  Code  Gb  VCAN_computer.o [1]
vector_str              0x1fff052c  0x708  Data  Gb  MK60_conf.o [1]
wandao_flag             0x1fff1ac1    0x1  Data  Gb  Motor.o [1]
wdog_disable            0x00007139   0x16  Code  Gb  MK60_wdog.o [1]
wdog_unlock             0x0000714f   0x20  Code  Lc  MK60_wdog.o [1]
write_vtor              0x000068f5   0x22  Code  Gb  misc.o [1]
zhidao_num              0x1fff1abe    0x1  Data  Gb  Motor.o [1]


[1] = F:\OurCar2017\Jerry_2017_3.19\Prj\IAR\FN15_Debug\Obj
[2] = command line
[3] = dl7M_tlf.a
[4] = m7M_tlv.a
[5] = rt7M_tl.a

  24 996 bytes of readonly  code memory
     496 bytes of readwrite code memory
   5 344 bytes of readonly  data memory
   5 461 bytes of readwrite data memory

Errors: none
Warnings: none
