###############################################################################
#
# IAR ELF Linker V7.30.1.7746/W32 for ARM                 18/Jan/2017  17:24:18
# Copyright 2007-2014 IAR Systems AB.
#
#    Output file  =  
#        F:\OurCar2017\car1.5\Prj\IAR\DZ10_Release\Exe\vcan_Kinetis.out
#    Map file     =  
#        F:\OurCar2017\car1.5\Prj\IAR\DZ10_Release\List\vcan_Kinetis.map
#    Command line =  
#        F:\OurCar2017\car1.5\Prj\IAR\DZ10_Release\Obj\Car.o
#        F:\OurCar2017\car1.5\Prj\IAR\DZ10_Release\Obj\Control.o
#        F:\OurCar2017\car1.5\Prj\IAR\DZ10_Release\Obj\diskio.o
#        F:\OurCar2017\car1.5\Prj\IAR\DZ10_Release\Obj\ff.o
#        F:\OurCar2017\car1.5\Prj\IAR\DZ10_Release\Obj\main.o
#        F:\OurCar2017\car1.5\Prj\IAR\DZ10_Release\Obj\misc.o
#        F:\OurCar2017\car1.5\Prj\IAR\DZ10_Release\Obj\MK60_adc.o
#        F:\OurCar2017\car1.5\Prj\IAR\DZ10_Release\Obj\MK60_can.o
#        F:\OurCar2017\car1.5\Prj\IAR\DZ10_Release\Obj\MK60_conf.o
#        F:\OurCar2017\car1.5\Prj\IAR\DZ10_Release\Obj\MK60_dac.o
#        F:\OurCar2017\car1.5\Prj\IAR\DZ10_Release\Obj\MK60_dma.o
#        F:\OurCar2017\car1.5\Prj\IAR\DZ10_Release\Obj\MK60_DWT.o
#        F:\OurCar2017\car1.5\Prj\IAR\DZ10_Release\Obj\MK60_flash.o
#        F:\OurCar2017\car1.5\Prj\IAR\DZ10_Release\Obj\MK60_flexbus.o
#        F:\OurCar2017\car1.5\Prj\IAR\DZ10_Release\Obj\MK60_ftm.o
#        F:\OurCar2017\car1.5\Prj\IAR\DZ10_Release\Obj\MK60_gpio.o
#        F:\OurCar2017\car1.5\Prj\IAR\DZ10_Release\Obj\MK60_i2c.o
#        F:\OurCar2017\car1.5\Prj\IAR\DZ10_Release\Obj\MK60_it.o
#        F:\OurCar2017\car1.5\Prj\IAR\DZ10_Release\Obj\MK60_lptmr.o
#        F:\OurCar2017\car1.5\Prj\IAR\DZ10_Release\Obj\MK60_mcg.o
#        F:\OurCar2017\car1.5\Prj\IAR\DZ10_Release\Obj\MK60_PIT.o
#        F:\OurCar2017\car1.5\Prj\IAR\DZ10_Release\Obj\MK60_port.o
#        F:\OurCar2017\car1.5\Prj\IAR\DZ10_Release\Obj\MK60_rtc.o
#        F:\OurCar2017\car1.5\Prj\IAR\DZ10_Release\Obj\MK60_sdhc.o
#        F:\OurCar2017\car1.5\Prj\IAR\DZ10_Release\Obj\MK60_spi.o
#        F:\OurCar2017\car1.5\Prj\IAR\DZ10_Release\Obj\MK60_SysTick.o
#        F:\OurCar2017\car1.5\Prj\IAR\DZ10_Release\Obj\MK60_uart.o
#        F:\OurCar2017\car1.5\Prj\IAR\DZ10_Release\Obj\MK60_usb.o
#        F:\OurCar2017\car1.5\Prj\IAR\DZ10_Release\Obj\MK60_wdog.o
#        F:\OurCar2017\car1.5\Prj\IAR\DZ10_Release\Obj\Motor.o
#        F:\OurCar2017\car1.5\Prj\IAR\DZ10_Release\Obj\OLED.o
#        F:\OurCar2017\car1.5\Prj\IAR\DZ10_Release\Obj\startup_MK60DZ10.o
#        F:\OurCar2017\car1.5\Prj\IAR\DZ10_Release\Obj\Steer.o
#        F:\OurCar2017\car1.5\Prj\IAR\DZ10_Release\Obj\system_MK60DZ10.o
#        F:\OurCar2017\car1.5\Prj\IAR\DZ10_Release\Obj\USB.o
#        F:\OurCar2017\car1.5\Prj\IAR\DZ10_Release\Obj\USB_CDC.o
#        F:\OurCar2017\car1.5\Prj\IAR\DZ10_Release\Obj\VCAN_ASCII.o
#        F:\OurCar2017\car1.5\Prj\IAR\DZ10_Release\Obj\VCAN_computer.o
#        F:\OurCar2017\car1.5\Prj\IAR\DZ10_Release\Obj\VCAN_key.o
#        F:\OurCar2017\car1.5\Prj\IAR\DZ10_Release\Obj\VCAN_LED.o
#        F:\OurCar2017\car1.5\Prj\IAR\DZ10_Release\Obj\VCAN_MMA7455.o
#        F:\OurCar2017\car1.5\Prj\IAR\DZ10_Release\Obj\VCAN_NRF24L0.o
#        F:\OurCar2017\car1.5\Prj\IAR\DZ10_Release\Obj\VCAN_RTC_count.o
#        F:\OurCar2017\car1.5\Prj\IAR\DZ10_Release\Obj\VCAN_SCCB.o
#        F:\OurCar2017\car1.5\Prj\IAR\DZ10_Release\Obj\vectors.o --redirect
#        _Printf=_PrintfLargeNoMb --redirect _Scanf=_ScanfLargeNoMb -o
#        F:\OurCar2017\car1.5\Prj\IAR\DZ10_Release\Exe\vcan_Kinetis.out --map
#        F:\OurCar2017\car1.5\Prj\IAR\DZ10_Release\List\vcan_Kinetis.map
#        --config "F:\OurCar2017\car1.5\Prj\IAR\config
#        files\vcan_ROM_K60N512.icf"
#        F:\OurCar2017\car1.5\Prj\IAR\..\..\Lib\CMSIS\iar_cortexM4l_math.a
#        --entry __iar_program_start --redirect __write=__write_buffered
#        --inline --vfe
#
###############################################################################

*******************************************************************************
*** RUNTIME MODEL ATTRIBUTES
***

CppFlavor       = *
__SystemLibrary = DLib


*******************************************************************************
*** PLACEMENT SUMMARY
***

"A1":  place at 0x00000000 { ro section .intvec };
"A2":  place at 0x00000410 { ro section .noinit };
"P1":  place in [from 0x00000000 to 0x00080000] { ro, block CodeRelocate };
"P2":  place in [from 0x1fff0410 to 0x20010000] {
          rw, block CodeRelocateRam, block CSTACK, block HEAP };

  Section              Kind        Address    Size  Object
  -------              ----        -------    ----  ------
"A1":                                        0x410
  .intvec              const    0x00000000   0x410  vectors.o [1]
                              - 0x00000410   0x410

"P1", part 1 of 2:                             0x0
  .rodata              const    0x00000410     0x0  zero_init3.o [5]

"A2":                                          0x8
  .noinit              ro code  0x00000410     0x8  startup_MK60DZ10.o [1]
                              - 0x00000418     0x8

"P1", part 2 of 2:                          0x27d4
  .text                ro code  0x00000418   0x7c4  OLED.o [1]
  .text                ro code  0x00000bdc    0x60  MK60_gpio.o [1]
  .text                ro code  0x00000c3c    0x44  FltToS32.o [4]
  .text                ro code  0x00000c80    0x32  I32ToFlt.o [4]
  .text                ro code  0x00000cb2    0x22  zero_init3.o [5]
  .text                ro code  0x00000cd4    0xe6  FltSub.o [4]
  .text                ro code  0x00000dbc    0xd8  FltMul.o [4]
  .text                ro code  0x00000e94    0x24  FltCmpLe.o [4]
  .text                ro code  0x00000eb8    0x74  MK60_port.o [1]
  .text                ro code  0x00000f2c    0x74  FltAdd.o [4]
  .text                ro code  0x00000fa0   0x508  VCAN_NRF24L0.o [1]
  .text                ro code  0x000014a8   0x438  MK60_spi.o [1]
  .text                ro code  0x000018e0    0x78  misc.o [1]
  .text                ro code  0x00001958    0x76  ABImemcpy_unaligned.o [5]
  .text                ro code  0x000019d0   0x1e8  MK60_ftm.o [1]
  Veneer               ro code  0x00001bb8     0x8  - Linker created -
  .text                ro code  0x00001bc0   0x1ac  MK60_mcg.o [1]
  .text                ro code  0x00001d6c   0x1a2  DblMul.o [4]
  .text                ro code  0x00001f10   0x174  Car.o [1]
  .text                ro code  0x00002084    0x64  MK60_PIT.o [1]
  .text                ro code  0x000020e8    0xf0  MK60_adc.o [1]
  .text                ro code  0x000021d8   0x16c  DblSub.o [4]
  .text                ro code  0x00002344   0x164  MK60_it.o [1]
  .text                ro code  0x000024a8    0x1c  Motor.o [1]
  .text                ro code  0x000024c4    0x1c  I32ToDbl.o [4]
  .text                ro code  0x000024e0    0xe8  DblAdd.o [4]
  .text                ro code  0x000025c8    0x4c  DblToI32.o [4]
  .text                ro code  0x00002614   0x158  MK60_uart.o [1]
  .text                ro code  0x0000276c   0x114  main.o [1]
  .text                ro code  0x00002880    0x5e  Control.o [1]
  .data_init                    0x000028e0    0xf0  <Block>
    Initializer bytes  ro data  0x000028e0    0xf0  <for .data-1>
  .text                ro code  0x000029d0    0xcc  system_MK60DZ10.o [1]
  .text                ro code  0x00002a9c    0x2c  MK60_wdog.o [1]
  .text                ro code  0x00002ac8     0x6  ABImemclr.o [5]
  .text                ro code  0x00002ad0    0x5e  ABImemset.o [5]
  CodeRelocate                  0x00002b30    0x3c  <Block>
    Initializer bytes  ro data  0x00002b30    0x3c  <for CodeRelocateRam-1>
  .text                ro code  0x00002b6c    0x28  data_init.o [5]
  .iar.init_table      const    0x00002b94    0x10  - Linker created -
  .text                ro code  0x00002ba4    0x1a  cmain.o [5]
  .text                ro code  0x00002bbe     0x4  exit.o [3]
  .text                ro code  0x00002bc4     0xa  cexit.o [5]
  .text                ro code  0x00002bd0     0xc  XXexit.o [5]
  .text                ro code  0x00002bdc     0xc  cstartup_M.o [5]
  .text                ro code  0x00002be8     0x4  MK60_conf.o [1]
                              - 0x00002bec  0x27d4

"P2":                                        0xb70
  .data                         0x1fff0410    0xf0  <Block>
    .data-1                     0x1fff0410    0xf0  <Init block>
      .data            inited   0x1fff0410    0x21  Control.o [1]
      .data            inited   0x1fff0434    0x18  MK60_ftm.o [1]
      .data            inited   0x1fff044c    0x14  MK60_gpio.o [1]
      .data            inited   0x1fff0460    0x44  MK60_mcg.o [1]
      .data            inited   0x1fff04a4     0x4  MK60_mcg.o [1]
      .data            inited   0x1fff04a8    0x14  MK60_port.o [1]
      .data            inited   0x1fff04bc     0xc  MK60_spi.o [1]
      .data            inited   0x1fff04c8    0x18  MK60_uart.o [1]
      .data            inited   0x1fff04e0    0x20  VCAN_NRF24L0.o [1]
  CodeRelocateRam               0x1fff0500    0x3c  <Block>
    CodeRelocateRam-1           0x1fff0500    0x3c  <Init block>
      .textrw          inited   0x1fff0500    0x3c  MK60_mcg.o [1]
  .bss                          0x1fff053c   0xa44  <Block>
    .bss               zero     0x1fff053c    0x20  Control.o [1]
    .bss               zero     0x1fff055c    0x10  MK60_it.o [1]
    .bss               zero     0x1fff056c     0xc  system_MK60DZ10.o [1]
    .bss               zero     0x1fff0578   0xa00  VCAN_NRF24L0.o [1]
    .bss               zero     0x1fff0f78     0x2  MK60_it.o [1]
    .bss               zero     0x1fff0f7a     0x2  Motor.o [1]
    .bss               zero     0x1fff0f7c     0x1  Control.o [1]
                              - 0x1fff0f80   0xb70


*******************************************************************************
*** INIT TABLE
***

          Address     Size
          -------     ----
Zero (__iar_zero_init3)
    1 destination range, total size 0xa41:
          0x1fff053c  0xa41



*******************************************************************************
*** MODULE SUMMARY
***

    Module                 ro code  rw code  ro data  rw data
    ------                 -------  -------  -------  -------
F:\OurCar2017\car1.5\Prj\IAR\DZ10_Release\Obj: [1]
    Car.o                      372
    Control.o                   94                33       66
    MK60_PIT.o                 100
    MK60_adc.o                 240
    MK60_conf.o                  4
    MK60_ftm.o                 488                27       24
    MK60_gpio.o                 96                20       20
    MK60_it.o                  356                         18
    MK60_mcg.o                 428       60      132       72
    MK60_port.o                116                20       20
    MK60_spi.o               1 080                12       12
    MK60_uart.o                344                24       24
    MK60_wdog.o                 44
    Motor.o                     28                          2
    OLED.o                   1 988
    VCAN_NRF24L0.o           1 288                32    2 592
    main.o                     276
    misc.o                     120
    startup_MK60DZ10.o           8
    system_MK60DZ10.o          204                         12
    vectors.o                                  1 040
    ---------------------------------------------------------
    Total:                   7 674       60    1 340    2 862

command line: [2]
    ---------------------------------------------------------
    Total:

dl7M_tlf.a: [3]
    exit.o                       4
    ---------------------------------------------------------
    Total:                       4

m7M_tl.a: [4]
    DblAdd.o                   232
    DblMul.o                   418
    DblSub.o                   364
    DblToI32.o                  76
    FltAdd.o                   116
    FltCmpLe.o                  36
    FltMul.o                   216
    FltSub.o                   230
    FltToS32.o                  68
    I32ToDbl.o                  28
    I32ToFlt.o                  50
    ---------------------------------------------------------
    Total:                   1 834

rt7M_tl.a: [5]
    ABImemclr.o                  6
    ABImemcpy_unaligned.o      118
    ABImemset.o                 94
    XXexit.o                    12
    cexit.o                     10
    cmain.o                     26
    cstartup_M.o                12
    data_init.o                 40
    zero_init3.o                34
    ---------------------------------------------------------
    Total:                     352

    Gaps                        12                          3
    Linker created               8                16
-------------------------------------------------------------
    Grand Total:             9 884       60    1 356    2 865


*******************************************************************************
*** ENTRY LIST
***

Entry                      Address   Size  Type      Object
-----                      -------   ----  ----      ------
.bss$$Base              0x1fff053c          --   Gb  - Linker created -
.bss$$Limit             0x1fff0f80          --   Gb  - Linker created -
.data$$Base             0x1fff0410          --   Gb  - Linker created -
.data$$Limit            0x1fff0500          --   Gb  - Linker created -
.data_init$$Base        0x000028e0          --   Gb  - Linker created -
.data_init$$Limit       0x000029d0          --   Gb  - Linker created -
?main                   0x00002ba5         Code  Gb  cmain.o [5]
ABDistance              0x1fff0564    0x2  Data  Gb  MK60_it.o [1]
ABDistance_filter       0x1fff055c    0x8  Data  Gb  MK60_it.o [1]
BSP_init                0x00001f1f   0x92  Code  Gb  Car.o [1]
Chao_init               0x00001fb1   0x1c  Code  Gb  Car.o [1]
CodeRelocate$$Base      0x00002b30          --   Gb  - Linker created -
CodeRelocate$$Limit     0x00002b6c          --   Gb  - Linker created -
CodeRelocateRam$$Base   0x1fff0500          --   Gb  - Linker created -
CodeRelocateRam$$Limit  0x1fff053c          --   Gb  - Linker created -
CurrentABDistance       0x1fff0566    0x2  Data  Gb  MK60_it.o [1]
F6x8                    0x000009b4  0x228  Data  Gb  OLED.o [1]
FTMN                    0x1fff0434    0xc  Data  Gb  MK60_ftm.o [1]
FTM_port_mux            0x000019d1   0xac  Code  Lc  MK60_ftm.o [1]
GPIOX                   0x1fff044c   0x14  Data  Gb  MK60_gpio.o [1]
LCD_Fill                0x00000483   0x30  Code  Gb  OLED.o [1]
LCD_Init                0x000004b3   0xf8  Code  Gb  OLED.o [1]
LCD_WrCmd               0x00000451   0x32  Code  Gb  OLED.o [1]
LCD_WrDat               0x00000419   0x38  Code  Gb  OLED.o [1]
LED_P6x8Char            0x000005ab   0x60  Code  Gb  OLED.o [1]
LED_PrintValueF         0x0000074f  0x252  Code  Gb  OLED.o [1]
LED_PrintValueFP        0x0000060b  0x144  Code  Gb  OLED.o [1]
Motor_GetSpeed          0x000024a9   0x1c  Code  Gb  Motor.o [1]
NRF_ISR_RX_FIFO         0x1fff0578  0xa00  Data  Gb  VCAN_NRF24L0.o [1]
Oled_Display            0x00002003   0x78  Code  Gb  Car.o [1]
PIT0_IRQHandler         0x00002345   0x2a  Code  Gb  MK60_it.o [1]
PORTA_IRQHandler        0x0000236f   0xc4  Code  Gb  MK60_it.o [1]
PORTE_IRQHandler        0x00002433   0x3e  Code  Gb  MK60_it.o [1]
PORTX                   0x1fff04a8   0x14  Data  Gb  MK60_port.o [1]
RX_ADDRESS              0x1fff04f8    0x8  Data  Gb  VCAN_NRF24L0.o [1]
Region$$Table$$Base     0x00002b94          --   Gb  - Linker created -
Region$$Table$$Limit    0x00002ba4          --   Gb  - Linker created -
Reset_Handler           0x00000411         Code  Gb  startup_MK60DZ10.o [1]
SPIN                    0x1fff04bc    0xc  Data  Gb  MK60_spi.o [1]
Sensor_AD_init          0x00001fcd   0x36  Code  Gb  Car.o [1]
Steer_init              0x00001f11    0xe  Code  Gb  Car.o [1]
TX_ADDRESS              0x1fff04f0    0x8  Data  Gb  VCAN_NRF24L0.o [1]
TimeCount               0x1fff0f78    0x2  Data  Gb  MK60_it.o [1]
UARTN                   0x1fff04c8   0x18  Data  Gb  MK60_uart.o [1]
__BOOT_STACK_ADDRESS {Abs}
                        0x2000fff8          --   Gb  command line/config [2]
__VECTOR_RAM {Abs}      0x1fff0000          --   Gb  command line/config [2]
__VECTOR_TABLE {Abs}    0x00000000          --   Gb  command line/config [2]
__aeabi_cfcmple         0x00000e95         Code  Gb  FltCmpLe.o [4]
__aeabi_d2iz            0x000025c9         Code  Gb  DblToI32.o [4]
__aeabi_dadd            0x000024e1         Code  Gb  DblAdd.o [4]
__aeabi_dmul            0x00001d6d         Code  Gb  DblMul.o [4]
__aeabi_f2iz            0x00000c3d         Code  Gb  FltToS32.o [4]
__aeabi_fmul            0x00000dbd         Code  Gb  FltMul.o [4]
__aeabi_fsub            0x00000cd5         Code  Gb  FltSub.o [4]
__aeabi_i2f             0x00000c81         Code  Gb  I32ToFlt.o [4]
__aeabi_memclr          0x00002ac9         Code  Gb  ABImemclr.o [5]
__aeabi_ui2d            0x000024c5         Code  Gb  I32ToDbl.o [4]
__aeabi_ui2f            0x00000c95         Code  Gb  I32ToFlt.o [4]
__cmain                 0x00002ba5         Code  Gb  cmain.o [5]
__code_start__ {Abs}    0x00000410          --   Gb  command line/config [2]
__exit                  0x00002bd1         Code  Gb  XXexit.o [5]
__iar_Memset_word       0x00002ad1         Code  Gb  ABImemset.o [5]
__iar_d2uiz             0x000025f5         Code  Gb  DblToI32.o [4]
__iar_dadd              0x000024f5         Code  Gb  DblAdd.o [4]
__iar_data_init3        0x00002b6d   0x28  Code  Gb  data_init.o [5]
__iar_dsub              0x000021d9         Code  Gb  DblSub.o [4]
__iar_dsubStart         0x000021eb         Code  Gb  DblSub.o [4]
__iar_fadd              0x00000f2d         Code  Gb  FltAdd.o [4]
__iar_fsub              0x00000ce5         Code  Gb  FltSub.o [4]
__iar_fsubStart         0x00000cf5         Code  Gb  FltSub.o [4]
__iar_program_start     0x00002bdd         Code  Gb  cstartup_M.o [5]
__iar_ui2d              0x000024c9         Code  Gb  I32ToDbl.o [4]
__iar_ui2f              0x00000c99         Code  Gb  I32ToFlt.o [4]
__iar_unaligned___aeabi_memcpy
                        0x00001959         Code  Gb  ABImemcpy_unaligned.o [5]
__iar_unaligned___aeabi_memcpy4
                        0x00001979         Code  Gb  ABImemcpy_unaligned.o [5]
__iar_unaligned___aeabi_memcpy8
                        0x00001979         Code  Gb  ABImemcpy_unaligned.o [5]
__iar_zero_init3        0x00000cb3   0x22  Code  Gb  zero_init3.o [5]
__vector_table          0x00000000  0x410  Data  Gb  vectors.o [1]
_call_main              0x00002bb1         Code  Gb  cmain.o [5]
_exit                   0x00002bc5         Code  Gb  cexit.o [5]
_main                   0x00002bbb         Code  Gb  cmain.o [5]
adc_init                0x000020e9   0xea  Code  Gb  MK60_adc.o [1]
bus_clk_khz             0x1fff0574    0x4  Data  Gb  system_MK60DZ10.o [1]
chaoshengboTime         0x1fff0568    0x4  Data  Gb  MK60_it.o [1]
common_startup          0x00002a23   0x48  Code  Gb  system_MK60DZ10.o [1]
core_clk_khz            0x1fff056c    0x4  Data  Gb  system_MK60DZ10.o [1]
core_clk_mhz            0x1fff0570    0x4  Data  Gb  system_MK60DZ10.o [1]
default_isr             0x00002be9    0x2  Code  Gb  MK60_conf.o [1]
exit                    0x00002bbf    0x4  Code  Gb  exit.o [3]
ftm_mod                 0x1fff0440    0xc  Data  Lc  MK60_ftm.o [1]
ftm_pwm_init            0x00001a7d   0x8c  Code  Gb  MK60_ftm.o [1]
ftm_quad_clean          0x00001b9b    0x2  Code  Gb  MK60_ftm.o [1]
ftm_quad_get            0x00001b8f    0xc  Code  Gb  MK60_ftm.o [1]
ftm_quad_init           0x00001b09   0x86  Code  Gb  MK60_ftm.o [1]
gpio_get                0x00000c1f   0x18  Code  Gb  MK60_gpio.o [1]
gpio_init               0x00000bdd   0x42  Code  Gb  MK60_gpio.o [1]
host_flag               0x1fff0430    0x1  Data  Gb  Control.o [1]
main                    0x0000276d  0x114  Code  Gb  main.o [1]
mcg_cfg                 0x1fff0460   0x44  Data  Gb  MK60_mcg.o [1]
mcg_div                 0x1fff04a4    0x4  Data  Gb  MK60_mcg.o [1]
mcg_div_count           0x00001bc1  0x122  Code  Gb  MK60_mcg.o [1]
nrf_handler             0x00001373  0x11a  Code  Gb  VCAN_NRF24L0.o [1]
nrf_init                0x00000fa1   0xa8  Code  Gb  VCAN_NRF24L0.o [1]
nrf_irq_tx_addr         0x1fff04e8    0x4  Data  Gb  VCAN_NRF24L0.o [1]
nrf_irq_tx_flag         0x1fff04e4    0x1  Data  Gb  VCAN_NRF24L0.o [1]
nrf_irq_tx_pnum         0x1fff04ec    0x4  Data  Gb  VCAN_NRF24L0.o [1]
nrf_link_check          0x00001091   0x86  Code  Gb  VCAN_NRF24L0.o [1]
nrf_mode                0x1fff04e0    0x1  Data  Gb  VCAN_NRF24L0.o [1]
nrf_rx                  0x00001275   0x9e  Code  Gb  VCAN_NRF24L0.o [1]
nrf_rx_flag             0x1fff04e3    0x1  Data  Gb  VCAN_NRF24L0.o [1]
nrf_rx_front            0x1fff04e1    0x1  Data  Gb  VCAN_NRF24L0.o [1]
nrf_rx_mode             0x00001117   0xd0  Code  Gb  VCAN_NRF24L0.o [1]
nrf_rx_rear             0x1fff04e2    0x1  Data  Gb  VCAN_NRF24L0.o [1]
nrf_tx                  0x00001313   0x42  Code  Gb  VCAN_NRF24L0.o [1]
nrf_tx_mode             0x000011e7   0x8e  Code  Lc  VCAN_NRF24L0.o [1]
nrf_tx_state            0x00001355   0x1e  Code  Gb  VCAN_NRF24L0.o [1]
nrf_writebuf            0x0000106d   0x24  Code  Lc  VCAN_NRF24L0.o [1]
nrf_writereg            0x00001049   0x24  Code  Lc  VCAN_NRF24L0.o [1]
nrftxbuf                0x00002881   0x54  Code  Gb  Control.o [1]
pit1Init                0x00002085   0x1a  Code  Gb  MK60_PIT.o [1]
pit_init                0x0000209f   0x30  Code  Gb  MK60_PIT.o [1]
pll_init                0x00001ce3   0x7c  Code  Gb  MK60_mcg.o [1]
port_init               0x00000eb9   0x2c  Code  Gb  MK60_port.o [1]
port_init_NoALT         0x00000ee5   0x38  Code  Gb  MK60_port.o [1]
rx_Calculate            0x000028dd    0x2  Code  Gb  Control.o [1]
rx_nrf_flag             0x1fff0f7c    0x1  Data  Gb  Control.o [1]
rxbuf                   0x1fff053c   0x20  Data  Gb  Control.o [1]
set_sys_dividers        0x1fff0501   0x3c  Code  Gb  MK60_mcg.o [1]
set_vector_handler      0x000018e7    0x8  Code  Gb  misc.o [1]
speed                   0x1fff0f7a    0x2  Data  Gb  Motor.o [1]
spi_init                0x000014a9  0x262  Code  Gb  MK60_spi.o [1]
spi_mosi                0x0000170b   0x94  Code  Gb  MK60_spi.o [1]
spi_mosi_cmd            0x000017b5   0xd6  Code  Gb  MK60_spi.o [1]
start                   0x000029d1   0x1e  Code  Gb  system_MK60DZ10.o [1]
sysinit                 0x000029ef   0x34  Code  Gb  system_MK60DZ10.o [1]
txbuf                   0x1fff0410   0x20  Data  Gb  Control.o [1]
uart_init               0x00002615  0x148  Code  Gb  MK60_uart.o [1]
vcan_cpy                0x000018f9   0x60  Code  Gb  misc.o [1]
wdog_disable            0x00002a9d   0x26  Code  Gb  MK60_wdog.o [1]
write_vtor              0x000018e1    0x6  Code  Gb  misc.o [1]


[1] = F:\OurCar2017\car1.5\Prj\IAR\DZ10_Release\Obj
[2] = command line
[3] = dl7M_tlf.a
[4] = m7M_tl.a
[5] = rt7M_tl.a

  9 884 bytes of readonly  code memory
     60 bytes of readwrite code memory
  1 356 bytes of readonly  data memory
  2 865 bytes of readwrite data memory

Errors: none
Warnings: none
