###############################################################################
#
# IAR ELF Linker V7.30.1.7746/W32 for ARM                 24/Jun/2017  20:07:38
# Copyright 2007-2014 IAR Systems AB.
#
#    Output file  =  
#        F:\Github\JERRY\Jerry_2017_4_14\Prj\IAR\DZ10_Debug\Exe\vcan_Kinetis.out
#    Map file     =  
#        F:\Github\JERRY\Jerry_2017_4_14\Prj\IAR\DZ10_Debug\List\vcan_Kinetis.map
#    Command line =  
#        F:\Github\JERRY\Jerry_2017_4_14\Prj\IAR\DZ10_Debug\Obj\Car.o
#        F:\Github\JERRY\Jerry_2017_4_14\Prj\IAR\DZ10_Debug\Obj\Control.o
#        F:\Github\JERRY\Jerry_2017_4_14\Prj\IAR\DZ10_Debug\Obj\diskio.o
#        F:\Github\JERRY\Jerry_2017_4_14\Prj\IAR\DZ10_Debug\Obj\ff.o
#        F:\Github\JERRY\Jerry_2017_4_14\Prj\IAR\DZ10_Debug\Obj\fuzzy_pid2.o
#        F:\Github\JERRY\Jerry_2017_4_14\Prj\IAR\DZ10_Debug\Obj\main.o
#        F:\Github\JERRY\Jerry_2017_4_14\Prj\IAR\DZ10_Debug\Obj\misc.o
#        F:\Github\JERRY\Jerry_2017_4_14\Prj\IAR\DZ10_Debug\Obj\MK60_adc.o
#        F:\Github\JERRY\Jerry_2017_4_14\Prj\IAR\DZ10_Debug\Obj\MK60_can.o
#        F:\Github\JERRY\Jerry_2017_4_14\Prj\IAR\DZ10_Debug\Obj\MK60_conf.o
#        F:\Github\JERRY\Jerry_2017_4_14\Prj\IAR\DZ10_Debug\Obj\MK60_dac.o
#        F:\Github\JERRY\Jerry_2017_4_14\Prj\IAR\DZ10_Debug\Obj\MK60_dma.o
#        F:\Github\JERRY\Jerry_2017_4_14\Prj\IAR\DZ10_Debug\Obj\MK60_DWT.o
#        F:\Github\JERRY\Jerry_2017_4_14\Prj\IAR\DZ10_Debug\Obj\MK60_flash.o
#        F:\Github\JERRY\Jerry_2017_4_14\Prj\IAR\DZ10_Debug\Obj\MK60_flexbus.o
#        F:\Github\JERRY\Jerry_2017_4_14\Prj\IAR\DZ10_Debug\Obj\MK60_ftm.o
#        F:\Github\JERRY\Jerry_2017_4_14\Prj\IAR\DZ10_Debug\Obj\MK60_gpio.o
#        F:\Github\JERRY\Jerry_2017_4_14\Prj\IAR\DZ10_Debug\Obj\MK60_i2c.o
#        F:\Github\JERRY\Jerry_2017_4_14\Prj\IAR\DZ10_Debug\Obj\MK60_it.o
#        F:\Github\JERRY\Jerry_2017_4_14\Prj\IAR\DZ10_Debug\Obj\MK60_lptmr.o
#        F:\Github\JERRY\Jerry_2017_4_14\Prj\IAR\DZ10_Debug\Obj\MK60_mcg.o
#        F:\Github\JERRY\Jerry_2017_4_14\Prj\IAR\DZ10_Debug\Obj\MK60_PIT.o
#        F:\Github\JERRY\Jerry_2017_4_14\Prj\IAR\DZ10_Debug\Obj\MK60_port.o
#        F:\Github\JERRY\Jerry_2017_4_14\Prj\IAR\DZ10_Debug\Obj\MK60_rtc.o
#        F:\Github\JERRY\Jerry_2017_4_14\Prj\IAR\DZ10_Debug\Obj\MK60_sdhc.o
#        F:\Github\JERRY\Jerry_2017_4_14\Prj\IAR\DZ10_Debug\Obj\MK60_spi.o
#        F:\Github\JERRY\Jerry_2017_4_14\Prj\IAR\DZ10_Debug\Obj\MK60_SysTick.o
#        F:\Github\JERRY\Jerry_2017_4_14\Prj\IAR\DZ10_Debug\Obj\MK60_uart.o
#        F:\Github\JERRY\Jerry_2017_4_14\Prj\IAR\DZ10_Debug\Obj\MK60_usb.o
#        F:\Github\JERRY\Jerry_2017_4_14\Prj\IAR\DZ10_Debug\Obj\MK60_wdog.o
#        F:\Github\JERRY\Jerry_2017_4_14\Prj\IAR\DZ10_Debug\Obj\Motor.o
#        F:\Github\JERRY\Jerry_2017_4_14\Prj\IAR\DZ10_Debug\Obj\OLED.o
#        F:\Github\JERRY\Jerry_2017_4_14\Prj\IAR\DZ10_Debug\Obj\startup_MK60DZ10.o
#        F:\Github\JERRY\Jerry_2017_4_14\Prj\IAR\DZ10_Debug\Obj\Steer.o
#        F:\Github\JERRY\Jerry_2017_4_14\Prj\IAR\DZ10_Debug\Obj\system_MK60DZ10.o
#        F:\Github\JERRY\Jerry_2017_4_14\Prj\IAR\DZ10_Debug\Obj\USB.o
#        F:\Github\JERRY\Jerry_2017_4_14\Prj\IAR\DZ10_Debug\Obj\USB_CDC.o
#        F:\Github\JERRY\Jerry_2017_4_14\Prj\IAR\DZ10_Debug\Obj\VCAN_ASCII.o
#        F:\Github\JERRY\Jerry_2017_4_14\Prj\IAR\DZ10_Debug\Obj\VCAN_computer.o
#        F:\Github\JERRY\Jerry_2017_4_14\Prj\IAR\DZ10_Debug\Obj\VCAN_key.o
#        F:\Github\JERRY\Jerry_2017_4_14\Prj\IAR\DZ10_Debug\Obj\VCAN_LED.o
#        F:\Github\JERRY\Jerry_2017_4_14\Prj\IAR\DZ10_Debug\Obj\VCAN_MMA7455.o
#        F:\Github\JERRY\Jerry_2017_4_14\Prj\IAR\DZ10_Debug\Obj\VCAN_NRF24L0.o
#        F:\Github\JERRY\Jerry_2017_4_14\Prj\IAR\DZ10_Debug\Obj\VCAN_RTC_count.o
#        F:\Github\JERRY\Jerry_2017_4_14\Prj\IAR\DZ10_Debug\Obj\VCAN_SCCB.o
#        F:\Github\JERRY\Jerry_2017_4_14\Prj\IAR\DZ10_Debug\Obj\vectors.o
#        --redirect _Printf=_PrintfLargeNoMb --redirect _Scanf=_ScanfLargeNoMb
#        -o
#        F:\Github\JERRY\Jerry_2017_4_14\Prj\IAR\DZ10_Debug\Exe\vcan_Kinetis.out
#        --map
#        F:\Github\JERRY\Jerry_2017_4_14\Prj\IAR\DZ10_Debug\List\vcan_Kinetis.map
#        --config "F:\Github\JERRY\Jerry_2017_4_14\Prj\IAR\config
#        files\vcan_ROM_K60N512.icf"
#        F:\Github\JERRY\Jerry_2017_4_14\Prj\IAR\..\..\Lib\CMSIS\iar_cortexM4l_math.a
#        --entry __iar_program_start --vfe
#
###############################################################################

*******************************************************************************
*** RUNTIME MODEL ATTRIBUTES
***

CppFlavor       = *
__SystemLibrary = DLib


*******************************************************************************
*** PLACEMENT SUMMARY
***

"A1":  place at 0x00000000 { ro section .intvec };
"A2":  place at 0x00000410 { ro section .noinit };
"P1":  place in [from 0x00000000 to 0x00080000] { ro, block CodeRelocate };
"P2":  place in [from 0x1fff0410 to 0x20010000] {
          rw, block CodeRelocateRam, block CSTACK, block HEAP };

  Section              Kind        Address    Size  Object
  -------              ----        -------    ----  ------
"A1":                                        0x410
  .intvec              const    0x00000000   0x410  vectors.o [1]
                              - 0x00000410   0x410

"P1", part 1 of 2:                             0x0
  .rodata              const    0x00000410     0x0  zero_init3.o [5]

"A2":                                          0x8
  .noinit              ro code  0x00000410     0x8  startup_MK60DZ10.o [1]
                              - 0x00000418     0x8

"P1", part 2 of 2:                          0x88d4
  .text                ro code  0x00000418  0x1314  fuzzy_pid2.o [1]
  .text                ro code  0x0000172c    0x32  I32ToFlt.o [4]
  .text                ro code  0x0000175e    0x22  zero_init3.o [5]
  .text                ro code  0x00001780    0x24  FltCmpLe.o [4]
  .text                ro code  0x000017a4    0xe6  FltSub.o [4]
  .rodata              const    0x0000188a     0x2  fuzzy_pid2.o [1]
  .text                ro code  0x0000188c    0xfc  FltDiv.o [4]
  .text                ro code  0x00001988    0xd8  FltMul.o [4]
  .text                ro code  0x00001a60    0x84  FltAdd.o [4]
  .text                ro code  0x00001ae4    0x24  FltCmpGe.o [4]
  .text                ro code  0x00001b08    0x44  FltToS32.o [4]
  .text                ro code  0x00001b4c    0x30  I32ToDbl.o [4]
  .text                ro code  0x00001b7c   0x246  DblDiv.o [4]
  .rodata              const    0x00001dc2     0x2  fuzzy_pid2.o [1]
  .text                ro code  0x00001dc4   0x1a2  DblMul.o [4]
  .rodata              const    0x00001f66     0x2  fuzzy_pid2.o [1]
  .text                ro code  0x00001f68    0xe8  DblAdd.o [4]
  .text                ro code  0x00002050    0x58  DblToI32.o [4]
  .text                ro code  0x000020a8   0x180  DblSub.o [4]
  .text                ro code  0x00002228   0xe10  Steer.o [1]
  .text                ro code  0x00003038   0x330  MK60_adc.o [1]
  .text                ro code  0x00003368    0x90  DblToFlt.o [4]
  .text                ro code  0x000033f8    0x4e  FltToDbl.o [4]
  .rodata              const    0x00003446     0x2  fuzzy_pid2.o [1]
  .text                ro code  0x00003448   0x4fc  MK60_ftm.o [1]
  Veneer               ro code  0x00003944     0x8  - Linker created -
  Veneer               ro code  0x0000394c     0x8  - Linker created -
  .text                ro code  0x00003954   0x140  MK60_conf.o [1]
  .text                ro code  0x00003a94    0xb0  MK60_port.o [1]
  .text                ro code  0x00003b44    0x70  VCAN_LED.o [1]
  .text                ro code  0x00003bb4    0x24  printf.o [3]
  .text                ro code  0x00003bd8    0x64  MK60_SysTick.o [1]
  .text                ro code  0x00003c3c   0x270  MK60_uart.o [1]
  .text                ro code  0x00003eac    0x9c  VCAN_key.o [1]
  .text                ro code  0x00003f48   0x128  MK60_gpio.o [1]
  .text                ro code  0x00004070   0xbee  xprintflarge_nomb.o [3]
  .rodata              const    0x00004c5e     0x2  fuzzy_pid2.o [1]
  .text                ro code  0x00004c60    0x16  strchr.o [5]
  .rodata              const    0x00004c76     0x2  fuzzy_pid2.o [1]
  .text                ro code  0x00004c78    0x36  strlen.o [5]
  .rodata              const    0x00004cae     0x2  fuzzy_pid2.o [1]
  .text                ro code  0x00004cb0    0x58  memchr.o [5]
  .text                ro code  0x00004d08    0xee  I64DivMod.o [5]
  .rodata              const    0x00004df6     0x2  fuzzy_pid2.o [1]
  .text                ro code  0x00004df8    0x76  ABImemcpy_unaligned.o [5]
  .text                ro code  0x00004e6e    0x42  xdnorm.o [4]
  .text                ro code  0x00004eb0    0x2e  DblCmpLe.o [4]
  .rodata              const    0x00004ede     0x2  fuzzy_pid2.o [1]
  .text                ro code  0x00004ee0    0x6c  localeconv.o [3]
  .text                ro code  0x00004f4c     0xe  div.o [3]
  .rodata              const    0x00004f5a     0x2  fuzzy_pid2.o [1]
  .text                ro code  0x00004f5c     0x2  I64DivZer.o [5]
  .text                ro code  0x00004f5e     0x2  xtls.o [3]
  .data_init                    0x00004f60   0x950  <Block>
    Initializer bytes  ro data  0x00004f60   0x950  <for .data-1>
  .rodata              const    0x000058b0     0x2  fuzzy_pid2.o [1]
  .text                ro code  0x000058b4   0x740  OLED.o [1]
  .text                ro code  0x00005ff4   0x734  Motor.o [1]
  .text                ro code  0x00006728   0x66c  MK60_spi.o [1]
  .text                ro code  0x00006d94     0x8  abs.o [3]
  .text                ro code  0x00006d9c   0x654  Car.o [1]
  .text                ro code  0x000073f0    0xac  MK60_PIT.o [1]
  .text                ro code  0x0000749c    0x40  VCAN_computer.o [1]
  .text                ro code  0x000074dc   0x4a8  VCAN_NRF24L0.o [1]
  .text                ro code  0x00007984    0xcc  misc.o [1]
  Veneer               ro code  0x00007a50     0x8  - Linker created -
  .text                ro code  0x00007a58   0x3b8  MK60_mcg.o [1]
  .rodata              const    0x00007e10   0x228  OLED.o [1]
  .text                ro code  0x00008038   0x220  MK60_it.o [1]
  .text                ro code  0x00008258   0x1e8  main.o [1]
  .text                ro code  0x00008440    0xa8  Control.o [1]
  CodeRelocate                  0x000084e8   0x1c8  <Block>
    Initializer bytes  ro data  0x000084e8   0x1c8  <for CodeRelocateRam-1>
  .text                ro code  0x000086b0   0x130  system_MK60DZ10.o [1]
  .text                ro code  0x000087e0    0x40  MK60_wdog.o [1]
  .rodata              const    0x00008820    0x44  MK60_flash.o [1]
  .rodata              const    0x00008864    0x44  MK60_SysTick.o [1]
  .rodata              const    0x000088a8    0x40  MK60_adc.o [1]
  .rodata              const    0x000088e8    0x40  MK60_ftm.o [1]
  .rodata              const    0x00008928    0x40  MK60_gpio.o [1]
  .rodata              const    0x00008968    0x40  MK60_PIT.o [1]
  .rodata              const    0x000089a8    0x40  MK60_spi.o [1]
  .rodata              const    0x000089e8    0x40  MK60_spi.o [1]
  .rodata              const    0x00008a28    0x40  MK60_uart.o [1]
  .rodata              const    0x00008a68    0x3c  misc.o [1]
  .rodata              const    0x00008aa4    0x3c  MK60_conf.o [1]
  .text                ro code  0x00008ae0    0x28  data_init.o [5]
  .rodata              const    0x00008b08    0x24  MK60_conf.o [1]
  .iar.init_table      const    0x00008b2c    0x10  - Linker created -
  .rodata              const    0x00008b3c    0x20  MK60_conf.o [1]
  .text                ro code  0x00008b5c    0x1a  cmain.o [5]
  .text                ro code  0x00008b76     0x4  low_level_init.o [3]
  .text                ro code  0x00008b7a     0x4  exit.o [3]
  .rodata              const    0x00008b7e     0x2  fuzzy_pid2.o [1]
  .text                ro code  0x00008b80     0xa  cexit.o [5]
  .rodata              const    0x00008b8a     0x2  fuzzy_pid2.o [1]
  .text                ro code  0x00008b8c     0xc  XXexit.o [5]
  .text                ro code  0x00008b98    0x16  xprout.o [3]
  .rodata              const    0x00008bae     0x2  fuzzy_pid2.o [1]
  .text                ro code  0x00008bb0     0xc  putchar.o [3]
  .rodata              const    0x00008bbc    0x14  MK60_conf.o [1]
  .text                ro code  0x00008bd0     0xc  cstartup_M.o [5]
  .rodata              const    0x00008bdc     0x8  Car.o [1]
  .rodata              const    0x00008be4     0x8  Car.o [1]
  .rodata              const    0x00008bec     0x8  Car.o [1]
  .rodata              const    0x00008bf4     0x8  Car.o [1]
  .rodata              const    0x00008bfc     0x8  Car.o [1]
  .rodata              const    0x00008c04     0x8  Car.o [1]
  .rodata              const    0x00008c0c     0x8  Car.o [1]
  .rodata              const    0x00008c14     0x8  Car.o [1]
  .rodata              const    0x00008c1c     0x8  Car.o [1]
  .rodata              const    0x00008c24     0x8  Car.o [1]
  .rodata              const    0x00008c2c     0x8  Car.o [1]
  .rodata              const    0x00008c34     0x8  fuzzy_pid2.o [1]
  .rodata              const    0x00008c3c     0x8  fuzzy_pid2.o [1]
  .rodata              const    0x00008c44     0x8  fuzzy_pid2.o [1]
  .rodata              const    0x00008c4c     0x8  fuzzy_pid2.o [1]
  .rodata              const    0x00008c54     0x8  VCAN_NRF24L0.o [1]
  .rodata              const    0x00008c5c     0x4  MK60_spi.o [1]
  .rodata              const    0x00008c60     0x2  VCAN_computer.o [1]
  .rodata              const    0x00008c62     0x2  VCAN_computer.o [1]
  Initializer bytes    ro data  0x00008c64    0x88  <for P2 s0>
                              - 0x00008cec  0x88d4

"P2":                                       0x177c
  .data                         0x1fff0410   0x950  <Block>
    .data-1                     0x1fff0410   0x950  <Init block>
      .data            inited   0x1fff0410     0x1  Car.o [1]
      .data            inited   0x1fff0414    0x10  fuzzy_pid2.o [1]
      .data            inited   0x1fff0424    0x10  fuzzy_pid2.o [1]
      .data            inited   0x1fff0434    0x10  fuzzy_pid2.o [1]
      .data            inited   0x1fff0444    0x10  fuzzy_pid2.o [1]
      .data            inited   0x1fff0454    0x10  fuzzy_pid2.o [1]
      .data            inited   0x1fff0464    0x10  fuzzy_pid2.o [1]
      .data            inited   0x1fff0474    0x10  fuzzy_pid2.o [1]
      .data            inited   0x1fff0484    0x10  fuzzy_pid2.o [1]
      .data            inited   0x1fff0494     0x4  fuzzy_pid2.o [1]
      .data            inited   0x1fff0498     0x4  fuzzy_pid2.o [1]
      .data            inited   0x1fff049c     0x4  fuzzy_pid2.o [1]
      .data            inited   0x1fff04a0    0x34  fuzzy_pid2.o [1]
      .data            inited   0x1fff04d4    0x64  fuzzy_pid2.o [1]
      .data            inited   0x1fff0538     0x8  MK60_adc.o [1]
      .data            inited   0x1fff0540   0x708  MK60_conf.o [1]
      .data            inited   0x1fff0c48     0xc  MK60_ftm.o [1]
      .data            inited   0x1fff0c54    0x14  MK60_gpio.o [1]
      .data            inited   0x1fff0c68    0x44  MK60_mcg.o [1]
      .data            inited   0x1fff0cac     0x4  MK60_mcg.o [1]
      .data            inited   0x1fff0cb0    0x14  MK60_port.o [1]
      .data            inited   0x1fff0cc4     0xc  MK60_spi.o [1]
      .data            inited   0x1fff0cd0    0x18  MK60_uart.o [1]
      .data            inited   0x1fff0ce8     0x2  Motor.o [1]
      .data            inited   0x1fff0cec     0x4  Motor.o [1]
      .data            inited   0x1fff0cf0     0x4  Motor.o [1]
      .data            inited   0x1fff0cf4     0x4  Motor.o [1]
      .data            inited   0x1fff0cf8     0x4  Steer.o [1]
      .data            inited   0x1fff0cfc     0x4  Steer.o [1]
      .data            inited   0x1fff0d00     0x4  Steer.o [1]
      .data            inited   0x1fff0d04     0x8  VCAN_key.o [1]
      .data            inited   0x1fff0d0c     0x4  VCAN_LED.o [1]
      .data            inited   0x1fff0d10     0x8  VCAN_NRF24L0.o [1]
      .data            inited   0x1fff0d18     0x8  VCAN_NRF24L0.o [1]
      .data            inited   0x1fff0d20    0x40  xfiles.o [3]
  CodeRelocateRam               0x1fff0d60   0x1c8  <Block>
    CodeRelocateRam-1           0x1fff0d60   0x1c8  <Init block>
      Veneer           inited   0x1fff0d60     0x8  - Linker created -
      Veneer           inited   0x1fff0d68     0x8  - Linker created -
      .textrw          inited   0x1fff0d70   0x168  MK60_flash.o [1]
      .textrw          inited   0x1fff0ed8    0x50  MK60_mcg.o [1]
  .bss                          0x1fff0f28   0xbdc  <Block>
    .bss               zero     0x1fff0f28    0x20  Car.o [1]
    .bss               zero     0x1fff0f48    0x20  Control.o [1]
    .bss               zero     0x1fff0f68    0x20  Control.o [1]
    .bss               zero     0x1fff0f88     0xc  MK60_ftm.o [1]
    .bss               zero     0x1fff0f94     0x4  MK60_it.o [1]
    .bss               zero     0x1fff0f98     0x4  MK60_it.o [1]
    .bss               zero     0x1fff0f9c     0x8  MK60_it.o [1]
    .bss               zero     0x1fff0fa4     0x4  Motor.o [1]
    .bss               zero     0x1fff0fa8    0x14  Motor.o [1]
    .bss               zero     0x1fff0fbc     0x8  Motor.o [1]
    .bss               zero     0x1fff0fc4     0x4  Motor.o [1]
    .bss               zero     0x1fff0fc8     0x4  Motor.o [1]
    .bss               zero     0x1fff0fcc     0x4  Motor.o [1]
    .bss               zero     0x1fff0fd0     0x4  Motor.o [1]
    .bss               zero     0x1fff0fd4    0x5c  Steer.o [1]
    .bss               zero     0x1fff1030     0x4  Steer.o [1]
    .bss               zero     0x1fff1034     0x4  Steer.o [1]
    .bss               zero     0x1fff1038    0x28  Steer.o [1]
    .bss               zero     0x1fff1060     0x4  system_MK60DZ10.o [1]
    .bss               zero     0x1fff1064     0x4  system_MK60DZ10.o [1]
    .bss               zero     0x1fff1068     0x4  system_MK60DZ10.o [1]
    .bss               zero     0x1fff106c   0xa00  VCAN_NRF24L0.o [1]
    .bss               zero     0x1fff1a6c     0x4  VCAN_NRF24L0.o [1]
    .bss               zero     0x1fff1a70     0x4  VCAN_NRF24L0.o [1]
    .bss               zero     0x1fff1a74    0x50  xfiles.o [3]
    .bss               zero     0x1fff1ac4     0x2  MK60_it.o [1]
    .bss               zero     0x1fff1ac6     0x2  MK60_it.o [1]
    .bss               zero     0x1fff1ac8     0x2  MK60_it.o [1]
    .bss               zero     0x1fff1aca     0x2  Motor.o [1]
    .bss               zero     0x1fff1acc     0x2  Motor.o [1]
    .bss               zero     0x1fff1ace     0x2  Motor.o [1]
    .bss               zero     0x1fff1ad0     0x2  Motor.o [1]
    .bss               zero     0x1fff1ad2     0x2  Motor.o [1]
    .bss               zero     0x1fff1ad4     0x2  Motor.o [1]
    .bss               zero     0x1fff1ad6     0x2  Motor.o [1]
    .bss               zero     0x1fff1ad8     0x2  Steer.o [1]
    .bss               zero     0x1fff1ada     0x2  Steer.o [1]
    .bss               zero     0x1fff1adc     0x2  Steer.o [1]
    .bss               zero     0x1fff1ade     0x1  Car.o [1]
    .bss               zero     0x1fff1adf     0x1  Car.o [1]
    .bss               zero     0x1fff1ae0     0x1  Car.o [1]
    .bss               zero     0x1fff1ae1     0x1  Control.o [1]
    .bss               zero     0x1fff1ae2     0x1  Control.o [1]
    .bss               zero     0x1fff1ae3     0x1  Motor.o [1]
    .bss               zero     0x1fff1ae4     0x1  Motor.o [1]
    .bss               zero     0x1fff1ae5     0x1  Motor.o [1]
    .bss               zero     0x1fff1ae6     0x1  Motor.o [1]
    .bss               zero     0x1fff1ae7     0x1  Motor.o [1]
    .bss               zero     0x1fff1ae8     0x1  Motor.o [1]
    .bss               zero     0x1fff1ae9     0x1  Motor.o [1]
    .bss               zero     0x1fff1aea     0x1  Motor.o [1]
    .bss               zero     0x1fff1aeb     0x1  Steer.o [1]
    .bss               zero     0x1fff1aec     0x1  Steer.o [1]
    .bss               zero     0x1fff1aed     0x1  Steer.o [1]
    .bss               zero     0x1fff1aee     0x1  Steer.o [1]
    .bss               zero     0x1fff1aef     0x1  Steer.o [1]
    .bss               zero     0x1fff1af0     0x1  Steer.o [1]
    .bss               zero     0x1fff1af1     0x1  Steer.o [1]
    .bss               zero     0x1fff1af2     0x1  Steer.o [1]
    .bss               zero     0x1fff1af3     0x1  Steer.o [1]
    .bss               zero     0x1fff1af4     0x1  Steer.o [1]
    .bss               zero     0x1fff1af5     0x1  Steer.o [1]
    .bss               zero     0x1fff1af6     0x1  Steer.o [1]
    .bss               zero     0x1fff1af7     0x1  Steer.o [1]
    .bss               zero     0x1fff1af8     0x1  Steer.o [1]
    .bss               zero     0x1fff1af9     0x1  Steer.o [1]
    .bss               zero     0x1fff1afa     0x1  Steer.o [1]
    .bss               zero     0x1fff1afb     0x1  Steer.o [1]
    .bss               zero     0x1fff1afc     0x1  VCAN_NRF24L0.o [1]
    .bss               zero     0x1fff1afd     0x1  VCAN_NRF24L0.o [1]
    .bss               zero     0x1fff1afe     0x1  VCAN_NRF24L0.o [1]
    .bss               zero     0x1fff1aff     0x1  VCAN_NRF24L0.o [1]
    .bss               zero     0x1fff1b00     0x1  VCAN_NRF24L0.o [1]
  P2 s0                         0x1fff1b04    0x88  <Init block>
    __DLIB_PERTHREAD   inited   0x1fff1b04    0x88  localeconv.o [3]
                              - 0x1fff1b8c  0x177c


*******************************************************************************
*** INIT TABLE
***

          Address     Size
          -------     ----
Zero (__iar_zero_init3)
    1 destination range, total size 0xbd9:
          0x1fff0f28  0xbd9



*******************************************************************************
*** MODULE SUMMARY
***

    Module                 ro code  rw code  ro data  rw data
    ------                 -------  -------  -------  -------
F:\Github\JERRY\Jerry_2017_4_14\Prj\IAR\DZ10_Debug\Obj: [1]
    Car.o                    1 620                89       36
    Control.o                  168                         66
    MK60_PIT.o                 172                64
    MK60_SysTick.o             100                68
    MK60_adc.o                 816                72        8
    MK60_conf.o                320             1 948    1 800
    MK60_flash.o                        360      428
    MK60_ftm.o               1 276                76       24
    MK60_gpio.o                296                84       20
    MK60_it.o                  544                         22
    MK60_mcg.o                 952       80      152       72
    MK60_port.o                176                20       20
    MK60_spi.o               1 644               144       12
    MK60_uart.o                624                88       24
    MK60_wdog.o                 64
    Motor.o                  1 844                16       84
    OLED.o                   1 856               552
    Steer.o                  3 600                12      175
    VCAN_LED.o                 112                 4        4
    VCAN_NRF24L0.o           1 192                24    2 589
    VCAN_computer.o             64                 4
    VCAN_key.o                 156                 8        8
    fuzzy_pid2.o             4 884               355      292
    main.o                     488
    misc.o                     204                60
    startup_MK60DZ10.o           8
    system_MK60DZ10.o          304                         12
    vectors.o                                  1 040
    ---------------------------------------------------------
    Total:                  23 484      440    5 308    5 268

command line: [2]
    ---------------------------------------------------------
    Total:

dl7M_tlf.a: [3]
    abs.o                        8
    div.o                       14
    exit.o                       4
    localeconv.o               108               136      136
    low_level_init.o             4
    printf.o                    36
    putchar.o                   12
    xfiles.o                                      64      144
    xprintflarge_nomb.o      3 054
    xprout.o                    22
    xtls.o                       2
    ---------------------------------------------------------
    Total:                   3 264               200      280

m7M_tl.a: [4]
    DblAdd.o                   232
    DblCmpLe.o                  46
    DblDiv.o                   582
    DblMul.o                   418
    DblSub.o                   384
    DblToFlt.o                 144
    DblToI32.o                  88
    FltAdd.o                   132
    FltCmpGe.o                  36
    FltCmpLe.o                  36
    FltDiv.o                   252
    FltMul.o                   216
    FltSub.o                   230
    FltToDbl.o                  78
    FltToS32.o                  68
    I32ToDbl.o                  48
    I32ToFlt.o                  50
    xdnorm.o                    66
    ---------------------------------------------------------
    Total:                   3 106

rt7M_tl.a: [5]
    ABImemcpy_unaligned.o      118
    I64DivMod.o                238
    I64DivZer.o                  2
    XXexit.o                    12
    cexit.o                     10
    cmain.o                     26
    cstartup_M.o                12
    data_init.o                 40
    memchr.o                    88
    strchr.o                    22
    strlen.o                    54
    zero_init3.o                34
    ---------------------------------------------------------
    Total:                     656

    Gaps                         2                          5
    Linker created              24       16       32
-------------------------------------------------------------
    Grand Total:            30 536      456    5 540    5 553


*******************************************************************************
*** ENTRY LIST
***

Entry                      Address   Size  Type      Object
-----                      -------   ----  ----      ------
.bss$$Base              0x1fff0f28          --   Gb  - Linker created -
.bss$$Limit             0x1fff1b04          --   Gb  - Linker created -
.data$$Base             0x1fff0410          --   Gb  - Linker created -
.data$$Limit            0x1fff0d60          --   Gb  - Linker created -
.data_init$$Base        0x00004f60          --   Gb  - Linker created -
.data_init$$Limit       0x000058b0          --   Gb  - Linker created -
?main                   0x00008b5d         Code  Gb  cmain.o [5]
ABD_d                   0x1fff0fcc    0x4  Data  Gb  Motor.o [1]
ABD_err                 0x1fff1ace    0x2  Data  Gb  Motor.o [1]
ABD_err_err             0x1fff1ad2    0x2  Data  Gb  Motor.o [1]
ABD_last_err            0x1fff1ad0    0x2  Data  Gb  Motor.o [1]
ABD_p                   0x1fff0cec    0x4  Data  Gb  Motor.o [1]
ABDistance              0x1fff1ac6    0x2  Data  Gb  MK60_it.o [1]
ABDistance_filter       0x1fff0f9c    0x8  Data  Gb  MK60_it.o [1]
ABDistance_set          0x1fff0ce8    0x2  Data  Gb  Motor.o [1]
ADCN                    0x1fff0538    0x8  Data  Gb  MK60_adc.o [1]
ADdata                  0x1fff0fd4   0x5c  Data  Gb  Steer.o [1]
ASSERT_FAILED_STR       0x00008b08   0x24  Data  Gb  MK60_conf.o [1]
BSP_init                0x00006dcf   0xf2  Code  Gb  Car.o [1]
CSB_lost                0x1fff1aea    0x1  Data  Gb  Motor.o [1]
CSB_lost_count          0x1fff1ae9    0x1  Data  Gb  Motor.o [1]
CalculateCurrentError   0x000029b1  0x444  Code  Gb  Steer.o [1]
Chao_init               0x00006ec1   0x30  Code  Gb  Car.o [1]
Circle_Cal              0x00002641  0x370  Code  Gb  Steer.o [1]
CodeRelocate$$Base      0x000084e8          --   Gb  - Linker created -
CodeRelocate$$Limit     0x000086b0          --   Gb  - Linker created -
CodeRelocateRam$$Base   0x1fff0d60          --   Gb  - Linker created -
CodeRelocateRam$$Limit  0x1fff0f28          --   Gb  - Linker created -
CurrentABDistance       0x1fff1ac8    0x2  Data  Gb  MK60_it.o [1]
DFF                     0x00008c4c    0x8  Data  Gb  fuzzy_pid2.o [1]
DMAX                    0x00004f5a    0x2  Data  Gb  fuzzy_pid2.o [1]
DMIN                    0x000058b0    0x2  Data  Gb  fuzzy_pid2.o [1]
DirectionControl        0x00002e15  0x16a  Code  Gb  Steer.o [1]
DirectionPianCha        0x1fff1038   0x28  Data  Gb  Steer.o [1]
DoubleError             0x1fff1034    0x4  Data  Gb  Steer.o [1]
ECF                     0x00008c3c    0x8  Data  Gb  fuzzy_pid2.o [1]
ECMAX                   0x00001f66    0x2  Data  Gb  fuzzy_pid2.o [1]
ECMIN                   0x00003446    0x2  Data  Gb  fuzzy_pid2.o [1]
EF                      0x00008c34    0x8  Data  Gb  fuzzy_pid2.o [1]
EMAX                    0x0000188a    0x2  Data  Gb  fuzzy_pid2.o [1]
EMIN                    0x00001dc2    0x2  Data  Gb  fuzzy_pid2.o [1]
F6x8                    0x00007e10  0x228  Data  Gb  OLED.o [1]
FFMAX                   0x00008bae    0x2  Data  Gb  fuzzy_pid2.o [1]
FMAX                    0x00004cae    0x2  Data  Gb  fuzzy_pid2.o [1]
FTMN                    0x1fff0c48    0xc  Data  Gb  MK60_ftm.o [1]
FTM_port_mux            0x00003449  0x118  Code  Lc  MK60_ftm.o [1]
FuzzySet_Speed          0x00000dfd  0x902  Code  Gb  fuzzy_pid2.o [1]
Fuzzy_Direction_P       0x00000419  0x9b8  Code  Gb  fuzzy_pid2.o [1]
GPIOX                   0x1fff0c54   0x14  Data  Gb  MK60_gpio.o [1]
Go_flag                 0x1fff1adf    0x1  Data  Gb  Car.o [1]
KEY_PTxn                0x1fff0d04    0x8  Data  Gb  VCAN_key.o [1]
LCD_DLY_ms              0x000059b7   0x18  Code  Gb  OLED.o [1]
LCD_Fill                0x00005977   0x40  Code  Gb  OLED.o [1]
LCD_Init                0x000059cf   0xf8  Code  Gb  OLED.o [1]
LCD_P6x8Str             0x00005ac7   0x7c  Code  Gb  OLED.o [1]
LCD_Set_Pos             0x0000594f   0x28  Code  Gb  OLED.o [1]
LCD_WrCmd               0x00005905   0x4a  Code  Gb  OLED.o [1]
LCD_WrDat               0x000058b5   0x4e  Code  Gb  OLED.o [1]
LED_P6x8Char            0x00005b43   0x54  Code  Gb  OLED.o [1]
LED_PTxn                0x1fff0d0c    0x4  Data  Gb  VCAN_LED.o [1]
LED_PrintValueF         0x00005cd9  0x308  Code  Gb  OLED.o [1]
LED_PrintValueFP        0x00005ba5  0x134  Code  Gb  OLED.o [1]
LoadInt                 0x000045eb   0x6e  Code  Lc  xprintflarge_nomb.o [3]
Maxspeed                0x1fff1ad4    0x2  Data  Gb  Motor.o [1]
Minspeed                0x1fff1ad6    0x2  Data  Gb  Motor.o [1]
Motor_Control           0x00006171  0x4f8  Code  Gb  Motor.o [1]
Motor_D                 0x1fff0fd0    0x4  Data  Gb  Motor.o [1]
Motor_Duty              0x1fff0fa4    0x4  Data  Gb  Motor.o [1]
Motor_GetSpeed          0x0000602f  0x142  Code  Gb  Motor.o [1]
Motor_I                 0x1fff0cf4    0x4  Data  Gb  Motor.o [1]
Motor_P                 0x1fff0cf0    0x4  Data  Gb  Motor.o [1]
Motor_SetSpeed          0x00005ff5   0x3a  Code  Gb  Motor.o [1]
Motor_init              0x00006d9d   0x20  Code  Gb  Car.o [1]
NRF_ISR_RX_FIFO         0x1fff106c  0xa00  Data  Gb  VCAN_NRF24L0.o [1]
NVIC_DisableIRQ         0x00008039   0x14  Code  Lc  MK60_it.o [1]
NVIC_EnableIRQ          0x00008277   0x14  Code  Lc  main.o [1]
NVIC_SetPriority        0x0000828b   0x26  Code  Lc  main.o [1]
NVIC_SetPriorityGrouping
                        0x00008259   0x1e  Code  Lc  main.o [1]
NVIC_SystemReset        0x00003955   0x1a  Code  Lc  MK60_conf.o [1]
Oled_Display            0x00006f99  0x324  Code  Gb  Car.o [1]
PFF                     0x00008c44    0x8  Data  Gb  fuzzy_pid2.o [1]
PIT0_IRQHandler         0x0000804d   0xe6  Code  Gb  MK60_it.o [1]
PMAX                    0x00004df6    0x2  Data  Gb  fuzzy_pid2.o [1]
PMIN                    0x00004ede    0x2  Data  Gb  fuzzy_pid2.o [1]
PORTA_IRQHandler        0x00008133   0x8a  Code  Gb  MK60_it.o [1]
PORTE_IRQHandler        0x000081bd   0x50  Code  Gb  MK60_it.o [1]
PORTX                   0x1fff0cb0   0x14  Data  Gb  MK60_port.o [1]
Prospect_See            0x1fff0fc8    0x4  Data  Gb  Motor.o [1]
RX_ADDRESS              0x1fff0d18    0x8  Data  Gb  VCAN_NRF24L0.o [1]
Read_AD                 0x00002229  0x418  Code  Gb  Steer.o [1]
Region$$Table$$Base     0x00008b2c          --   Gb  - Linker created -
Region$$Table$$Limit    0x00008b3c          --   Gb  - Linker created -
Reset_Handler           0x00000411         Code  Gb  startup_MK60DZ10.o [1]
RunTime                 0x1fff0f98    0x4  Data  Gb  MK60_it.o [1]
SMAX                    0x00004c5e    0x2  Data  Gb  fuzzy_pid2.o [1]
SMIN                    0x00004c76    0x2  Data  Gb  fuzzy_pid2.o [1]
SPIN                    0x1fff0cc4    0xc  Data  Gb  MK60_spi.o [1]
SSMAX                   0x00008b7e    0x2  Data  Gb  fuzzy_pid2.o [1]
SSMIN                   0x00008b8a    0x2  Data  Gb  fuzzy_pid2.o [1]
Sensor_AD_init          0x00006ef1   0xa8  Code  Gb  Car.o [1]
Speed_err               0x1fff0fbc    0x8  Data  Gb  Motor.o [1]
Steer_D                 0x1fff0cfc    0x4  Data  Gb  Steer.o [1]
Steer_P                 0x1fff0cf8    0x4  Data  Gb  Steer.o [1]
Steer_init              0x00006dbd   0x12  Code  Gb  Car.o [1]
SteeringZkb             0x1fff1ada    0x2  Data  Gb  Steer.o [1]
Straight_flag           0x1fff1ae4    0x1  Data  Gb  Motor.o [1]
TX_ADDRESS              0x1fff0d10    0x8  Data  Gb  VCAN_NRF24L0.o [1]
TargetSpeed             0x1fff1acc    0x2  Data  Gb  Motor.o [1]
TimeCount               0x1fff1ac4    0x2  Data  Gb  MK60_it.o [1]
Track_complexity        0x1fff0fc4    0x4  Data  Gb  Motor.o [1]
UARTN                   0x1fff0cd0   0x18  Data  Gb  MK60_uart.o [1]
UD                      0x1fff0498    0x4  Data  Gb  fuzzy_pid2.o [1]
UD0                     0x1fff0434   0x10  Data  Gb  fuzzy_pid2.o [1]
UD3                     0x1fff0444   0x10  Data  Gb  fuzzy_pid2.o [1]
UFF                     0x1fff049c    0x4  Data  Gb  fuzzy_pid2.o [1]
UFF0                    0x1fff0454   0x10  Data  Gb  fuzzy_pid2.o [1]
UFF1                    0x1fff0464   0x10  Data  Gb  fuzzy_pid2.o [1]
UFF2                    0x1fff0474   0x10  Data  Gb  fuzzy_pid2.o [1]
UFF4                    0x1fff0484   0x10  Data  Gb  fuzzy_pid2.o [1]
UP                      0x1fff0494    0x4  Data  Gb  fuzzy_pid2.o [1]
UP0                     0x1fff0414   0x10  Data  Gb  fuzzy_pid2.o [1]
UP3                     0x1fff0424   0x10  Data  Gb  fuzzy_pid2.o [1]
Wait_to_go_flag         0x1fff1ade    0x1  Data  Gb  Car.o [1]
_GenldLargeNoMb         0x000049e1  0x236  Code  Lc  xprintflarge_nomb.o [3]
_LdtobLargeNoMb         0x00004761  0x27a  Code  Lc  xprintflarge_nomb.o [3]
_LitobLargeNoMb         0x00004659  0x106  Code  Lc  xprintflarge_nomb.o [3]
_Locale_aeabi_lconv     0x1fff1b54   0x38  Data  Gb  localeconv.o [3]
_Locale_lconv           0x1fff1b04   0x50  Data  Gb  localeconv.o [3]
_PrintfLargeNoMb        0x00004071  0x574  Code  Gb  xprintflarge_nomb.o [3]
_Prout                  0x00008b99   0x16  Code  Gb  xprout.o [3]
_PutcharsLargeNoMb      0x00004c17   0x2e  Code  Lc  xprintflarge_nomb.o [3]
__BOOT_STACK_ADDRESS {Abs}
                        0x2000fff8          --   Gb  command line/config [2]
__VECTOR_RAM {Abs}      0x1fff0000          --   Gb  command line/config [2]
__VECTOR_TABLE {Abs}    0x00000000          --   Gb  command line/config [2]
__aeabi_cdcmple         0x00004eb1         Code  Gb  DblCmpLe.o [4]
__aeabi_cfcmple         0x00001781         Code  Gb  FltCmpLe.o [4]
__aeabi_cfrcmple        0x00001ae5         Code  Gb  FltCmpGe.o [4]
__aeabi_d2f             0x00003369         Code  Gb  DblToFlt.o [4]
__aeabi_d2iz            0x00002051         Code  Gb  DblToI32.o [4]
__aeabi_d2uiz           0x0000207d         Code  Gb  DblToI32.o [4]
__aeabi_dadd            0x00001f69         Code  Gb  DblAdd.o [4]
__aeabi_ddiv            0x00001b7d         Code  Gb  DblDiv.o [4]
__aeabi_dmul            0x00001dc5         Code  Gb  DblMul.o [4]
__aeabi_dsub            0x000020a9         Code  Gb  DblSub.o [4]
__aeabi_f2d             0x000033f9         Code  Gb  FltToDbl.o [4]
__aeabi_f2iz            0x00001b09         Code  Gb  FltToS32.o [4]
__aeabi_fadd            0x00001a61         Code  Gb  FltAdd.o [4]
__aeabi_fdiv            0x0000188d         Code  Gb  FltDiv.o [4]
__aeabi_fmul            0x00001989         Code  Gb  FltMul.o [4]
__aeabi_fsub            0x000017a5         Code  Gb  FltSub.o [4]
__aeabi_i2d             0x00001b4d         Code  Gb  I32ToDbl.o [4]
__aeabi_i2f             0x0000172d         Code  Gb  I32ToFlt.o [4]
__aeabi_ldiv0           0x00004f5d         Code  Gb  I64DivZer.o [5]
__aeabi_ui2d            0x00001b61         Code  Gb  I32ToDbl.o [4]
__aeabi_ui2f            0x00001741         Code  Gb  I32ToFlt.o [4]
__aeabi_uldivmod        0x00004d09         Code  Gb  I64DivMod.o [5]
__cmain                 0x00008b5d         Code  Gb  cmain.o [5]
__code_start__ {Abs}    0x00000410          --   Gb  command line/config [2]
__exit                  0x00008b8d         Code  Gb  XXexit.o [5]
__iar_Dnorm             0x00004e6f   0x42  Code  Gb  xdnorm.o [4]
__iar_Locale_lconv_init
                        0x00004ee1   0x3a  Code  Gb  localeconv.o [3]
__iar_Memchr            0x00004cb1         Code  Gb  memchr.o [5]
__iar_Stdout            0x1fff0d20   0x40  Data  Gb  xfiles.o [3]
__iar_Strchr            0x00004c61         Code  Gb  strchr.o [5]
__iar_d2uiz             0x00002089         Code  Gb  DblToI32.o [4]
__iar_dadd              0x00001f7d         Code  Gb  DblAdd.o [4]
__iar_data_init3        0x00008ae1   0x28  Code  Gb  data_init.o [5]
__iar_dlib_perthread_access
                        0x00004f5f    0x2  Code  Gb  xtls.o [3]
__iar_dsub              0x000020bd         Code  Gb  DblSub.o [4]
__iar_dsubStart         0x000020cf         Code  Gb  DblSub.o [4]
__iar_fadd              0x00001a71         Code  Gb  FltAdd.o [4]
__iar_fsub              0x000017b5         Code  Gb  FltSub.o [4]
__iar_fsubStart         0x000017c5         Code  Gb  FltSub.o [4]
__iar_program_start     0x00008bd1         Code  Gb  cstartup_M.o [5]
__iar_ui2d              0x00001b65         Code  Gb  I32ToDbl.o [4]
__iar_ui2f              0x00001745         Code  Gb  I32ToFlt.o [4]
__iar_unaligned___aeabi_memcpy
                        0x00004df9         Code  Gb  ABImemcpy_unaligned.o [5]
__iar_unaligned___aeabi_memcpy4
                        0x00004e19         Code  Gb  ABImemcpy_unaligned.o [5]
__iar_unaligned___aeabi_memcpy8
                        0x00004e19         Code  Gb  ABImemcpy_unaligned.o [5]
__iar_zero_init3        0x0000175f   0x22  Code  Gb  zero_init3.o [5]
__low_level_init        0x00008b77    0x4  Code  Gb  low_level_init.o [3]
__vector_table          0x00000000  0x410  Data  Gb  vectors.o [1]
_call_main              0x00008b69         Code  Gb  cmain.o [5]
_exit                   0x00008b81         Code  Gb  cexit.o [5]
_main                   0x00008b73         Code  Gb  cmain.o [5]
abs                     0x00006d95    0x8  Code  Gb  abs.o [3]
ad_ave                  0x00003297   0x7a  Code  Gb  MK60_adc.o [1]
ad_max                  0x1fff0d00    0x4  Data  Gb  Steer.o [1]
adc_init                0x00003039  0x20e  Code  Gb  MK60_adc.o [1]
adc_once                0x00003247   0x50  Code  Gb  MK60_adc.o [1]
adc_start               0x00003311   0x44  Code  Lc  MK60_adc.o [1]
already_in_circle       0x1fff1af0    0x1  Data  Gb  Steer.o [1]
assert_failed           0x0000396f   0x26  Code  Gb  MK60_conf.o [1]
back_car_dir_rx         0x1fff1af5    0x1  Data  Gb  Steer.o [1]
back_car_dir_tx         0x1fff1af4    0x1  Data  Gb  Steer.o [1]
bus_clk_khz             0x1fff1068    0x4  Data  Gb  system_MK60DZ10.o [1]
chaoche                 0x1fff1afb    0x1  Data  Gb  Steer.o [1]
chaoshengboTime         0x1fff0f94    0x4  Data  Gb  MK60_it.o [1]
circle_flag             0x1fff1aed    0x1  Data  Gb  Steer.o [1]
circle_flag_count       0x1fff1adc    0x2  Data  Gb  Steer.o [1]
circle_left             0x1fff1aee    0x1  Data  Gb  Steer.o [1]
circle_level            0x1fff1afa    0x1  Data  Gb  Steer.o [1]
circle_ready_rx         0x1fff1af3    0x1  Data  Gb  Steer.o [1]
circle_ready_tx         0x1fff1af2    0x1  Data  Gb  Steer.o [1]
circle_right            0x1fff1aef    0x1  Data  Gb  Steer.o [1]
common_startup          0x0000870f   0x98  Code  Gb  system_MK60DZ10.o [1]
core_clk_khz            0x1fff1060    0x4  Data  Gb  system_MK60DZ10.o [1]
core_clk_mhz            0x1fff1064    0x4  Data  Gb  system_MK60DZ10.o [1]
count                   0x1fff1aeb    0x1  Data  Gb  Steer.o [1]
default_isr             0x00003a43   0x30  Code  Gb  MK60_conf.o [1]
dianya                  0x1fff1030    0x4  Data  Gb  Steer.o [1]
dir_change              0x1fff1af1    0x1  Data  Gb  Steer.o [1]
dir_flag                0x1fff1aec    0x1  Data  Gb  Steer.o [1]
direction_offset        0x1fff1ad8    0x2  Data  Gb  Steer.o [1]
div                     0x00004f4d    0xe  Code  Gb  div.o [3]
exit                    0x00008b7b    0x4  Code  Gb  exit.o [3]
flash_cmd               0x1fff0d71   0x20  Code  Gb  MK60_flash.o [1]
flash_erase_sector      0x1fff0dc1   0x58  Code  Gb  MK60_flash.o [1]
flash_init              0x1fff0d91   0x30  Code  Gb  MK60_flash.o [1]
flash_write             0x1fff0e19   0x8e  Code  Gb  MK60_flash.o [1]
fputc                   0x00003995   0x14  Code  Gb  MK60_conf.o [1]
ftm_mod                 0x1fff0f88    0xc  Data  Lc  MK60_ftm.o [1]
ftm_pwm_duty            0x000036eb   0xe6  Code  Gb  MK60_ftm.o [1]
ftm_pwm_init            0x00003561  0x18a  Code  Gb  MK60_ftm.o [1]
ftm_quad_clean          0x00003903   0x28  Code  Gb  MK60_ftm.o [1]
ftm_quad_get            0x000038d7   0x2c  Code  Gb  MK60_ftm.o [1]
ftm_quad_init           0x000037d1  0x106  Code  Gb  MK60_ftm.o [1]
gpio_get                0x0000402f   0x3a  Code  Gb  MK60_gpio.o [1]
gpio_init               0x00003f49   0xae  Code  Gb  MK60_gpio.o [1]
gpio_turn               0x00003ff7   0x38  Code  Gb  MK60_gpio.o [1]
host_flag               0x1fff1ae1    0x1  Data  Gb  Control.o [1]
key_check               0x00003f19   0x2a  Code  Gb  VCAN_key.o [1]
key_get                 0x00003eff   0x1a  Code  Gb  VCAN_key.o [1]
key_init                0x00003ead   0x52  Code  Gb  VCAN_key.o [1]
led_init                0x00003b45   0x3a  Code  Gb  VCAN_LED.o [1]
led_turn                0x00003b7f   0x32  Code  Gb  VCAN_LED.o [1]
localeconv              0x00004f1b   0x16  Code  Gb  localeconv.o [3]
main                    0x000082b1  0x146  Code  Gb  main.o [1]
mcg_cfg                 0x1fff0c68   0x44  Data  Gb  MK60_mcg.o [1]
mcg_div                 0x1fff0cac    0x4  Data  Gb  MK60_mcg.o [1]
mcg_div_count           0x00007a59  0x2e8  Code  Gb  MK60_mcg.o [1]
memchr                  0x00004cb1         Code  Gb  memchr.o [5]
no_takeoff_rx           0x1fff1af9    0x1  Data  Gb  Steer.o [1]
no_takeoff_tx           0x1fff1af8    0x1  Data  Gb  Steer.o [1]
nrf_handler             0x00007851   0xfc  Code  Gb  VCAN_NRF24L0.o [1]
nrf_init                0x000074dd   0xa8  Code  Gb  VCAN_NRF24L0.o [1]
nrf_irq_tx_addr         0x1fff1a6c    0x4  Data  Gb  VCAN_NRF24L0.o [1]
nrf_irq_tx_flag         0x1fff1b00    0x1  Data  Gb  VCAN_NRF24L0.o [1]
nrf_irq_tx_pnum         0x1fff1a70    0x4  Data  Gb  VCAN_NRF24L0.o [1]
nrf_link_check          0x00007623   0x78  Code  Gb  VCAN_NRF24L0.o [1]
nrf_mode                0x1fff1afc    0x1  Data  Gb  VCAN_NRF24L0.o [1]
nrf_readbuf             0x000075fb   0x28  Code  Lc  VCAN_NRF24L0.o [1]
nrf_readreg             0x000075ab   0x28  Code  Lc  VCAN_NRF24L0.o [1]
nrf_rx                  0x00007731   0xca  Code  Gb  VCAN_NRF24L0.o [1]
nrf_rx_flag             0x1fff1aff    0x1  Data  Gb  VCAN_NRF24L0.o [1]
nrf_rx_front            0x1fff1afd    0x1  Data  Gb  VCAN_NRF24L0.o [1]
nrf_rx_mode             0x0000769b   0x50  Code  Gb  VCAN_NRF24L0.o [1]
nrf_rx_rear             0x1fff1afe    0x1  Data  Gb  VCAN_NRF24L0.o [1]
nrf_tx                  0x000077fb   0x56  Code  Gb  VCAN_NRF24L0.o [1]
nrf_tx_mode             0x000076eb   0x46  Code  Lc  VCAN_NRF24L0.o [1]
nrf_writebuf            0x000075d3   0x28  Code  Lc  VCAN_NRF24L0.o [1]
nrf_writereg            0x00007585   0x26  Code  Lc  VCAN_NRF24L0.o [1]
nrftxbuf                0x00008441   0x58  Code  Gb  Control.o [1]
obuf                    0x1fff1a74   0x50  Data  Lc  xfiles.o [3]
overtake_mode           0x1fff1ae0    0x1  Data  Gb  Car.o [1]
page                    0x1fff0410    0x1  Data  Gb  Car.o [1]
pit1Init                0x000073f1   0x28  Code  Gb  MK60_PIT.o [1]
pit_init                0x00007419   0x6c  Code  Gb  MK60_PIT.o [1]
pll_init                0x00007d41   0xb2  Code  Gb  MK60_mcg.o [1]
port_init               0x00003a95   0x44  Code  Gb  MK60_port.o [1]
port_init_NoALT         0x00003ad9   0x62  Code  Gb  MK60_port.o [1]
printf                  0x00003bb5   0x24  Code  Gb  printf.o [3]
putchar                 0x00008bb1    0xc  Code  Gb  putchar.o [3]
realSpeed               0x1fff1aca    0x2  Data  Gb  Motor.o [1]
ruleP                   0x1fff04a0   0x34  Data  Gb  fuzzy_pid2.o [1]
ruleSD                  0x1fff04d4   0x64  Data  Gb  fuzzy_pid2.o [1]
ruwan_flag              0x1fff1ae5    0x1  Data  Gb  Motor.o [1]
rx_Calculate            0x00008499   0x22  Code  Gb  Control.o [1]
rx_nrf_flag             0x1fff1ae2    0x1  Data  Gb  Control.o [1]
rxbuf                   0x1fff0f68   0x20  Data  Gb  Control.o [1]
send_data               0x000072c1   0x78  Code  Gb  Car.o [1]
set_sys_dividers        0x1fff0ed9   0x50  Code  Gb  MK60_mcg.o [1]
set_vector_handler      0x000079a7   0x22  Code  Gb  misc.o [1]
speed_save              0x1fff0fa8   0x14  Data  Gb  Motor.o [1]
spi_init                0x00006729  0x32c  Code  Gb  MK60_spi.o [1]
spi_mosi                0x00006a55  0x110  Code  Gb  MK60_spi.o [1]
spi_mosi_cmd            0x00006b65  0x20c  Code  Gb  MK60_spi.o [1]
start                   0x000086b1   0x22  Code  Gb  system_MK60DZ10.o [1]
start_check             0x000039a9   0x9a  Code  Gb  MK60_conf.o [1]
start_flag              0x1fff1ae8    0x1  Data  Gb  Motor.o [1]
stop_flag               0x1fff1ae7    0x1  Data  Gb  Motor.o [1]
strchr                  0x00004c61         Code  Gb  strchr.o [5]
strlen                  0x00004c79         Code  Gb  strlen.o [5]
sysinit                 0x000086d3   0x3c  Code  Gb  system_MK60DZ10.o [1]
systick_delay           0x00003bd9   0x36  Code  Gb  MK60_SysTick.o [1]
systick_delay_ms        0x00003c0f   0x18  Code  Gb  MK60_SysTick.o [1]
takeoff_over_rx         0x1fff1af7    0x1  Data  Gb  Steer.o [1]
takeoff_over_tx         0x1fff1af6    0x1  Data  Gb  Steer.o [1]
txbuf                   0x1fff0f48   0x20  Data  Gb  Control.o [1]
uart_init               0x00003c3d  0x218  Code  Gb  MK60_uart.o [1]
uart_putbuff            0x00003e6f   0x24  Code  Gb  MK60_uart.o [1]
uart_putchar            0x00003e55   0x1a  Code  Gb  MK60_uart.o [1]
var                     0x1fff0f28   0x20  Data  Gb  Car.o [1]
vcan_cpy                0x000079d5   0x7c  Code  Gb  misc.o [1]
vcan_sendware           0x0000749d   0x38  Code  Gb  VCAN_computer.o [1]
vector_str              0x1fff0540  0x708  Data  Gb  MK60_conf.o [1]
wandao_flag             0x1fff1ae6    0x1  Data  Gb  Motor.o [1]
wdog_disable            0x000087e1   0x16  Code  Gb  MK60_wdog.o [1]
wdog_unlock             0x000087f7   0x20  Code  Lc  MK60_wdog.o [1]
write_vtor              0x00007985   0x22  Code  Gb  misc.o [1]
zhidao_num              0x1fff1ae3    0x1  Data  Gb  Motor.o [1]


[1] = F:\Github\JERRY\Jerry_2017_4_14\Prj\IAR\DZ10_Debug\Obj
[2] = command line
[3] = dl7M_tlf.a
[4] = m7M_tl.a
[5] = rt7M_tl.a

  30 536 bytes of readonly  code memory
     456 bytes of readwrite code memory
   5 540 bytes of readonly  data memory
   5 553 bytes of readwrite data memory

Errors: none
Warnings: none
