###############################################################################
#
# IAR ELF Linker V7.30.1.7746/W32 for ARM                 26/Jun/2017  23:07:22
# Copyright 2007-2014 IAR Systems AB.
#
#    Output file  =  
#        F:\Github\JERRY\Jerry_2017_4_14\Prj\IAR\DZ10_Debug\Exe\vcan_Kinetis.out
#    Map file     =  
#        F:\Github\JERRY\Jerry_2017_4_14\Prj\IAR\DZ10_Debug\List\vcan_Kinetis.map
#    Command line =  
#        F:\Github\JERRY\Jerry_2017_4_14\Prj\IAR\DZ10_Debug\Obj\Car.o
#        F:\Github\JERRY\Jerry_2017_4_14\Prj\IAR\DZ10_Debug\Obj\Control.o
#        F:\Github\JERRY\Jerry_2017_4_14\Prj\IAR\DZ10_Debug\Obj\diskio.o
#        F:\Github\JERRY\Jerry_2017_4_14\Prj\IAR\DZ10_Debug\Obj\ff.o
#        F:\Github\JERRY\Jerry_2017_4_14\Prj\IAR\DZ10_Debug\Obj\fuzzy_pid2.o
#        F:\Github\JERRY\Jerry_2017_4_14\Prj\IAR\DZ10_Debug\Obj\main.o
#        F:\Github\JERRY\Jerry_2017_4_14\Prj\IAR\DZ10_Debug\Obj\misc.o
#        F:\Github\JERRY\Jerry_2017_4_14\Prj\IAR\DZ10_Debug\Obj\MK60_adc.o
#        F:\Github\JERRY\Jerry_2017_4_14\Prj\IAR\DZ10_Debug\Obj\MK60_can.o
#        F:\Github\JERRY\Jerry_2017_4_14\Prj\IAR\DZ10_Debug\Obj\MK60_conf.o
#        F:\Github\JERRY\Jerry_2017_4_14\Prj\IAR\DZ10_Debug\Obj\MK60_dac.o
#        F:\Github\JERRY\Jerry_2017_4_14\Prj\IAR\DZ10_Debug\Obj\MK60_dma.o
#        F:\Github\JERRY\Jerry_2017_4_14\Prj\IAR\DZ10_Debug\Obj\MK60_DWT.o
#        F:\Github\JERRY\Jerry_2017_4_14\Prj\IAR\DZ10_Debug\Obj\MK60_flash.o
#        F:\Github\JERRY\Jerry_2017_4_14\Prj\IAR\DZ10_Debug\Obj\MK60_flexbus.o
#        F:\Github\JERRY\Jerry_2017_4_14\Prj\IAR\DZ10_Debug\Obj\MK60_ftm.o
#        F:\Github\JERRY\Jerry_2017_4_14\Prj\IAR\DZ10_Debug\Obj\MK60_gpio.o
#        F:\Github\JERRY\Jerry_2017_4_14\Prj\IAR\DZ10_Debug\Obj\MK60_i2c.o
#        F:\Github\JERRY\Jerry_2017_4_14\Prj\IAR\DZ10_Debug\Obj\MK60_it.o
#        F:\Github\JERRY\Jerry_2017_4_14\Prj\IAR\DZ10_Debug\Obj\MK60_lptmr.o
#        F:\Github\JERRY\Jerry_2017_4_14\Prj\IAR\DZ10_Debug\Obj\MK60_mcg.o
#        F:\Github\JERRY\Jerry_2017_4_14\Prj\IAR\DZ10_Debug\Obj\MK60_PIT.o
#        F:\Github\JERRY\Jerry_2017_4_14\Prj\IAR\DZ10_Debug\Obj\MK60_port.o
#        F:\Github\JERRY\Jerry_2017_4_14\Prj\IAR\DZ10_Debug\Obj\MK60_rtc.o
#        F:\Github\JERRY\Jerry_2017_4_14\Prj\IAR\DZ10_Debug\Obj\MK60_sdhc.o
#        F:\Github\JERRY\Jerry_2017_4_14\Prj\IAR\DZ10_Debug\Obj\MK60_spi.o
#        F:\Github\JERRY\Jerry_2017_4_14\Prj\IAR\DZ10_Debug\Obj\MK60_SysTick.o
#        F:\Github\JERRY\Jerry_2017_4_14\Prj\IAR\DZ10_Debug\Obj\MK60_uart.o
#        F:\Github\JERRY\Jerry_2017_4_14\Prj\IAR\DZ10_Debug\Obj\MK60_usb.o
#        F:\Github\JERRY\Jerry_2017_4_14\Prj\IAR\DZ10_Debug\Obj\MK60_wdog.o
#        F:\Github\JERRY\Jerry_2017_4_14\Prj\IAR\DZ10_Debug\Obj\Motor.o
#        F:\Github\JERRY\Jerry_2017_4_14\Prj\IAR\DZ10_Debug\Obj\OLED.o
#        F:\Github\JERRY\Jerry_2017_4_14\Prj\IAR\DZ10_Debug\Obj\startup_MK60DZ10.o
#        F:\Github\JERRY\Jerry_2017_4_14\Prj\IAR\DZ10_Debug\Obj\Steer.o
#        F:\Github\JERRY\Jerry_2017_4_14\Prj\IAR\DZ10_Debug\Obj\system_MK60DZ10.o
#        F:\Github\JERRY\Jerry_2017_4_14\Prj\IAR\DZ10_Debug\Obj\USB.o
#        F:\Github\JERRY\Jerry_2017_4_14\Prj\IAR\DZ10_Debug\Obj\USB_CDC.o
#        F:\Github\JERRY\Jerry_2017_4_14\Prj\IAR\DZ10_Debug\Obj\VCAN_ASCII.o
#        F:\Github\JERRY\Jerry_2017_4_14\Prj\IAR\DZ10_Debug\Obj\VCAN_computer.o
#        F:\Github\JERRY\Jerry_2017_4_14\Prj\IAR\DZ10_Debug\Obj\VCAN_key.o
#        F:\Github\JERRY\Jerry_2017_4_14\Prj\IAR\DZ10_Debug\Obj\VCAN_LED.o
#        F:\Github\JERRY\Jerry_2017_4_14\Prj\IAR\DZ10_Debug\Obj\VCAN_MMA7455.o
#        F:\Github\JERRY\Jerry_2017_4_14\Prj\IAR\DZ10_Debug\Obj\VCAN_NRF24L0.o
#        F:\Github\JERRY\Jerry_2017_4_14\Prj\IAR\DZ10_Debug\Obj\VCAN_RTC_count.o
#        F:\Github\JERRY\Jerry_2017_4_14\Prj\IAR\DZ10_Debug\Obj\VCAN_SCCB.o
#        F:\Github\JERRY\Jerry_2017_4_14\Prj\IAR\DZ10_Debug\Obj\vectors.o
#        --redirect _Printf=_PrintfLargeNoMb --redirect _Scanf=_ScanfLargeNoMb
#        -o
#        F:\Github\JERRY\Jerry_2017_4_14\Prj\IAR\DZ10_Debug\Exe\vcan_Kinetis.out
#        --map
#        F:\Github\JERRY\Jerry_2017_4_14\Prj\IAR\DZ10_Debug\List\vcan_Kinetis.map
#        --config "F:\Github\JERRY\Jerry_2017_4_14\Prj\IAR\config
#        files\vcan_ROM_K60N512.icf"
#        F:\Github\JERRY\Jerry_2017_4_14\Prj\IAR\..\..\Lib\CMSIS\iar_cortexM4l_math.a
#        --entry __iar_program_start --vfe
#
###############################################################################

*******************************************************************************
*** RUNTIME MODEL ATTRIBUTES
***

CppFlavor       = *
__SystemLibrary = DLib


*******************************************************************************
*** PLACEMENT SUMMARY
***

"A1":  place at 0x00000000 { ro section .intvec };
"A2":  place at 0x00000410 { ro section .noinit };
"P1":  place in [from 0x00000000 to 0x00080000] { ro, block CodeRelocate };
"P2":  place in [from 0x1fff0410 to 0x20010000] {
          rw, block CodeRelocateRam, block CSTACK, block HEAP };

  Section              Kind        Address    Size  Object
  -------              ----        -------    ----  ------
"A1":                                        0x410
  .intvec              const    0x00000000   0x410  vectors.o [1]
                              - 0x00000410   0x410

"P1", part 1 of 2:                             0x0
  .rodata              const    0x00000410     0x0  zero_init3.o [5]

"A2":                                          0x8
  .noinit              ro code  0x00000410     0x8  startup_MK60DZ10.o [1]
                              - 0x00000418     0x8

"P1", part 2 of 2:                          0x89b4
  .text                ro code  0x00000418  0x1314  fuzzy_pid2.o [1]
  .text                ro code  0x0000172c    0x32  I32ToFlt.o [4]
  .text                ro code  0x0000175e    0x22  zero_init3.o [5]
  .text                ro code  0x00001780    0x24  FltCmpLe.o [4]
  .text                ro code  0x000017a4    0xe6  FltSub.o [4]
  .rodata              const    0x0000188a     0x2  fuzzy_pid2.o [1]
  .text                ro code  0x0000188c    0xfc  FltDiv.o [4]
  .text                ro code  0x00001988    0xd8  FltMul.o [4]
  .text                ro code  0x00001a60    0x84  FltAdd.o [4]
  .text                ro code  0x00001ae4    0x24  FltCmpGe.o [4]
  .text                ro code  0x00001b08    0x44  FltToS32.o [4]
  .text                ro code  0x00001b4c    0x30  I32ToDbl.o [4]
  .text                ro code  0x00001b7c   0x246  DblDiv.o [4]
  .rodata              const    0x00001dc2     0x2  fuzzy_pid2.o [1]
  .text                ro code  0x00001dc4   0x1a2  DblMul.o [4]
  .rodata              const    0x00001f66     0x2  fuzzy_pid2.o [1]
  .text                ro code  0x00001f68    0xe8  DblAdd.o [4]
  .text                ro code  0x00002050    0x58  DblToI32.o [4]
  .text                ro code  0x000020a8   0x180  DblSub.o [4]
  .text                ro code  0x00002228   0xec0  Steer.o [1]
  .text                ro code  0x000030e8   0x330  MK60_adc.o [1]
  .text                ro code  0x00003418    0x90  DblToFlt.o [4]
  .text                ro code  0x000034a8    0x4e  FltToDbl.o [4]
  .rodata              const    0x000034f6     0x2  fuzzy_pid2.o [1]
  .text                ro code  0x000034f8   0x4fc  MK60_ftm.o [1]
  Veneer               ro code  0x000039f4     0x8  - Linker created -
  Veneer               ro code  0x000039fc     0x8  - Linker created -
  .text                ro code  0x00003a04   0x140  MK60_conf.o [1]
  .text                ro code  0x00003b44    0xb0  MK60_port.o [1]
  .text                ro code  0x00003bf4    0x70  VCAN_LED.o [1]
  .text                ro code  0x00003c64    0x24  printf.o [3]
  .text                ro code  0x00003c88    0x64  MK60_SysTick.o [1]
  .text                ro code  0x00003cec   0x270  MK60_uart.o [1]
  .text                ro code  0x00003f5c    0x9c  VCAN_key.o [1]
  .text                ro code  0x00003ff8   0x128  MK60_gpio.o [1]
  .text                ro code  0x00004120   0xbee  xprintflarge_nomb.o [3]
  .rodata              const    0x00004d0e     0x2  fuzzy_pid2.o [1]
  .text                ro code  0x00004d10    0x16  strchr.o [5]
  .rodata              const    0x00004d26     0x2  fuzzy_pid2.o [1]
  .text                ro code  0x00004d28    0x36  strlen.o [5]
  .rodata              const    0x00004d5e     0x2  fuzzy_pid2.o [1]
  .text                ro code  0x00004d60    0x58  memchr.o [5]
  .text                ro code  0x00004db8    0xee  I64DivMod.o [5]
  .rodata              const    0x00004ea6     0x2  fuzzy_pid2.o [1]
  .text                ro code  0x00004ea8    0x76  ABImemcpy_unaligned.o [5]
  .text                ro code  0x00004f1e    0x42  xdnorm.o [4]
  .text                ro code  0x00004f60    0x2e  DblCmpLe.o [4]
  .rodata              const    0x00004f8e     0x2  fuzzy_pid2.o [1]
  .text                ro code  0x00004f90    0x6c  localeconv.o [3]
  .text                ro code  0x00004ffc     0xe  div.o [3]
  .rodata              const    0x0000500a     0x2  fuzzy_pid2.o [1]
  .text                ro code  0x0000500c     0x2  I64DivZer.o [5]
  .text                ro code  0x0000500e     0x2  xtls.o [3]
  .data_init                    0x00005010   0x940  <Block>
    Initializer bytes  ro data  0x00005010   0x940  <for .data-1>
  .rodata              const    0x00005950     0x2  fuzzy_pid2.o [1]
  .text                ro code  0x00005954   0x754  Motor.o [1]
  .text                ro code  0x000060a8   0x740  OLED.o [1]
  .text                ro code  0x000067e8   0x66c  MK60_spi.o [1]
  .text                ro code  0x00006e54     0x8  abs.o [3]
  .text                ro code  0x00006e5c   0x654  Car.o [1]
  .text                ro code  0x000074b0    0xac  MK60_PIT.o [1]
  .text                ro code  0x0000755c    0x40  VCAN_computer.o [1]
  .text                ro code  0x0000759c   0x4a8  VCAN_NRF24L0.o [1]
  .text                ro code  0x00007a44    0xcc  misc.o [1]
  Veneer               ro code  0x00007b10     0x8  - Linker created -
  .text                ro code  0x00007b18   0x3b8  MK60_mcg.o [1]
  .rodata              const    0x00007ed0   0x228  OLED.o [1]
  .text                ro code  0x000080f8   0x224  MK60_it.o [1]
  .text                ro code  0x0000831c   0x204  main.o [1]
  .text                ro code  0x00008520    0xa8  Control.o [1]
  CodeRelocate                  0x000085c8   0x1c8  <Block>
    Initializer bytes  ro data  0x000085c8   0x1c8  <for CodeRelocateRam-1>
  .text                ro code  0x00008790   0x130  system_MK60DZ10.o [1]
  .text                ro code  0x000088c0    0x40  MK60_wdog.o [1]
  .rodata              const    0x00008900    0x44  MK60_flash.o [1]
  .rodata              const    0x00008944    0x44  MK60_SysTick.o [1]
  .rodata              const    0x00008988    0x40  MK60_adc.o [1]
  .rodata              const    0x000089c8    0x40  MK60_ftm.o [1]
  .rodata              const    0x00008a08    0x40  MK60_gpio.o [1]
  .rodata              const    0x00008a48    0x40  MK60_PIT.o [1]
  .rodata              const    0x00008a88    0x40  MK60_spi.o [1]
  .rodata              const    0x00008ac8    0x40  MK60_spi.o [1]
  .rodata              const    0x00008b08    0x40  MK60_uart.o [1]
  .rodata              const    0x00008b48    0x3c  misc.o [1]
  .rodata              const    0x00008b84    0x3c  MK60_conf.o [1]
  .text                ro code  0x00008bc0    0x28  data_init.o [5]
  .rodata              const    0x00008be8    0x24  MK60_conf.o [1]
  .iar.init_table      const    0x00008c0c    0x10  - Linker created -
  .rodata              const    0x00008c1c    0x20  MK60_conf.o [1]
  .text                ro code  0x00008c3c    0x1a  cmain.o [5]
  .text                ro code  0x00008c56     0x4  low_level_init.o [3]
  .text                ro code  0x00008c5a     0x4  exit.o [3]
  .rodata              const    0x00008c5e     0x2  fuzzy_pid2.o [1]
  .text                ro code  0x00008c60     0xa  cexit.o [5]
  .rodata              const    0x00008c6a     0x2  fuzzy_pid2.o [1]
  .text                ro code  0x00008c6c     0xc  XXexit.o [5]
  .text                ro code  0x00008c78    0x16  xprout.o [3]
  .rodata              const    0x00008c8e     0x2  fuzzy_pid2.o [1]
  .text                ro code  0x00008c90     0xc  putchar.o [3]
  .rodata              const    0x00008c9c    0x14  MK60_conf.o [1]
  .text                ro code  0x00008cb0     0xc  cstartup_M.o [5]
  .rodata              const    0x00008cbc     0x8  Car.o [1]
  .rodata              const    0x00008cc4     0x8  Car.o [1]
  .rodata              const    0x00008ccc     0x8  Car.o [1]
  .rodata              const    0x00008cd4     0x8  Car.o [1]
  .rodata              const    0x00008cdc     0x8  Car.o [1]
  .rodata              const    0x00008ce4     0x8  Car.o [1]
  .rodata              const    0x00008cec     0x8  Car.o [1]
  .rodata              const    0x00008cf4     0x8  Car.o [1]
  .rodata              const    0x00008cfc     0x8  Car.o [1]
  .rodata              const    0x00008d04     0x8  Car.o [1]
  .rodata              const    0x00008d0c     0x8  Car.o [1]
  .rodata              const    0x00008d14     0x8  fuzzy_pid2.o [1]
  .rodata              const    0x00008d1c     0x8  fuzzy_pid2.o [1]
  .rodata              const    0x00008d24     0x8  fuzzy_pid2.o [1]
  .rodata              const    0x00008d2c     0x8  fuzzy_pid2.o [1]
  .rodata              const    0x00008d34     0x8  VCAN_NRF24L0.o [1]
  .rodata              const    0x00008d3c     0x4  MK60_spi.o [1]
  .rodata              const    0x00008d40     0x2  VCAN_computer.o [1]
  .rodata              const    0x00008d42     0x2  VCAN_computer.o [1]
  Initializer bytes    ro data  0x00008d44    0x88  <for P2 s0>
                              - 0x00008dcc  0x89b4

"P2":                                       0x176c
  .data                         0x1fff0410   0x940  <Block>
    .data-1                     0x1fff0410   0x940  <Init block>
      .data            inited   0x1fff0410     0x1  Car.o [1]
      .data            inited   0x1fff0414    0x10  fuzzy_pid2.o [1]
      .data            inited   0x1fff0424    0x10  fuzzy_pid2.o [1]
      .data            inited   0x1fff0434    0x10  fuzzy_pid2.o [1]
      .data            inited   0x1fff0444    0x10  fuzzy_pid2.o [1]
      .data            inited   0x1fff0454    0x10  fuzzy_pid2.o [1]
      .data            inited   0x1fff0464    0x10  fuzzy_pid2.o [1]
      .data            inited   0x1fff0474    0x10  fuzzy_pid2.o [1]
      .data            inited   0x1fff0484     0x4  fuzzy_pid2.o [1]
      .data            inited   0x1fff0488     0x4  fuzzy_pid2.o [1]
      .data            inited   0x1fff048c     0x4  fuzzy_pid2.o [1]
      .data            inited   0x1fff0490    0x34  fuzzy_pid2.o [1]
      .data            inited   0x1fff04c4    0x64  fuzzy_pid2.o [1]
      .data            inited   0x1fff0528     0x8  MK60_adc.o [1]
      .data            inited   0x1fff0530   0x708  MK60_conf.o [1]
      .data            inited   0x1fff0c38     0xc  MK60_ftm.o [1]
      .data            inited   0x1fff0c44    0x14  MK60_gpio.o [1]
      .data            inited   0x1fff0c58    0x44  MK60_mcg.o [1]
      .data            inited   0x1fff0c9c     0x4  MK60_mcg.o [1]
      .data            inited   0x1fff0ca0    0x14  MK60_port.o [1]
      .data            inited   0x1fff0cb4     0xc  MK60_spi.o [1]
      .data            inited   0x1fff0cc0    0x18  MK60_uart.o [1]
      .data            inited   0x1fff0cd8     0x2  Motor.o [1]
      .data            inited   0x1fff0cdc     0x4  Motor.o [1]
      .data            inited   0x1fff0ce0     0x4  Motor.o [1]
      .data            inited   0x1fff0ce4     0x4  Motor.o [1]
      .data            inited   0x1fff0ce8     0x4  Steer.o [1]
      .data            inited   0x1fff0cec     0x4  Steer.o [1]
      .data            inited   0x1fff0cf0     0x4  Steer.o [1]
      .data            inited   0x1fff0cf4     0x8  VCAN_key.o [1]
      .data            inited   0x1fff0cfc     0x4  VCAN_LED.o [1]
      .data            inited   0x1fff0d00     0x8  VCAN_NRF24L0.o [1]
      .data            inited   0x1fff0d08     0x8  VCAN_NRF24L0.o [1]
      .data            inited   0x1fff0d10    0x40  xfiles.o [3]
  CodeRelocateRam               0x1fff0d50   0x1c8  <Block>
    CodeRelocateRam-1           0x1fff0d50   0x1c8  <Init block>
      Veneer           inited   0x1fff0d50     0x8  - Linker created -
      Veneer           inited   0x1fff0d58     0x8  - Linker created -
      .textrw          inited   0x1fff0d60   0x168  MK60_flash.o [1]
      .textrw          inited   0x1fff0ec8    0x50  MK60_mcg.o [1]
  .bss                          0x1fff0f18   0xbdc  <Block>
    .bss               zero     0x1fff0f18    0x20  Car.o [1]
    .bss               zero     0x1fff0f38    0x20  Control.o [1]
    .bss               zero     0x1fff0f58    0x20  Control.o [1]
    .bss               zero     0x1fff0f78     0xc  MK60_ftm.o [1]
    .bss               zero     0x1fff0f84     0x4  MK60_it.o [1]
    .bss               zero     0x1fff0f88     0x4  MK60_it.o [1]
    .bss               zero     0x1fff0f8c     0x8  MK60_it.o [1]
    .bss               zero     0x1fff0f94     0x4  Motor.o [1]
    .bss               zero     0x1fff0f98    0x14  Motor.o [1]
    .bss               zero     0x1fff0fac     0x8  Motor.o [1]
    .bss               zero     0x1fff0fb4     0x4  Motor.o [1]
    .bss               zero     0x1fff0fb8     0x4  Motor.o [1]
    .bss               zero     0x1fff0fbc     0x4  Motor.o [1]
    .bss               zero     0x1fff0fc0     0x4  Motor.o [1]
    .bss               zero     0x1fff0fc4    0x5c  Steer.o [1]
    .bss               zero     0x1fff1020     0x4  Steer.o [1]
    .bss               zero     0x1fff1024     0x4  Steer.o [1]
    .bss               zero     0x1fff1028    0x28  Steer.o [1]
    .bss               zero     0x1fff1050     0x4  system_MK60DZ10.o [1]
    .bss               zero     0x1fff1054     0x4  system_MK60DZ10.o [1]
    .bss               zero     0x1fff1058     0x4  system_MK60DZ10.o [1]
    .bss               zero     0x1fff105c   0xa00  VCAN_NRF24L0.o [1]
    .bss               zero     0x1fff1a5c     0x4  VCAN_NRF24L0.o [1]
    .bss               zero     0x1fff1a60     0x4  VCAN_NRF24L0.o [1]
    .bss               zero     0x1fff1a64    0x50  xfiles.o [3]
    .bss               zero     0x1fff1ab4     0x2  MK60_it.o [1]
    .bss               zero     0x1fff1ab6     0x2  MK60_it.o [1]
    .bss               zero     0x1fff1ab8     0x2  MK60_it.o [1]
    .bss               zero     0x1fff1aba     0x2  Motor.o [1]
    .bss               zero     0x1fff1abc     0x2  Motor.o [1]
    .bss               zero     0x1fff1abe     0x2  Motor.o [1]
    .bss               zero     0x1fff1ac0     0x2  Motor.o [1]
    .bss               zero     0x1fff1ac2     0x2  Motor.o [1]
    .bss               zero     0x1fff1ac4     0x2  Motor.o [1]
    .bss               zero     0x1fff1ac6     0x2  Motor.o [1]
    .bss               zero     0x1fff1ac8     0x2  Steer.o [1]
    .bss               zero     0x1fff1aca     0x2  Steer.o [1]
    .bss               zero     0x1fff1acc     0x2  Steer.o [1]
    .bss               zero     0x1fff1ace     0x1  Car.o [1]
    .bss               zero     0x1fff1acf     0x1  Car.o [1]
    .bss               zero     0x1fff1ad0     0x1  Car.o [1]
    .bss               zero     0x1fff1ad1     0x1  Control.o [1]
    .bss               zero     0x1fff1ad2     0x1  Control.o [1]
    .bss               zero     0x1fff1ad3     0x1  Motor.o [1]
    .bss               zero     0x1fff1ad4     0x1  Motor.o [1]
    .bss               zero     0x1fff1ad5     0x1  Motor.o [1]
    .bss               zero     0x1fff1ad6     0x1  Motor.o [1]
    .bss               zero     0x1fff1ad7     0x1  Motor.o [1]
    .bss               zero     0x1fff1ad8     0x1  Motor.o [1]
    .bss               zero     0x1fff1ad9     0x1  Motor.o [1]
    .bss               zero     0x1fff1ada     0x1  Motor.o [1]
    .bss               zero     0x1fff1adb     0x1  Steer.o [1]
    .bss               zero     0x1fff1adc     0x1  Steer.o [1]
    .bss               zero     0x1fff1add     0x1  Steer.o [1]
    .bss               zero     0x1fff1ade     0x1  Steer.o [1]
    .bss               zero     0x1fff1adf     0x1  Steer.o [1]
    .bss               zero     0x1fff1ae0     0x1  Steer.o [1]
    .bss               zero     0x1fff1ae1     0x1  Steer.o [1]
    .bss               zero     0x1fff1ae2     0x1  Steer.o [1]
    .bss               zero     0x1fff1ae3     0x1  Steer.o [1]
    .bss               zero     0x1fff1ae4     0x1  Steer.o [1]
    .bss               zero     0x1fff1ae5     0x1  Steer.o [1]
    .bss               zero     0x1fff1ae6     0x1  Steer.o [1]
    .bss               zero     0x1fff1ae7     0x1  Steer.o [1]
    .bss               zero     0x1fff1ae8     0x1  Steer.o [1]
    .bss               zero     0x1fff1ae9     0x1  Steer.o [1]
    .bss               zero     0x1fff1aea     0x1  Steer.o [1]
    .bss               zero     0x1fff1aeb     0x1  Steer.o [1]
    .bss               zero     0x1fff1aec     0x1  Steer.o [1]
    .bss               zero     0x1fff1aed     0x1  Steer.o [1]
    .bss               zero     0x1fff1aee     0x1  Steer.o [1]
    .bss               zero     0x1fff1aef     0x1  VCAN_NRF24L0.o [1]
    .bss               zero     0x1fff1af0     0x1  VCAN_NRF24L0.o [1]
    .bss               zero     0x1fff1af1     0x1  VCAN_NRF24L0.o [1]
    .bss               zero     0x1fff1af2     0x1  VCAN_NRF24L0.o [1]
    .bss               zero     0x1fff1af3     0x1  VCAN_NRF24L0.o [1]
  P2 s0                         0x1fff1af4    0x88  <Init block>
    __DLIB_PERTHREAD   inited   0x1fff1af4    0x88  localeconv.o [3]
                              - 0x1fff1b7c  0x176c


*******************************************************************************
*** INIT TABLE
***

          Address     Size
          -------     ----
Zero (__iar_zero_init3)
    1 destination range, total size 0xbdc:
          0x1fff0f18  0xbdc



*******************************************************************************
*** MODULE SUMMARY
***

    Module                 ro code  rw code  ro data  rw data
    ------                 -------  -------  -------  -------
F:\Github\JERRY\Jerry_2017_4_14\Prj\IAR\DZ10_Debug\Obj: [1]
    Car.o                    1 620                89       36
    Control.o                  168                         66
    MK60_PIT.o                 172                64
    MK60_SysTick.o             100                68
    MK60_adc.o                 816                72        8
    MK60_conf.o                320             1 948    1 800
    MK60_flash.o                        360      428
    MK60_ftm.o               1 276                76       24
    MK60_gpio.o                296                84       20
    MK60_it.o                  548                         22
    MK60_mcg.o                 952       80      152       72
    MK60_port.o                176                20       20
    MK60_spi.o               1 644               144       12
    MK60_uart.o                624                88       24
    MK60_wdog.o                 64
    Motor.o                  1 876                16       84
    OLED.o                   1 856               552
    Steer.o                  3 776                12      178
    VCAN_LED.o                 112                 4        4
    VCAN_NRF24L0.o           1 192                24    2 589
    VCAN_computer.o             64                 4
    VCAN_key.o                 156                 8        8
    fuzzy_pid2.o             4 884               339      276
    main.o                     516
    misc.o                     204                60
    startup_MK60DZ10.o           8
    system_MK60DZ10.o          304                         12
    vectors.o                                  1 040
    ---------------------------------------------------------
    Total:                  23 724      440    5 292    5 255

command line: [2]
    ---------------------------------------------------------
    Total:

dl7M_tlf.a: [3]
    abs.o                        8
    div.o                       14
    exit.o                       4
    localeconv.o               108               136      136
    low_level_init.o             4
    printf.o                    36
    putchar.o                   12
    xfiles.o                                      64      144
    xprintflarge_nomb.o      3 054
    xprout.o                    22
    xtls.o                       2
    ---------------------------------------------------------
    Total:                   3 264               200      280

m7M_tl.a: [4]
    DblAdd.o                   232
    DblCmpLe.o                  46
    DblDiv.o                   582
    DblMul.o                   418
    DblSub.o                   384
    DblToFlt.o                 144
    DblToI32.o                  88
    FltAdd.o                   132
    FltCmpGe.o                  36
    FltCmpLe.o                  36
    FltDiv.o                   252
    FltMul.o                   216
    FltSub.o                   230
    FltToDbl.o                  78
    FltToS32.o                  68
    I32ToDbl.o                  48
    I32ToFlt.o                  50
    xdnorm.o                    66
    ---------------------------------------------------------
    Total:                   3 106

rt7M_tl.a: [5]
    ABImemcpy_unaligned.o      118
    I64DivMod.o                238
    I64DivZer.o                  2
    XXexit.o                    12
    cexit.o                     10
    cmain.o                     26
    cstartup_M.o                12
    data_init.o                 40
    memchr.o                    88
    strchr.o                    22
    strlen.o                    54
    zero_init3.o                34
    ---------------------------------------------------------
    Total:                     656

    Gaps                         2                          5
    Linker created              24       16       32
-------------------------------------------------------------
    Grand Total:            30 776      456    5 524    5 540


*******************************************************************************
*** ENTRY LIST
***

Entry                      Address   Size  Type      Object
-----                      -------   ----  ----      ------
.bss$$Base              0x1fff0f18          --   Gb  - Linker created -
.bss$$Limit             0x1fff1af4          --   Gb  - Linker created -
.data$$Base             0x1fff0410          --   Gb  - Linker created -
.data$$Limit            0x1fff0d50          --   Gb  - Linker created -
.data_init$$Base        0x00005010          --   Gb  - Linker created -
.data_init$$Limit       0x00005950          --   Gb  - Linker created -
?main                   0x00008c3d         Code  Gb  cmain.o [5]
ABD_d                   0x1fff0fbc    0x4  Data  Gb  Motor.o [1]
ABD_err                 0x1fff1abe    0x2  Data  Gb  Motor.o [1]
ABD_err_err             0x1fff1ac2    0x2  Data  Gb  Motor.o [1]
ABD_last_err            0x1fff1ac0    0x2  Data  Gb  Motor.o [1]
ABD_p                   0x1fff0cdc    0x4  Data  Gb  Motor.o [1]
ABDistance              0x1fff1ab6    0x2  Data  Gb  MK60_it.o [1]
ABDistance_filter       0x1fff0f8c    0x8  Data  Gb  MK60_it.o [1]
ABDistance_set          0x1fff0cd8    0x2  Data  Gb  Motor.o [1]
ADCN                    0x1fff0528    0x8  Data  Gb  MK60_adc.o [1]
ADdata                  0x1fff0fc4   0x5c  Data  Gb  Steer.o [1]
ASSERT_FAILED_STR       0x00008be8   0x24  Data  Gb  MK60_conf.o [1]
BSP_init                0x00006e8f   0xf2  Code  Gb  Car.o [1]
CSB_lost                0x1fff1ada    0x1  Data  Gb  Motor.o [1]
CSB_lost_count          0x1fff1ad9    0x1  Data  Gb  Motor.o [1]
CalculateCurrentError   0x00002ae1  0x3b6  Code  Gb  Steer.o [1]
Chao_init               0x00006f81   0x30  Code  Gb  Car.o [1]
Circle_Cal              0x00002641  0x49c  Code  Gb  Steer.o [1]
CodeRelocate$$Base      0x000085c8          --   Gb  - Linker created -
CodeRelocate$$Limit     0x00008790          --   Gb  - Linker created -
CodeRelocateRam$$Base   0x1fff0d50          --   Gb  - Linker created -
CodeRelocateRam$$Limit  0x1fff0f18          --   Gb  - Linker created -
CurrentABDistance       0x1fff1ab8    0x2  Data  Gb  MK60_it.o [1]
DFF                     0x00008d2c    0x8  Data  Gb  fuzzy_pid2.o [1]
DMAX                    0x0000500a    0x2  Data  Gb  fuzzy_pid2.o [1]
DMIN                    0x00005950    0x2  Data  Gb  fuzzy_pid2.o [1]
DirectionControl        0x00002eb9  0x16a  Code  Gb  Steer.o [1]
DirectionPianCha        0x1fff1028   0x28  Data  Gb  Steer.o [1]
DoubleError             0x1fff1024    0x4  Data  Gb  Steer.o [1]
ECF                     0x00008d1c    0x8  Data  Gb  fuzzy_pid2.o [1]
ECMAX                   0x00001f66    0x2  Data  Gb  fuzzy_pid2.o [1]
ECMIN                   0x000034f6    0x2  Data  Gb  fuzzy_pid2.o [1]
EF                      0x00008d14    0x8  Data  Gb  fuzzy_pid2.o [1]
EMAX                    0x0000188a    0x2  Data  Gb  fuzzy_pid2.o [1]
EMIN                    0x00001dc2    0x2  Data  Gb  fuzzy_pid2.o [1]
F6x8                    0x00007ed0  0x228  Data  Gb  OLED.o [1]
FFMAX                   0x00008c8e    0x2  Data  Gb  fuzzy_pid2.o [1]
FMAX                    0x00004d5e    0x2  Data  Gb  fuzzy_pid2.o [1]
FTMN                    0x1fff0c38    0xc  Data  Gb  MK60_ftm.o [1]
FTM_port_mux            0x000034f9  0x118  Code  Lc  MK60_ftm.o [1]
FuzzySet_Speed          0x00000dfd  0x902  Code  Gb  fuzzy_pid2.o [1]
Fuzzy_Direction_P       0x00000419  0x9b8  Code  Gb  fuzzy_pid2.o [1]
GPIOX                   0x1fff0c44   0x14  Data  Gb  MK60_gpio.o [1]
Go_flag                 0x1fff1acf    0x1  Data  Gb  Car.o [1]
KEY_PTxn                0x1fff0cf4    0x8  Data  Gb  VCAN_key.o [1]
LCD_DLY_ms              0x000061ab   0x18  Code  Gb  OLED.o [1]
LCD_Fill                0x0000616b   0x40  Code  Gb  OLED.o [1]
LCD_Init                0x000061c3   0xf8  Code  Gb  OLED.o [1]
LCD_P6x8Str             0x000062bb   0x7c  Code  Gb  OLED.o [1]
LCD_Set_Pos             0x00006143   0x28  Code  Gb  OLED.o [1]
LCD_WrCmd               0x000060f9   0x4a  Code  Gb  OLED.o [1]
LCD_WrDat               0x000060a9   0x4e  Code  Gb  OLED.o [1]
LED_P6x8Char            0x00006337   0x54  Code  Gb  OLED.o [1]
LED_PTxn                0x1fff0cfc    0x4  Data  Gb  VCAN_LED.o [1]
LED_PrintValueF         0x000064cd  0x308  Code  Gb  OLED.o [1]
LED_PrintValueFP        0x00006399  0x134  Code  Gb  OLED.o [1]
LoadInt                 0x0000469b   0x6e  Code  Lc  xprintflarge_nomb.o [3]
Maxspeed                0x1fff1ac4    0x2  Data  Gb  Motor.o [1]
Minspeed                0x1fff1ac6    0x2  Data  Gb  Motor.o [1]
Motor_Control           0x00005ad1  0x514  Code  Gb  Motor.o [1]
Motor_D                 0x1fff0fc0    0x4  Data  Gb  Motor.o [1]
Motor_Duty              0x1fff0f94    0x4  Data  Gb  Motor.o [1]
Motor_GetSpeed          0x0000598f  0x142  Code  Gb  Motor.o [1]
Motor_I                 0x1fff0ce4    0x4  Data  Gb  Motor.o [1]
Motor_P                 0x1fff0ce0    0x4  Data  Gb  Motor.o [1]
Motor_SetSpeed          0x00005955   0x3a  Code  Gb  Motor.o [1]
Motor_init              0x00006e5d   0x20  Code  Gb  Car.o [1]
NRF_ISR_RX_FIFO         0x1fff105c  0xa00  Data  Gb  VCAN_NRF24L0.o [1]
NVIC_DisableIRQ         0x000080f9   0x14  Code  Lc  MK60_it.o [1]
NVIC_EnableIRQ          0x0000833b   0x14  Code  Lc  main.o [1]
NVIC_SetPriority        0x0000834f   0x26  Code  Lc  main.o [1]
NVIC_SetPriorityGrouping
                        0x0000831d   0x1e  Code  Lc  main.o [1]
NVIC_SystemReset        0x00003a05   0x1a  Code  Lc  MK60_conf.o [1]
Oled_Display            0x00007059  0x324  Code  Gb  Car.o [1]
PFF                     0x00008d24    0x8  Data  Gb  fuzzy_pid2.o [1]
PIT0_IRQHandler         0x0000810d   0xea  Code  Gb  MK60_it.o [1]
PMAX                    0x00004ea6    0x2  Data  Gb  fuzzy_pid2.o [1]
PMIN                    0x00004f8e    0x2  Data  Gb  fuzzy_pid2.o [1]
PORTA_IRQHandler        0x000081f7   0x8a  Code  Gb  MK60_it.o [1]
PORTE_IRQHandler        0x00008281   0x50  Code  Gb  MK60_it.o [1]
PORTX                   0x1fff0ca0   0x14  Data  Gb  MK60_port.o [1]
Prospect_See            0x1fff0fb8    0x4  Data  Gb  Motor.o [1]
RX_ADDRESS              0x1fff0d08    0x8  Data  Gb  VCAN_NRF24L0.o [1]
Ramp_Down_flag          0x1fff1aee    0x1  Data  Gb  Steer.o [1]
Ramp_count              0x1fff1aed    0x1  Data  Gb  Steer.o [1]
Ramp_flag               0x1fff1aec    0x1  Data  Gb  Steer.o [1]
Read_AD                 0x00002229  0x418  Code  Gb  Steer.o [1]
Region$$Table$$Base     0x00008c0c          --   Gb  - Linker created -
Region$$Table$$Limit    0x00008c1c          --   Gb  - Linker created -
Reset_Handler           0x00000411         Code  Gb  startup_MK60DZ10.o [1]
RunTime                 0x1fff0f88    0x4  Data  Gb  MK60_it.o [1]
SMAX                    0x00004d0e    0x2  Data  Gb  fuzzy_pid2.o [1]
SMIN                    0x00004d26    0x2  Data  Gb  fuzzy_pid2.o [1]
SPIN                    0x1fff0cb4    0xc  Data  Gb  MK60_spi.o [1]
SSMAX                   0x00008c5e    0x2  Data  Gb  fuzzy_pid2.o [1]
SSMIN                   0x00008c6a    0x2  Data  Gb  fuzzy_pid2.o [1]
Sensor_AD_init          0x00006fb1   0xa8  Code  Gb  Car.o [1]
Speed_err               0x1fff0fac    0x8  Data  Gb  Motor.o [1]
Steer_D                 0x1fff0cec    0x4  Data  Gb  Steer.o [1]
Steer_P                 0x1fff0ce8    0x4  Data  Gb  Steer.o [1]
Steer_init              0x00006e7d   0x12  Code  Gb  Car.o [1]
SteeringZkb             0x1fff1aca    0x2  Data  Gb  Steer.o [1]
Straight_flag           0x1fff1ad4    0x1  Data  Gb  Motor.o [1]
TX_ADDRESS              0x1fff0d00    0x8  Data  Gb  VCAN_NRF24L0.o [1]
TargetSpeed             0x1fff1abc    0x2  Data  Gb  Motor.o [1]
TimeCount               0x1fff1ab4    0x2  Data  Gb  MK60_it.o [1]
Track_complexity        0x1fff0fb4    0x4  Data  Gb  Motor.o [1]
UARTN                   0x1fff0cc0   0x18  Data  Gb  MK60_uart.o [1]
UD                      0x1fff0488    0x4  Data  Gb  fuzzy_pid2.o [1]
UD0                     0x1fff0424   0x10  Data  Gb  fuzzy_pid2.o [1]
UD3                     0x1fff0434   0x10  Data  Gb  fuzzy_pid2.o [1]
UFF                     0x1fff048c    0x4  Data  Gb  fuzzy_pid2.o [1]
UFF0                    0x1fff0444   0x10  Data  Gb  fuzzy_pid2.o [1]
UFF1                    0x1fff0454   0x10  Data  Gb  fuzzy_pid2.o [1]
UFF2                    0x1fff0464   0x10  Data  Gb  fuzzy_pid2.o [1]
UFF4                    0x1fff0474   0x10  Data  Gb  fuzzy_pid2.o [1]
UP                      0x1fff0484    0x4  Data  Gb  fuzzy_pid2.o [1]
UP0                     0x1fff0414   0x10  Data  Gb  fuzzy_pid2.o [1]
Wait_to_go_flag         0x1fff1ace    0x1  Data  Gb  Car.o [1]
_GenldLargeNoMb         0x00004a91  0x236  Code  Lc  xprintflarge_nomb.o [3]
_LdtobLargeNoMb         0x00004811  0x27a  Code  Lc  xprintflarge_nomb.o [3]
_LitobLargeNoMb         0x00004709  0x106  Code  Lc  xprintflarge_nomb.o [3]
_Locale_aeabi_lconv     0x1fff1b44   0x38  Data  Gb  localeconv.o [3]
_Locale_lconv           0x1fff1af4   0x50  Data  Gb  localeconv.o [3]
_PrintfLargeNoMb        0x00004121  0x574  Code  Gb  xprintflarge_nomb.o [3]
_Prout                  0x00008c79   0x16  Code  Gb  xprout.o [3]
_PutcharsLargeNoMb      0x00004cc7   0x2e  Code  Lc  xprintflarge_nomb.o [3]
__BOOT_STACK_ADDRESS {Abs}
                        0x2000fff8          --   Gb  command line/config [2]
__VECTOR_RAM {Abs}      0x1fff0000          --   Gb  command line/config [2]
__VECTOR_TABLE {Abs}    0x00000000          --   Gb  command line/config [2]
__aeabi_cdcmple         0x00004f61         Code  Gb  DblCmpLe.o [4]
__aeabi_cfcmple         0x00001781         Code  Gb  FltCmpLe.o [4]
__aeabi_cfrcmple        0x00001ae5         Code  Gb  FltCmpGe.o [4]
__aeabi_d2f             0x00003419         Code  Gb  DblToFlt.o [4]
__aeabi_d2iz            0x00002051         Code  Gb  DblToI32.o [4]
__aeabi_d2uiz           0x0000207d         Code  Gb  DblToI32.o [4]
__aeabi_dadd            0x00001f69         Code  Gb  DblAdd.o [4]
__aeabi_ddiv            0x00001b7d         Code  Gb  DblDiv.o [4]
__aeabi_dmul            0x00001dc5         Code  Gb  DblMul.o [4]
__aeabi_dsub            0x000020a9         Code  Gb  DblSub.o [4]
__aeabi_f2d             0x000034a9         Code  Gb  FltToDbl.o [4]
__aeabi_f2iz            0x00001b09         Code  Gb  FltToS32.o [4]
__aeabi_fadd            0x00001a61         Code  Gb  FltAdd.o [4]
__aeabi_fdiv            0x0000188d         Code  Gb  FltDiv.o [4]
__aeabi_fmul            0x00001989         Code  Gb  FltMul.o [4]
__aeabi_fsub            0x000017a5         Code  Gb  FltSub.o [4]
__aeabi_i2d             0x00001b4d         Code  Gb  I32ToDbl.o [4]
__aeabi_i2f             0x0000172d         Code  Gb  I32ToFlt.o [4]
__aeabi_ldiv0           0x0000500d         Code  Gb  I64DivZer.o [5]
__aeabi_ui2d            0x00001b61         Code  Gb  I32ToDbl.o [4]
__aeabi_ui2f            0x00001741         Code  Gb  I32ToFlt.o [4]
__aeabi_uldivmod        0x00004db9         Code  Gb  I64DivMod.o [5]
__cmain                 0x00008c3d         Code  Gb  cmain.o [5]
__code_start__ {Abs}    0x00000410          --   Gb  command line/config [2]
__exit                  0x00008c6d         Code  Gb  XXexit.o [5]
__iar_Dnorm             0x00004f1f   0x42  Code  Gb  xdnorm.o [4]
__iar_Locale_lconv_init
                        0x00004f91   0x3a  Code  Gb  localeconv.o [3]
__iar_Memchr            0x00004d61         Code  Gb  memchr.o [5]
__iar_Stdout            0x1fff0d10   0x40  Data  Gb  xfiles.o [3]
__iar_Strchr            0x00004d11         Code  Gb  strchr.o [5]
__iar_d2uiz             0x00002089         Code  Gb  DblToI32.o [4]
__iar_dadd              0x00001f7d         Code  Gb  DblAdd.o [4]
__iar_data_init3        0x00008bc1   0x28  Code  Gb  data_init.o [5]
__iar_dlib_perthread_access
                        0x0000500f    0x2  Code  Gb  xtls.o [3]
__iar_dsub              0x000020bd         Code  Gb  DblSub.o [4]
__iar_dsubStart         0x000020cf         Code  Gb  DblSub.o [4]
__iar_fadd              0x00001a71         Code  Gb  FltAdd.o [4]
__iar_fsub              0x000017b5         Code  Gb  FltSub.o [4]
__iar_fsubStart         0x000017c5         Code  Gb  FltSub.o [4]
__iar_program_start     0x00008cb1         Code  Gb  cstartup_M.o [5]
__iar_ui2d              0x00001b65         Code  Gb  I32ToDbl.o [4]
__iar_ui2f              0x00001745         Code  Gb  I32ToFlt.o [4]
__iar_unaligned___aeabi_memcpy
                        0x00004ea9         Code  Gb  ABImemcpy_unaligned.o [5]
__iar_unaligned___aeabi_memcpy4
                        0x00004ec9         Code  Gb  ABImemcpy_unaligned.o [5]
__iar_unaligned___aeabi_memcpy8
                        0x00004ec9         Code  Gb  ABImemcpy_unaligned.o [5]
__iar_zero_init3        0x0000175f   0x22  Code  Gb  zero_init3.o [5]
__low_level_init        0x00008c57    0x4  Code  Gb  low_level_init.o [3]
__vector_table          0x00000000  0x410  Data  Gb  vectors.o [1]
_call_main              0x00008c49         Code  Gb  cmain.o [5]
_exit                   0x00008c61         Code  Gb  cexit.o [5]
_main                   0x00008c53         Code  Gb  cmain.o [5]
abs                     0x00006e55    0x8  Code  Gb  abs.o [3]
ad_ave                  0x00003347   0x7a  Code  Gb  MK60_adc.o [1]
ad_max                  0x1fff0cf0    0x4  Data  Gb  Steer.o [1]
adc_init                0x000030e9  0x20e  Code  Gb  MK60_adc.o [1]
adc_once                0x000032f7   0x50  Code  Gb  MK60_adc.o [1]
adc_start               0x000033c1   0x44  Code  Lc  MK60_adc.o [1]
already_in_circle       0x1fff1ae0    0x1  Data  Gb  Steer.o [1]
assert_failed           0x00003a1f   0x26  Code  Gb  MK60_conf.o [1]
back_car_dir_rx         0x1fff1ae5    0x1  Data  Gb  Steer.o [1]
back_car_dir_tx         0x1fff1ae4    0x1  Data  Gb  Steer.o [1]
bus_clk_khz             0x1fff1058    0x4  Data  Gb  system_MK60DZ10.o [1]
chaoche                 0x1fff1aeb    0x1  Data  Gb  Steer.o [1]
chaoshengboTime         0x1fff0f84    0x4  Data  Gb  MK60_it.o [1]
circle_flag             0x1fff1add    0x1  Data  Gb  Steer.o [1]
circle_flag_count       0x1fff1acc    0x2  Data  Gb  Steer.o [1]
circle_left             0x1fff1ade    0x1  Data  Gb  Steer.o [1]
circle_level            0x1fff1aea    0x1  Data  Gb  Steer.o [1]
circle_ready_rx         0x1fff1ae3    0x1  Data  Gb  Steer.o [1]
circle_ready_tx         0x1fff1ae2    0x1  Data  Gb  Steer.o [1]
circle_right            0x1fff1adf    0x1  Data  Gb  Steer.o [1]
common_startup          0x000087ef   0x98  Code  Gb  system_MK60DZ10.o [1]
core_clk_khz            0x1fff1050    0x4  Data  Gb  system_MK60DZ10.o [1]
core_clk_mhz            0x1fff1054    0x4  Data  Gb  system_MK60DZ10.o [1]
count                   0x1fff1adb    0x1  Data  Gb  Steer.o [1]
default_isr             0x00003af3   0x30  Code  Gb  MK60_conf.o [1]
dianya                  0x1fff1020    0x4  Data  Gb  Steer.o [1]
dir_change              0x1fff1ae1    0x1  Data  Gb  Steer.o [1]
dir_flag                0x1fff1adc    0x1  Data  Gb  Steer.o [1]
direction_offset        0x1fff1ac8    0x2  Data  Gb  Steer.o [1]
div                     0x00004ffd    0xe  Code  Gb  div.o [3]
exit                    0x00008c5b    0x4  Code  Gb  exit.o [3]
flash_cmd               0x1fff0d61   0x20  Code  Gb  MK60_flash.o [1]
flash_erase_sector      0x1fff0db1   0x58  Code  Gb  MK60_flash.o [1]
flash_init              0x1fff0d81   0x30  Code  Gb  MK60_flash.o [1]
flash_write             0x1fff0e09   0x8e  Code  Gb  MK60_flash.o [1]
fputc                   0x00003a45   0x14  Code  Gb  MK60_conf.o [1]
ftm_mod                 0x1fff0f78    0xc  Data  Lc  MK60_ftm.o [1]
ftm_pwm_duty            0x0000379b   0xe6  Code  Gb  MK60_ftm.o [1]
ftm_pwm_init            0x00003611  0x18a  Code  Gb  MK60_ftm.o [1]
ftm_quad_clean          0x000039b3   0x28  Code  Gb  MK60_ftm.o [1]
ftm_quad_get            0x00003987   0x2c  Code  Gb  MK60_ftm.o [1]
ftm_quad_init           0x00003881  0x106  Code  Gb  MK60_ftm.o [1]
gpio_get                0x000040df   0x3a  Code  Gb  MK60_gpio.o [1]
gpio_init               0x00003ff9   0xae  Code  Gb  MK60_gpio.o [1]
gpio_turn               0x000040a7   0x38  Code  Gb  MK60_gpio.o [1]
host_flag               0x1fff1ad1    0x1  Data  Gb  Control.o [1]
key_check               0x00003fc9   0x2a  Code  Gb  VCAN_key.o [1]
key_get                 0x00003faf   0x1a  Code  Gb  VCAN_key.o [1]
key_init                0x00003f5d   0x52  Code  Gb  VCAN_key.o [1]
led_init                0x00003bf5   0x3a  Code  Gb  VCAN_LED.o [1]
led_turn                0x00003c2f   0x32  Code  Gb  VCAN_LED.o [1]
localeconv              0x00004fcb   0x16  Code  Gb  localeconv.o [3]
main                    0x00008375  0x15c  Code  Gb  main.o [1]
mcg_cfg                 0x1fff0c58   0x44  Data  Gb  MK60_mcg.o [1]
mcg_div                 0x1fff0c9c    0x4  Data  Gb  MK60_mcg.o [1]
mcg_div_count           0x00007b19  0x2e8  Code  Gb  MK60_mcg.o [1]
memchr                  0x00004d61         Code  Gb  memchr.o [5]
no_takeoff_rx           0x1fff1ae9    0x1  Data  Gb  Steer.o [1]
no_takeoff_tx           0x1fff1ae8    0x1  Data  Gb  Steer.o [1]
nrf_handler             0x00007911   0xfc  Code  Gb  VCAN_NRF24L0.o [1]
nrf_init                0x0000759d   0xa8  Code  Gb  VCAN_NRF24L0.o [1]
nrf_irq_tx_addr         0x1fff1a5c    0x4  Data  Gb  VCAN_NRF24L0.o [1]
nrf_irq_tx_flag         0x1fff1af3    0x1  Data  Gb  VCAN_NRF24L0.o [1]
nrf_irq_tx_pnum         0x1fff1a60    0x4  Data  Gb  VCAN_NRF24L0.o [1]
nrf_link_check          0x000076e3   0x78  Code  Gb  VCAN_NRF24L0.o [1]
nrf_mode                0x1fff1aef    0x1  Data  Gb  VCAN_NRF24L0.o [1]
nrf_readbuf             0x000076bb   0x28  Code  Lc  VCAN_NRF24L0.o [1]
nrf_readreg             0x0000766b   0x28  Code  Lc  VCAN_NRF24L0.o [1]
nrf_rx                  0x000077f1   0xca  Code  Gb  VCAN_NRF24L0.o [1]
nrf_rx_flag             0x1fff1af2    0x1  Data  Gb  VCAN_NRF24L0.o [1]
nrf_rx_front            0x1fff1af0    0x1  Data  Gb  VCAN_NRF24L0.o [1]
nrf_rx_mode             0x0000775b   0x50  Code  Gb  VCAN_NRF24L0.o [1]
nrf_rx_rear             0x1fff1af1    0x1  Data  Gb  VCAN_NRF24L0.o [1]
nrf_tx                  0x000078bb   0x56  Code  Gb  VCAN_NRF24L0.o [1]
nrf_tx_mode             0x000077ab   0x46  Code  Lc  VCAN_NRF24L0.o [1]
nrf_writebuf            0x00007693   0x28  Code  Lc  VCAN_NRF24L0.o [1]
nrf_writereg            0x00007645   0x26  Code  Lc  VCAN_NRF24L0.o [1]
nrftxbuf                0x00008521   0x58  Code  Gb  Control.o [1]
obuf                    0x1fff1a64   0x50  Data  Lc  xfiles.o [3]
overtake_mode           0x1fff1ad0    0x1  Data  Gb  Car.o [1]
page                    0x1fff0410    0x1  Data  Gb  Car.o [1]
pit1Init                0x000074b1   0x28  Code  Gb  MK60_PIT.o [1]
pit_init                0x000074d9   0x6c  Code  Gb  MK60_PIT.o [1]
pll_init                0x00007e01   0xb2  Code  Gb  MK60_mcg.o [1]
port_init               0x00003b45   0x44  Code  Gb  MK60_port.o [1]
port_init_NoALT         0x00003b89   0x62  Code  Gb  MK60_port.o [1]
printf                  0x00003c65   0x24  Code  Gb  printf.o [3]
putchar                 0x00008c91    0xc  Code  Gb  putchar.o [3]
realSpeed               0x1fff1aba    0x2  Data  Gb  Motor.o [1]
ruleP                   0x1fff0490   0x34  Data  Gb  fuzzy_pid2.o [1]
ruleSD                  0x1fff04c4   0x64  Data  Gb  fuzzy_pid2.o [1]
ruwan_flag              0x1fff1ad5    0x1  Data  Gb  Motor.o [1]
rx_Calculate            0x00008579   0x22  Code  Gb  Control.o [1]
rx_nrf_flag             0x1fff1ad2    0x1  Data  Gb  Control.o [1]
rxbuf                   0x1fff0f58   0x20  Data  Gb  Control.o [1]
send_data               0x00007381   0x78  Code  Gb  Car.o [1]
set_sys_dividers        0x1fff0ec9   0x50  Code  Gb  MK60_mcg.o [1]
set_vector_handler      0x00007a67   0x22  Code  Gb  misc.o [1]
speed_save              0x1fff0f98   0x14  Data  Gb  Motor.o [1]
spi_init                0x000067e9  0x32c  Code  Gb  MK60_spi.o [1]
spi_mosi                0x00006b15  0x110  Code  Gb  MK60_spi.o [1]
spi_mosi_cmd            0x00006c25  0x20c  Code  Gb  MK60_spi.o [1]
start                   0x00008791   0x22  Code  Gb  system_MK60DZ10.o [1]
start_check             0x00003a59   0x9a  Code  Gb  MK60_conf.o [1]
start_flag              0x1fff1ad8    0x1  Data  Gb  Motor.o [1]
stop_flag               0x1fff1ad7    0x1  Data  Gb  Motor.o [1]
strchr                  0x00004d11         Code  Gb  strchr.o [5]
strlen                  0x00004d29         Code  Gb  strlen.o [5]
sysinit                 0x000087b3   0x3c  Code  Gb  system_MK60DZ10.o [1]
systick_delay           0x00003c89   0x36  Code  Gb  MK60_SysTick.o [1]
systick_delay_ms        0x00003cbf   0x18  Code  Gb  MK60_SysTick.o [1]
takeoff_over_rx         0x1fff1ae7    0x1  Data  Gb  Steer.o [1]
takeoff_over_tx         0x1fff1ae6    0x1  Data  Gb  Steer.o [1]
txbuf                   0x1fff0f38   0x20  Data  Gb  Control.o [1]
uart_init               0x00003ced  0x218  Code  Gb  MK60_uart.o [1]
uart_putbuff            0x00003f1f   0x24  Code  Gb  MK60_uart.o [1]
uart_putchar            0x00003f05   0x1a  Code  Gb  MK60_uart.o [1]
var                     0x1fff0f18   0x20  Data  Gb  Car.o [1]
vcan_cpy                0x00007a95   0x7c  Code  Gb  misc.o [1]
vcan_sendware           0x0000755d   0x38  Code  Gb  VCAN_computer.o [1]
vector_str              0x1fff0530  0x708  Data  Gb  MK60_conf.o [1]
wandao_flag             0x1fff1ad6    0x1  Data  Gb  Motor.o [1]
wdog_disable            0x000088c1   0x16  Code  Gb  MK60_wdog.o [1]
wdog_unlock             0x000088d7   0x20  Code  Lc  MK60_wdog.o [1]
write_vtor              0x00007a45   0x22  Code  Gb  misc.o [1]
zhidao_num              0x1fff1ad3    0x1  Data  Gb  Motor.o [1]


[1] = F:\Github\JERRY\Jerry_2017_4_14\Prj\IAR\DZ10_Debug\Obj
[2] = command line
[3] = dl7M_tlf.a
[4] = m7M_tl.a
[5] = rt7M_tl.a

  30 776 bytes of readonly  code memory
     456 bytes of readwrite code memory
   5 524 bytes of readonly  data memory
   5 540 bytes of readwrite data memory

Errors: none
Warnings: none
