###############################################################################
#
# IAR ELF Linker V7.30.1.7746/W32 for ARM                 10/Jun/2017  21:26:35
# Copyright 2007-2014 IAR Systems AB.
#
#    Output file  =  
#        F:\Github\JERRY\Jerry_2017_4_14\Prj\IAR\DZ10_Debug\Exe\vcan_Kinetis.out
#    Map file     =  
#        F:\Github\JERRY\Jerry_2017_4_14\Prj\IAR\DZ10_Debug\List\vcan_Kinetis.map
#    Command line =  
#        F:\Github\JERRY\Jerry_2017_4_14\Prj\IAR\DZ10_Debug\Obj\Car.o
#        F:\Github\JERRY\Jerry_2017_4_14\Prj\IAR\DZ10_Debug\Obj\Control.o
#        F:\Github\JERRY\Jerry_2017_4_14\Prj\IAR\DZ10_Debug\Obj\diskio.o
#        F:\Github\JERRY\Jerry_2017_4_14\Prj\IAR\DZ10_Debug\Obj\ff.o
#        F:\Github\JERRY\Jerry_2017_4_14\Prj\IAR\DZ10_Debug\Obj\fuzzy_pid2.o
#        F:\Github\JERRY\Jerry_2017_4_14\Prj\IAR\DZ10_Debug\Obj\main.o
#        F:\Github\JERRY\Jerry_2017_4_14\Prj\IAR\DZ10_Debug\Obj\misc.o
#        F:\Github\JERRY\Jerry_2017_4_14\Prj\IAR\DZ10_Debug\Obj\MK60_adc.o
#        F:\Github\JERRY\Jerry_2017_4_14\Prj\IAR\DZ10_Debug\Obj\MK60_can.o
#        F:\Github\JERRY\Jerry_2017_4_14\Prj\IAR\DZ10_Debug\Obj\MK60_conf.o
#        F:\Github\JERRY\Jerry_2017_4_14\Prj\IAR\DZ10_Debug\Obj\MK60_dac.o
#        F:\Github\JERRY\Jerry_2017_4_14\Prj\IAR\DZ10_Debug\Obj\MK60_dma.o
#        F:\Github\JERRY\Jerry_2017_4_14\Prj\IAR\DZ10_Debug\Obj\MK60_DWT.o
#        F:\Github\JERRY\Jerry_2017_4_14\Prj\IAR\DZ10_Debug\Obj\MK60_flash.o
#        F:\Github\JERRY\Jerry_2017_4_14\Prj\IAR\DZ10_Debug\Obj\MK60_flexbus.o
#        F:\Github\JERRY\Jerry_2017_4_14\Prj\IAR\DZ10_Debug\Obj\MK60_ftm.o
#        F:\Github\JERRY\Jerry_2017_4_14\Prj\IAR\DZ10_Debug\Obj\MK60_gpio.o
#        F:\Github\JERRY\Jerry_2017_4_14\Prj\IAR\DZ10_Debug\Obj\MK60_i2c.o
#        F:\Github\JERRY\Jerry_2017_4_14\Prj\IAR\DZ10_Debug\Obj\MK60_it.o
#        F:\Github\JERRY\Jerry_2017_4_14\Prj\IAR\DZ10_Debug\Obj\MK60_lptmr.o
#        F:\Github\JERRY\Jerry_2017_4_14\Prj\IAR\DZ10_Debug\Obj\MK60_mcg.o
#        F:\Github\JERRY\Jerry_2017_4_14\Prj\IAR\DZ10_Debug\Obj\MK60_PIT.o
#        F:\Github\JERRY\Jerry_2017_4_14\Prj\IAR\DZ10_Debug\Obj\MK60_port.o
#        F:\Github\JERRY\Jerry_2017_4_14\Prj\IAR\DZ10_Debug\Obj\MK60_rtc.o
#        F:\Github\JERRY\Jerry_2017_4_14\Prj\IAR\DZ10_Debug\Obj\MK60_sdhc.o
#        F:\Github\JERRY\Jerry_2017_4_14\Prj\IAR\DZ10_Debug\Obj\MK60_spi.o
#        F:\Github\JERRY\Jerry_2017_4_14\Prj\IAR\DZ10_Debug\Obj\MK60_SysTick.o
#        F:\Github\JERRY\Jerry_2017_4_14\Prj\IAR\DZ10_Debug\Obj\MK60_uart.o
#        F:\Github\JERRY\Jerry_2017_4_14\Prj\IAR\DZ10_Debug\Obj\MK60_usb.o
#        F:\Github\JERRY\Jerry_2017_4_14\Prj\IAR\DZ10_Debug\Obj\MK60_wdog.o
#        F:\Github\JERRY\Jerry_2017_4_14\Prj\IAR\DZ10_Debug\Obj\Motor.o
#        F:\Github\JERRY\Jerry_2017_4_14\Prj\IAR\DZ10_Debug\Obj\OLED.o
#        F:\Github\JERRY\Jerry_2017_4_14\Prj\IAR\DZ10_Debug\Obj\startup_MK60DZ10.o
#        F:\Github\JERRY\Jerry_2017_4_14\Prj\IAR\DZ10_Debug\Obj\Steer.o
#        F:\Github\JERRY\Jerry_2017_4_14\Prj\IAR\DZ10_Debug\Obj\system_MK60DZ10.o
#        F:\Github\JERRY\Jerry_2017_4_14\Prj\IAR\DZ10_Debug\Obj\USB.o
#        F:\Github\JERRY\Jerry_2017_4_14\Prj\IAR\DZ10_Debug\Obj\USB_CDC.o
#        F:\Github\JERRY\Jerry_2017_4_14\Prj\IAR\DZ10_Debug\Obj\VCAN_ASCII.o
#        F:\Github\JERRY\Jerry_2017_4_14\Prj\IAR\DZ10_Debug\Obj\VCAN_computer.o
#        F:\Github\JERRY\Jerry_2017_4_14\Prj\IAR\DZ10_Debug\Obj\VCAN_key.o
#        F:\Github\JERRY\Jerry_2017_4_14\Prj\IAR\DZ10_Debug\Obj\VCAN_LED.o
#        F:\Github\JERRY\Jerry_2017_4_14\Prj\IAR\DZ10_Debug\Obj\VCAN_MMA7455.o
#        F:\Github\JERRY\Jerry_2017_4_14\Prj\IAR\DZ10_Debug\Obj\VCAN_NRF24L0.o
#        F:\Github\JERRY\Jerry_2017_4_14\Prj\IAR\DZ10_Debug\Obj\VCAN_RTC_count.o
#        F:\Github\JERRY\Jerry_2017_4_14\Prj\IAR\DZ10_Debug\Obj\VCAN_SCCB.o
#        F:\Github\JERRY\Jerry_2017_4_14\Prj\IAR\DZ10_Debug\Obj\vectors.o
#        --redirect _Printf=_PrintfLargeNoMb --redirect _Scanf=_ScanfLargeNoMb
#        -o
#        F:\Github\JERRY\Jerry_2017_4_14\Prj\IAR\DZ10_Debug\Exe\vcan_Kinetis.out
#        --map
#        F:\Github\JERRY\Jerry_2017_4_14\Prj\IAR\DZ10_Debug\List\vcan_Kinetis.map
#        --config "F:\Github\JERRY\Jerry_2017_4_14\Prj\IAR\config
#        files\vcan_ROM_K60N512.icf"
#        F:\Github\JERRY\Jerry_2017_4_14\Prj\IAR\..\..\Lib\CMSIS\iar_cortexM4l_math.a
#        --entry __iar_program_start --vfe
#
###############################################################################

*******************************************************************************
*** RUNTIME MODEL ATTRIBUTES
***

CppFlavor       = *
__SystemLibrary = DLib


*******************************************************************************
*** PLACEMENT SUMMARY
***

"A1":  place at 0x00000000 { ro section .intvec };
"A2":  place at 0x00000410 { ro section .noinit };
"P1":  place in [from 0x00000000 to 0x00080000] { ro, block CodeRelocate };
"P2":  place in [from 0x1fff0410 to 0x20010000] {
          rw, block CodeRelocateRam, block CSTACK, block HEAP };

  Section              Kind        Address    Size  Object
  -------              ----        -------    ----  ------
"A1":                                        0x410
  .intvec              const    0x00000000   0x410  vectors.o [1]
                              - 0x00000410   0x410

"P1", part 1 of 2:                             0x0
  .rodata              const    0x00000410     0x0  zero_init3.o [5]

"A2":                                          0x8
  .noinit              ro code  0x00000410     0x8  startup_MK60DZ10.o [1]
                              - 0x00000418     0x8

"P1", part 2 of 2:                          0x873c
  .text                ro code  0x00000418  0x1314  fuzzy_pid2.o [1]
  .text                ro code  0x0000172c    0x32  I32ToFlt.o [4]
  .text                ro code  0x0000175e    0x22  zero_init3.o [5]
  .text                ro code  0x00001780    0x24  FltCmpLe.o [4]
  .text                ro code  0x000017a4    0xe6  FltSub.o [4]
  .rodata              const    0x0000188a     0x2  fuzzy_pid2.o [1]
  .text                ro code  0x0000188c    0xfc  FltDiv.o [4]
  .text                ro code  0x00001988    0xd8  FltMul.o [4]
  .text                ro code  0x00001a60    0x84  FltAdd.o [4]
  .text                ro code  0x00001ae4    0x24  FltCmpGe.o [4]
  .text                ro code  0x00001b08    0x44  FltToS32.o [4]
  .text                ro code  0x00001b4c    0x30  I32ToDbl.o [4]
  .text                ro code  0x00001b7c   0x246  DblDiv.o [4]
  .rodata              const    0x00001dc2     0x2  fuzzy_pid2.o [1]
  .text                ro code  0x00001dc4   0x1a2  DblMul.o [4]
  .rodata              const    0x00001f66     0x2  fuzzy_pid2.o [1]
  .text                ro code  0x00001f68    0xe8  DblAdd.o [4]
  .text                ro code  0x00002050    0x58  DblToI32.o [4]
  .text                ro code  0x000020a8   0x180  DblSub.o [4]
  .text                ro code  0x00002228   0xcb4  Steer.o [1]
  .text                ro code  0x00002edc   0x330  MK60_adc.o [1]
  .text                ro code  0x0000320c    0x90  DblToFlt.o [4]
  .text                ro code  0x0000329c    0x4e  FltToDbl.o [4]
  .rodata              const    0x000032ea     0x2  fuzzy_pid2.o [1]
  .text                ro code  0x000032ec   0x4fc  MK60_ftm.o [1]
  Veneer               ro code  0x000037e8     0x8  - Linker created -
  Veneer               ro code  0x000037f0     0x8  - Linker created -
  .text                ro code  0x000037f8   0x140  MK60_conf.o [1]
  .text                ro code  0x00003938    0xb0  MK60_port.o [1]
  .text                ro code  0x000039e8    0x70  VCAN_LED.o [1]
  .text                ro code  0x00003a58    0x24  printf.o [3]
  .text                ro code  0x00003a7c    0x64  MK60_SysTick.o [1]
  .text                ro code  0x00003ae0   0x270  MK60_uart.o [1]
  .text                ro code  0x00003d50    0x9c  VCAN_key.o [1]
  .text                ro code  0x00003dec   0x128  MK60_gpio.o [1]
  .text                ro code  0x00003f14   0xbee  xprintflarge_nomb.o [3]
  .rodata              const    0x00004b02     0x2  fuzzy_pid2.o [1]
  .text                ro code  0x00004b04    0x16  strchr.o [5]
  .rodata              const    0x00004b1a     0x2  fuzzy_pid2.o [1]
  .text                ro code  0x00004b1c    0x36  strlen.o [5]
  .rodata              const    0x00004b52     0x2  fuzzy_pid2.o [1]
  .text                ro code  0x00004b54    0x58  memchr.o [5]
  .text                ro code  0x00004bac    0xee  I64DivMod.o [5]
  .rodata              const    0x00004c9a     0x2  fuzzy_pid2.o [1]
  .text                ro code  0x00004c9c    0x76  ABImemcpy_unaligned.o [5]
  .text                ro code  0x00004d12    0x42  xdnorm.o [4]
  .text                ro code  0x00004d54    0x2e  DblCmpLe.o [4]
  .rodata              const    0x00004d82     0x2  fuzzy_pid2.o [1]
  .text                ro code  0x00004d84    0x6c  localeconv.o [3]
  .text                ro code  0x00004df0     0xe  div.o [3]
  .rodata              const    0x00004dfe     0x2  fuzzy_pid2.o [1]
  .text                ro code  0x00004e00     0x2  I64DivZer.o [5]
  .text                ro code  0x00004e02     0x2  xtls.o [3]
  .data_init                    0x00004e04   0x92c  <Block>
    Initializer bytes  ro data  0x00004e04   0x92c  <for .data-1>
  .rodata              const    0x00005730     0x2  fuzzy_pid2.o [1]
  .text                ro code  0x00005734   0x740  OLED.o [1]
  .text                ro code  0x00005e74   0x720  Motor.o [1]
  .text                ro code  0x00006594   0x66c  MK60_spi.o [1]
  .text                ro code  0x00006c00     0x8  abs.o [3]
  .text                ro code  0x00006c08   0x650  Car.o [1]
  .text                ro code  0x00007258    0xac  MK60_PIT.o [1]
  .text                ro code  0x00007304    0x40  VCAN_computer.o [1]
  .text                ro code  0x00007344   0x4a8  VCAN_NRF24L0.o [1]
  .text                ro code  0x000077ec    0xcc  misc.o [1]
  Veneer               ro code  0x000078b8     0x8  - Linker created -
  .text                ro code  0x000078c0   0x3b8  MK60_mcg.o [1]
  .rodata              const    0x00007c78   0x228  OLED.o [1]
  .text                ro code  0x00007ea0   0x220  MK60_it.o [1]
  .text                ro code  0x000080c0   0x1e8  main.o [1]
  .text                ro code  0x000082a8    0xa8  Control.o [1]
  CodeRelocate                  0x00008350   0x1c8  <Block>
    Initializer bytes  ro data  0x00008350   0x1c8  <for CodeRelocateRam-1>
  .text                ro code  0x00008518   0x130  system_MK60DZ10.o [1]
  .text                ro code  0x00008648    0x40  MK60_wdog.o [1]
  .rodata              const    0x00008688    0x44  MK60_flash.o [1]
  .rodata              const    0x000086cc    0x44  MK60_SysTick.o [1]
  .rodata              const    0x00008710    0x40  MK60_adc.o [1]
  .rodata              const    0x00008750    0x40  MK60_ftm.o [1]
  .rodata              const    0x00008790    0x40  MK60_gpio.o [1]
  .rodata              const    0x000087d0    0x40  MK60_PIT.o [1]
  .rodata              const    0x00008810    0x40  MK60_spi.o [1]
  .rodata              const    0x00008850    0x40  MK60_spi.o [1]
  .rodata              const    0x00008890    0x40  MK60_uart.o [1]
  .rodata              const    0x000088d0    0x3c  misc.o [1]
  .rodata              const    0x0000890c    0x3c  MK60_conf.o [1]
  .text                ro code  0x00008948    0x28  data_init.o [5]
  .rodata              const    0x00008970    0x24  MK60_conf.o [1]
  .iar.init_table      const    0x00008994    0x10  - Linker created -
  .rodata              const    0x000089a4    0x20  MK60_conf.o [1]
  .text                ro code  0x000089c4    0x1a  cmain.o [5]
  .text                ro code  0x000089de     0x4  low_level_init.o [3]
  .text                ro code  0x000089e2     0x4  exit.o [3]
  .rodata              const    0x000089e6     0x2  fuzzy_pid2.o [1]
  .text                ro code  0x000089e8     0xa  cexit.o [5]
  .rodata              const    0x000089f2     0x2  fuzzy_pid2.o [1]
  .text                ro code  0x000089f4     0xc  XXexit.o [5]
  .text                ro code  0x00008a00    0x16  xprout.o [3]
  .rodata              const    0x00008a16     0x2  fuzzy_pid2.o [1]
  .text                ro code  0x00008a18     0xc  putchar.o [3]
  .rodata              const    0x00008a24    0x14  MK60_conf.o [1]
  .text                ro code  0x00008a38     0xc  cstartup_M.o [5]
  .rodata              const    0x00008a44     0x8  Car.o [1]
  .rodata              const    0x00008a4c     0x8  Car.o [1]
  .rodata              const    0x00008a54     0x8  Car.o [1]
  .rodata              const    0x00008a5c     0x8  Car.o [1]
  .rodata              const    0x00008a64     0x8  Car.o [1]
  .rodata              const    0x00008a6c     0x8  Car.o [1]
  .rodata              const    0x00008a74     0x8  Car.o [1]
  .rodata              const    0x00008a7c     0x8  Car.o [1]
  .rodata              const    0x00008a84     0x8  Car.o [1]
  .rodata              const    0x00008a8c     0x8  Car.o [1]
  .rodata              const    0x00008a94     0x8  Car.o [1]
  .rodata              const    0x00008a9c     0x8  fuzzy_pid2.o [1]
  .rodata              const    0x00008aa4     0x8  fuzzy_pid2.o [1]
  .rodata              const    0x00008aac     0x8  fuzzy_pid2.o [1]
  .rodata              const    0x00008ab4     0x8  fuzzy_pid2.o [1]
  .rodata              const    0x00008abc     0x8  VCAN_NRF24L0.o [1]
  .rodata              const    0x00008ac4     0x4  MK60_spi.o [1]
  .rodata              const    0x00008ac8     0x2  VCAN_computer.o [1]
  .rodata              const    0x00008aca     0x2  VCAN_computer.o [1]
  Initializer bytes    ro data  0x00008acc    0x88  <for P2 s0>
                              - 0x00008b54  0x873c

"P2":                                       0x1754
  .data                         0x1fff0410   0x92c  <Block>
    .data-1                     0x1fff0410   0x92c  <Init block>
      .data            inited   0x1fff0410     0x1  Car.o [1]
      .data            inited   0x1fff0414    0x10  fuzzy_pid2.o [1]
      .data            inited   0x1fff0424    0x10  fuzzy_pid2.o [1]
      .data            inited   0x1fff0434    0x10  fuzzy_pid2.o [1]
      .data            inited   0x1fff0444    0x10  fuzzy_pid2.o [1]
      .data            inited   0x1fff0454    0x10  fuzzy_pid2.o [1]
      .data            inited   0x1fff0464    0x10  fuzzy_pid2.o [1]
      .data            inited   0x1fff0474     0x4  fuzzy_pid2.o [1]
      .data            inited   0x1fff0478     0x4  fuzzy_pid2.o [1]
      .data            inited   0x1fff047c    0x34  fuzzy_pid2.o [1]
      .data            inited   0x1fff04b0    0x64  fuzzy_pid2.o [1]
      .data            inited   0x1fff0514     0x8  MK60_adc.o [1]
      .data            inited   0x1fff051c   0x708  MK60_conf.o [1]
      .data            inited   0x1fff0c24     0xc  MK60_ftm.o [1]
      .data            inited   0x1fff0c30    0x14  MK60_gpio.o [1]
      .data            inited   0x1fff0c44    0x44  MK60_mcg.o [1]
      .data            inited   0x1fff0c88     0x4  MK60_mcg.o [1]
      .data            inited   0x1fff0c8c    0x14  MK60_port.o [1]
      .data            inited   0x1fff0ca0     0xc  MK60_spi.o [1]
      .data            inited   0x1fff0cac    0x18  MK60_uart.o [1]
      .data            inited   0x1fff0cc4     0x2  Motor.o [1]
      .data            inited   0x1fff0cc8     0x4  Motor.o [1]
      .data            inited   0x1fff0ccc     0x4  Motor.o [1]
      .data            inited   0x1fff0cd0     0x4  Motor.o [1]
      .data            inited   0x1fff0cd4     0x4  Steer.o [1]
      .data            inited   0x1fff0cd8     0x4  Steer.o [1]
      .data            inited   0x1fff0cdc     0x4  Steer.o [1]
      .data            inited   0x1fff0ce0     0x8  VCAN_key.o [1]
      .data            inited   0x1fff0ce8     0x4  VCAN_LED.o [1]
      .data            inited   0x1fff0cec     0x8  VCAN_NRF24L0.o [1]
      .data            inited   0x1fff0cf4     0x8  VCAN_NRF24L0.o [1]
      .data            inited   0x1fff0cfc    0x40  xfiles.o [3]
  CodeRelocateRam               0x1fff0d3c   0x1c8  <Block>
    CodeRelocateRam-1           0x1fff0d3c   0x1c8  <Init block>
      Veneer           inited   0x1fff0d3c     0x8  - Linker created -
      Veneer           inited   0x1fff0d44     0x8  - Linker created -
      .textrw          inited   0x1fff0d4c   0x168  MK60_flash.o [1]
      .textrw          inited   0x1fff0eb4    0x50  MK60_mcg.o [1]
  .bss                          0x1fff0f04   0xbd8  <Block>
    .bss               zero     0x1fff0f04    0x20  Car.o [1]
    .bss               zero     0x1fff0f24    0x20  Control.o [1]
    .bss               zero     0x1fff0f44    0x20  Control.o [1]
    .bss               zero     0x1fff0f64     0xc  MK60_ftm.o [1]
    .bss               zero     0x1fff0f70     0x4  MK60_it.o [1]
    .bss               zero     0x1fff0f74     0x4  MK60_it.o [1]
    .bss               zero     0x1fff0f78     0x8  MK60_it.o [1]
    .bss               zero     0x1fff0f80     0x4  Motor.o [1]
    .bss               zero     0x1fff0f84    0x14  Motor.o [1]
    .bss               zero     0x1fff0f98     0x8  Motor.o [1]
    .bss               zero     0x1fff0fa0     0x4  Motor.o [1]
    .bss               zero     0x1fff0fa4     0x4  Motor.o [1]
    .bss               zero     0x1fff0fa8     0x4  Motor.o [1]
    .bss               zero     0x1fff0fac     0x4  Motor.o [1]
    .bss               zero     0x1fff0fb0    0x5c  Steer.o [1]
    .bss               zero     0x1fff100c     0x4  Steer.o [1]
    .bss               zero     0x1fff1010     0x4  Steer.o [1]
    .bss               zero     0x1fff1014    0x28  Steer.o [1]
    .bss               zero     0x1fff103c     0x4  system_MK60DZ10.o [1]
    .bss               zero     0x1fff1040     0x4  system_MK60DZ10.o [1]
    .bss               zero     0x1fff1044     0x4  system_MK60DZ10.o [1]
    .bss               zero     0x1fff1048   0xa00  VCAN_NRF24L0.o [1]
    .bss               zero     0x1fff1a48     0x4  VCAN_NRF24L0.o [1]
    .bss               zero     0x1fff1a4c     0x4  VCAN_NRF24L0.o [1]
    .bss               zero     0x1fff1a50    0x50  xfiles.o [3]
    .bss               zero     0x1fff1aa0     0x2  MK60_it.o [1]
    .bss               zero     0x1fff1aa2     0x2  MK60_it.o [1]
    .bss               zero     0x1fff1aa4     0x2  MK60_it.o [1]
    .bss               zero     0x1fff1aa6     0x2  Motor.o [1]
    .bss               zero     0x1fff1aa8     0x2  Motor.o [1]
    .bss               zero     0x1fff1aaa     0x2  Motor.o [1]
    .bss               zero     0x1fff1aac     0x2  Motor.o [1]
    .bss               zero     0x1fff1aae     0x2  Motor.o [1]
    .bss               zero     0x1fff1ab0     0x2  Motor.o [1]
    .bss               zero     0x1fff1ab2     0x2  Motor.o [1]
    .bss               zero     0x1fff1ab4     0x2  Steer.o [1]
    .bss               zero     0x1fff1ab6     0x2  Steer.o [1]
    .bss               zero     0x1fff1ab8     0x2  Steer.o [1]
    .bss               zero     0x1fff1aba     0x1  Car.o [1]
    .bss               zero     0x1fff1abb     0x1  Car.o [1]
    .bss               zero     0x1fff1abc     0x1  Car.o [1]
    .bss               zero     0x1fff1abd     0x1  Control.o [1]
    .bss               zero     0x1fff1abe     0x1  Control.o [1]
    .bss               zero     0x1fff1abf     0x1  Motor.o [1]
    .bss               zero     0x1fff1ac0     0x1  Motor.o [1]
    .bss               zero     0x1fff1ac1     0x1  Motor.o [1]
    .bss               zero     0x1fff1ac2     0x1  Motor.o [1]
    .bss               zero     0x1fff1ac3     0x1  Motor.o [1]
    .bss               zero     0x1fff1ac4     0x1  Motor.o [1]
    .bss               zero     0x1fff1ac5     0x1  Motor.o [1]
    .bss               zero     0x1fff1ac6     0x1  Steer.o [1]
    .bss               zero     0x1fff1ac7     0x1  Steer.o [1]
    .bss               zero     0x1fff1ac8     0x1  Steer.o [1]
    .bss               zero     0x1fff1ac9     0x1  Steer.o [1]
    .bss               zero     0x1fff1aca     0x1  Steer.o [1]
    .bss               zero     0x1fff1acb     0x1  Steer.o [1]
    .bss               zero     0x1fff1acc     0x1  Steer.o [1]
    .bss               zero     0x1fff1acd     0x1  Steer.o [1]
    .bss               zero     0x1fff1ace     0x1  Steer.o [1]
    .bss               zero     0x1fff1acf     0x1  Steer.o [1]
    .bss               zero     0x1fff1ad0     0x1  Steer.o [1]
    .bss               zero     0x1fff1ad1     0x1  Steer.o [1]
    .bss               zero     0x1fff1ad2     0x1  Steer.o [1]
    .bss               zero     0x1fff1ad3     0x1  Steer.o [1]
    .bss               zero     0x1fff1ad4     0x1  Steer.o [1]
    .bss               zero     0x1fff1ad5     0x1  VCAN_NRF24L0.o [1]
    .bss               zero     0x1fff1ad6     0x1  VCAN_NRF24L0.o [1]
    .bss               zero     0x1fff1ad7     0x1  VCAN_NRF24L0.o [1]
    .bss               zero     0x1fff1ad8     0x1  VCAN_NRF24L0.o [1]
    .bss               zero     0x1fff1ad9     0x1  VCAN_NRF24L0.o [1]
  P2 s0                         0x1fff1adc    0x88  <Init block>
    __DLIB_PERTHREAD   inited   0x1fff1adc    0x88  localeconv.o [3]
                              - 0x1fff1b64  0x1754


*******************************************************************************
*** INIT TABLE
***

          Address     Size
          -------     ----
Zero (__iar_zero_init3)
    1 destination range, total size 0xbd6:
          0x1fff0f04  0xbd6



*******************************************************************************
*** MODULE SUMMARY
***

    Module                 ro code  rw code  ro data  rw data
    ------                 -------  -------  -------  -------
F:\Github\JERRY\Jerry_2017_4_14\Prj\IAR\DZ10_Debug\Obj: [1]
    Car.o                    1 616                89       36
    Control.o                  168                         66
    MK60_PIT.o                 172                64
    MK60_SysTick.o             100                68
    MK60_adc.o                 816                72        8
    MK60_conf.o                320             1 948    1 800
    MK60_flash.o                        360      428
    MK60_ftm.o               1 276                76       24
    MK60_gpio.o                296                84       20
    MK60_it.o                  544                         22
    MK60_mcg.o                 952       80      152       72
    MK60_port.o                176                20       20
    MK60_spi.o               1 644               144       12
    MK60_uart.o                624                88       24
    MK60_wdog.o                 64
    Motor.o                  1 824                16       83
    OLED.o                   1 856               552
    Steer.o                  3 252                12      173
    VCAN_LED.o                 112                 4        4
    VCAN_NRF24L0.o           1 192                24    2 589
    VCAN_computer.o             64                 4
    VCAN_key.o                 156                 8        8
    fuzzy_pid2.o             4 884               319      256
    main.o                     488
    misc.o                     204                60
    startup_MK60DZ10.o           8
    system_MK60DZ10.o          304                         12
    vectors.o                                  1 040
    ---------------------------------------------------------
    Total:                  23 112      440    5 272    5 229

command line: [2]
    ---------------------------------------------------------
    Total:

dl7M_tlf.a: [3]
    abs.o                        8
    div.o                       14
    exit.o                       4
    localeconv.o               108               136      136
    low_level_init.o             4
    printf.o                    36
    putchar.o                   12
    xfiles.o                                      64      144
    xprintflarge_nomb.o      3 054
    xprout.o                    22
    xtls.o                       2
    ---------------------------------------------------------
    Total:                   3 264               200      280

m7M_tl.a: [4]
    DblAdd.o                   232
    DblCmpLe.o                  46
    DblDiv.o                   582
    DblMul.o                   418
    DblSub.o                   384
    DblToFlt.o                 144
    DblToI32.o                  88
    FltAdd.o                   132
    FltCmpGe.o                  36
    FltCmpLe.o                  36
    FltDiv.o                   252
    FltMul.o                   216
    FltSub.o                   230
    FltToDbl.o                  78
    FltToS32.o                  68
    I32ToDbl.o                  48
    I32ToFlt.o                  50
    xdnorm.o                    66
    ---------------------------------------------------------
    Total:                   3 106

rt7M_tl.a: [5]
    ABImemcpy_unaligned.o      118
    I64DivMod.o                238
    I64DivZer.o                  2
    XXexit.o                    12
    cexit.o                     10
    cmain.o                     26
    cstartup_M.o                12
    data_init.o                 40
    memchr.o                    88
    strchr.o                    22
    strlen.o                    54
    zero_init3.o                34
    ---------------------------------------------------------
    Total:                     656

    Gaps                         2                          5
    Linker created              24       16       32
-------------------------------------------------------------
    Grand Total:            30 164      456    5 504    5 514


*******************************************************************************
*** ENTRY LIST
***

Entry                      Address   Size  Type      Object
-----                      -------   ----  ----      ------
.bss$$Base              0x1fff0f04          --   Gb  - Linker created -
.bss$$Limit             0x1fff1adc          --   Gb  - Linker created -
.data$$Base             0x1fff0410          --   Gb  - Linker created -
.data$$Limit            0x1fff0d3c          --   Gb  - Linker created -
.data_init$$Base        0x00004e04          --   Gb  - Linker created -
.data_init$$Limit       0x00005730          --   Gb  - Linker created -
?main                   0x000089c5         Code  Gb  cmain.o [5]
ABD_d                   0x1fff0fa8    0x4  Data  Gb  Motor.o [1]
ABD_err                 0x1fff1aaa    0x2  Data  Gb  Motor.o [1]
ABD_err_err             0x1fff1aae    0x2  Data  Gb  Motor.o [1]
ABD_last_err            0x1fff1aac    0x2  Data  Gb  Motor.o [1]
ABD_p                   0x1fff0cc8    0x4  Data  Gb  Motor.o [1]
ABDistance              0x1fff1aa2    0x2  Data  Gb  MK60_it.o [1]
ABDistance_filter       0x1fff0f78    0x8  Data  Gb  MK60_it.o [1]
ABDistance_set          0x1fff0cc4    0x2  Data  Gb  Motor.o [1]
ADCN                    0x1fff0514    0x8  Data  Gb  MK60_adc.o [1]
ADdata                  0x1fff0fb0   0x5c  Data  Gb  Steer.o [1]
ASSERT_FAILED_STR       0x00008970   0x24  Data  Gb  MK60_conf.o [1]
BSP_init                0x00006c3b   0xf2  Code  Gb  Car.o [1]
CSB_lost                0x1fff1ac5    0x1  Data  Gb  Motor.o [1]
CSB_lost_count          0x1fff1ac4    0x1  Data  Gb  Motor.o [1]
CalculateCurrentError   0x00002641  0x670  Code  Gb  Steer.o [1]
Chao_init               0x00006d2d   0x30  Code  Gb  Car.o [1]
CodeRelocate$$Base      0x00008350          --   Gb  - Linker created -
CodeRelocate$$Limit     0x00008518          --   Gb  - Linker created -
CodeRelocateRam$$Base   0x1fff0d3c          --   Gb  - Linker created -
CodeRelocateRam$$Limit  0x1fff0f04          --   Gb  - Linker created -
CurrentABDistance       0x1fff1aa4    0x2  Data  Gb  MK60_it.o [1]
DFF                     0x00008ab4    0x8  Data  Gb  fuzzy_pid2.o [1]
DMAX                    0x00004dfe    0x2  Data  Gb  fuzzy_pid2.o [1]
DMIN                    0x00005730    0x2  Data  Gb  fuzzy_pid2.o [1]
DirectionControl        0x00002cb1  0x162  Code  Gb  Steer.o [1]
DirectionPianCha        0x1fff1014   0x28  Data  Gb  Steer.o [1]
DoubleError             0x1fff1010    0x4  Data  Gb  Steer.o [1]
ECF                     0x00008aa4    0x8  Data  Gb  fuzzy_pid2.o [1]
ECMAX                   0x00001f66    0x2  Data  Gb  fuzzy_pid2.o [1]
ECMIN                   0x000032ea    0x2  Data  Gb  fuzzy_pid2.o [1]
EF                      0x00008a9c    0x8  Data  Gb  fuzzy_pid2.o [1]
EMAX                    0x0000188a    0x2  Data  Gb  fuzzy_pid2.o [1]
EMIN                    0x00001dc2    0x2  Data  Gb  fuzzy_pid2.o [1]
F6x8                    0x00007c78  0x228  Data  Gb  OLED.o [1]
FFMAX                   0x00008a16    0x2  Data  Gb  fuzzy_pid2.o [1]
FMAX                    0x00004b52    0x2  Data  Gb  fuzzy_pid2.o [1]
FTMN                    0x1fff0c24    0xc  Data  Gb  MK60_ftm.o [1]
FTM_port_mux            0x000032ed  0x118  Code  Lc  MK60_ftm.o [1]
FuzzySet_Speed          0x00000dfd  0x902  Code  Gb  fuzzy_pid2.o [1]
Fuzzy_Direction_P       0x00000419  0x9b8  Code  Gb  fuzzy_pid2.o [1]
GPIOX                   0x1fff0c30   0x14  Data  Gb  MK60_gpio.o [1]
Go_flag                 0x1fff1abb    0x1  Data  Gb  Car.o [1]
KEY_PTxn                0x1fff0ce0    0x8  Data  Gb  VCAN_key.o [1]
LCD_DLY_ms              0x00005837   0x18  Code  Gb  OLED.o [1]
LCD_Fill                0x000057f7   0x40  Code  Gb  OLED.o [1]
LCD_Init                0x0000584f   0xf8  Code  Gb  OLED.o [1]
LCD_P6x8Str             0x00005947   0x7c  Code  Gb  OLED.o [1]
LCD_Set_Pos             0x000057cf   0x28  Code  Gb  OLED.o [1]
LCD_WrCmd               0x00005785   0x4a  Code  Gb  OLED.o [1]
LCD_WrDat               0x00005735   0x4e  Code  Gb  OLED.o [1]
LED_P6x8Char            0x000059c3   0x54  Code  Gb  OLED.o [1]
LED_PTxn                0x1fff0ce8    0x4  Data  Gb  VCAN_LED.o [1]
LED_PrintValueF         0x00005b59  0x308  Code  Gb  OLED.o [1]
LED_PrintValueFP        0x00005a25  0x134  Code  Gb  OLED.o [1]
LoadInt                 0x0000448f   0x6e  Code  Lc  xprintflarge_nomb.o [3]
Maxspeed                0x1fff1ab0    0x2  Data  Gb  Motor.o [1]
Minspeed                0x1fff1ab2    0x2  Data  Gb  Motor.o [1]
Motor_Control           0x00005ff1  0x4d6  Code  Gb  Motor.o [1]
Motor_D                 0x1fff0fac    0x4  Data  Gb  Motor.o [1]
Motor_Duty              0x1fff0f80    0x4  Data  Gb  Motor.o [1]
Motor_GetSpeed          0x00005eaf  0x142  Code  Gb  Motor.o [1]
Motor_I                 0x1fff0cd0    0x4  Data  Gb  Motor.o [1]
Motor_P                 0x1fff0ccc    0x4  Data  Gb  Motor.o [1]
Motor_SetSpeed          0x00005e75   0x3a  Code  Gb  Motor.o [1]
Motor_init              0x00006c09   0x20  Code  Gb  Car.o [1]
NRF_ISR_RX_FIFO         0x1fff1048  0xa00  Data  Gb  VCAN_NRF24L0.o [1]
NVIC_DisableIRQ         0x00007ea1   0x14  Code  Lc  MK60_it.o [1]
NVIC_EnableIRQ          0x000080df   0x14  Code  Lc  main.o [1]
NVIC_SetPriority        0x000080f3   0x26  Code  Lc  main.o [1]
NVIC_SetPriorityGrouping
                        0x000080c1   0x1e  Code  Lc  main.o [1]
NVIC_SystemReset        0x000037f9   0x1a  Code  Lc  MK60_conf.o [1]
Oled_Display            0x00006e05  0x324  Code  Gb  Car.o [1]
PFF                     0x00008aac    0x8  Data  Gb  fuzzy_pid2.o [1]
PIT0_IRQHandler         0x00007eb5   0xe4  Code  Gb  MK60_it.o [1]
PMAX                    0x00004c9a    0x2  Data  Gb  fuzzy_pid2.o [1]
PMIN                    0x00004d82    0x2  Data  Gb  fuzzy_pid2.o [1]
PORTA_IRQHandler        0x00007f99   0x8a  Code  Gb  MK60_it.o [1]
PORTE_IRQHandler        0x00008023   0x50  Code  Gb  MK60_it.o [1]
PORTX                   0x1fff0c8c   0x14  Data  Gb  MK60_port.o [1]
Prospect_See            0x1fff0fa4    0x4  Data  Gb  Motor.o [1]
RX_ADDRESS              0x1fff0cf4    0x8  Data  Gb  VCAN_NRF24L0.o [1]
Read_AD                 0x00002229  0x418  Code  Gb  Steer.o [1]
Region$$Table$$Base     0x00008994          --   Gb  - Linker created -
Region$$Table$$Limit    0x000089a4          --   Gb  - Linker created -
Reset_Handler           0x00000411         Code  Gb  startup_MK60DZ10.o [1]
RunTime                 0x1fff0f74    0x4  Data  Gb  MK60_it.o [1]
SMAX                    0x00004b02    0x2  Data  Gb  fuzzy_pid2.o [1]
SMIN                    0x00004b1a    0x2  Data  Gb  fuzzy_pid2.o [1]
SPIN                    0x1fff0ca0    0xc  Data  Gb  MK60_spi.o [1]
SSMAX                   0x000089e6    0x2  Data  Gb  fuzzy_pid2.o [1]
SSMIN                   0x000089f2    0x2  Data  Gb  fuzzy_pid2.o [1]
Sensor_AD_init          0x00006d5d   0xa8  Code  Gb  Car.o [1]
Speed_err               0x1fff0f98    0x8  Data  Gb  Motor.o [1]
Steer_D                 0x1fff0cd8    0x4  Data  Gb  Steer.o [1]
Steer_P                 0x1fff0cd4    0x4  Data  Gb  Steer.o [1]
Steer_init              0x00006c29   0x12  Code  Gb  Car.o [1]
SteeringZkb             0x1fff1ab6    0x2  Data  Gb  Steer.o [1]
Straight_flag           0x1fff1abf    0x1  Data  Gb  Motor.o [1]
TX_ADDRESS              0x1fff0cec    0x8  Data  Gb  VCAN_NRF24L0.o [1]
TargetSpeed             0x1fff1aa8    0x2  Data  Gb  Motor.o [1]
TimeCount               0x1fff1aa0    0x2  Data  Gb  MK60_it.o [1]
Track_complexity        0x1fff0fa0    0x4  Data  Gb  Motor.o [1]
UARTN                   0x1fff0cac   0x18  Data  Gb  MK60_uart.o [1]
UFF                     0x1fff0478    0x4  Data  Gb  fuzzy_pid2.o [1]
UFF0                    0x1fff0424   0x10  Data  Gb  fuzzy_pid2.o [1]
UFF1                    0x1fff0434   0x10  Data  Gb  fuzzy_pid2.o [1]
UFF2                    0x1fff0444   0x10  Data  Gb  fuzzy_pid2.o [1]
UFF3                    0x1fff0454   0x10  Data  Gb  fuzzy_pid2.o [1]
UFF4                    0x1fff0464   0x10  Data  Gb  fuzzy_pid2.o [1]
UP                      0x1fff0474    0x4  Data  Gb  fuzzy_pid2.o [1]
UP0                     0x1fff0414   0x10  Data  Gb  fuzzy_pid2.o [1]
Wait_to_go_flag         0x1fff1aba    0x1  Data  Gb  Car.o [1]
_GenldLargeNoMb         0x00004885  0x236  Code  Lc  xprintflarge_nomb.o [3]
_LdtobLargeNoMb         0x00004605  0x27a  Code  Lc  xprintflarge_nomb.o [3]
_LitobLargeNoMb         0x000044fd  0x106  Code  Lc  xprintflarge_nomb.o [3]
_Locale_aeabi_lconv     0x1fff1b2c   0x38  Data  Gb  localeconv.o [3]
_Locale_lconv           0x1fff1adc   0x50  Data  Gb  localeconv.o [3]
_PrintfLargeNoMb        0x00003f15  0x574  Code  Gb  xprintflarge_nomb.o [3]
_Prout                  0x00008a01   0x16  Code  Gb  xprout.o [3]
_PutcharsLargeNoMb      0x00004abb   0x2e  Code  Lc  xprintflarge_nomb.o [3]
__BOOT_STACK_ADDRESS {Abs}
                        0x2000fff8          --   Gb  command line/config [2]
__VECTOR_RAM {Abs}      0x1fff0000          --   Gb  command line/config [2]
__VECTOR_TABLE {Abs}    0x00000000          --   Gb  command line/config [2]
__aeabi_cdcmple         0x00004d55         Code  Gb  DblCmpLe.o [4]
__aeabi_cfcmple         0x00001781         Code  Gb  FltCmpLe.o [4]
__aeabi_cfrcmple        0x00001ae5         Code  Gb  FltCmpGe.o [4]
__aeabi_d2f             0x0000320d         Code  Gb  DblToFlt.o [4]
__aeabi_d2iz            0x00002051         Code  Gb  DblToI32.o [4]
__aeabi_d2uiz           0x0000207d         Code  Gb  DblToI32.o [4]
__aeabi_dadd            0x00001f69         Code  Gb  DblAdd.o [4]
__aeabi_ddiv            0x00001b7d         Code  Gb  DblDiv.o [4]
__aeabi_dmul            0x00001dc5         Code  Gb  DblMul.o [4]
__aeabi_dsub            0x000020a9         Code  Gb  DblSub.o [4]
__aeabi_f2d             0x0000329d         Code  Gb  FltToDbl.o [4]
__aeabi_f2iz            0x00001b09         Code  Gb  FltToS32.o [4]
__aeabi_fadd            0x00001a61         Code  Gb  FltAdd.o [4]
__aeabi_fdiv            0x0000188d         Code  Gb  FltDiv.o [4]
__aeabi_fmul            0x00001989         Code  Gb  FltMul.o [4]
__aeabi_fsub            0x000017a5         Code  Gb  FltSub.o [4]
__aeabi_i2d             0x00001b4d         Code  Gb  I32ToDbl.o [4]
__aeabi_i2f             0x0000172d         Code  Gb  I32ToFlt.o [4]
__aeabi_ldiv0           0x00004e01         Code  Gb  I64DivZer.o [5]
__aeabi_ui2d            0x00001b61         Code  Gb  I32ToDbl.o [4]
__aeabi_ui2f            0x00001741         Code  Gb  I32ToFlt.o [4]
__aeabi_uldivmod        0x00004bad         Code  Gb  I64DivMod.o [5]
__cmain                 0x000089c5         Code  Gb  cmain.o [5]
__code_start__ {Abs}    0x00000410          --   Gb  command line/config [2]
__exit                  0x000089f5         Code  Gb  XXexit.o [5]
__iar_Dnorm             0x00004d13   0x42  Code  Gb  xdnorm.o [4]
__iar_Locale_lconv_init
                        0x00004d85   0x3a  Code  Gb  localeconv.o [3]
__iar_Memchr            0x00004b55         Code  Gb  memchr.o [5]
__iar_Stdout            0x1fff0cfc   0x40  Data  Gb  xfiles.o [3]
__iar_Strchr            0x00004b05         Code  Gb  strchr.o [5]
__iar_d2uiz             0x00002089         Code  Gb  DblToI32.o [4]
__iar_dadd              0x00001f7d         Code  Gb  DblAdd.o [4]
__iar_data_init3        0x00008949   0x28  Code  Gb  data_init.o [5]
__iar_dlib_perthread_access
                        0x00004e03    0x2  Code  Gb  xtls.o [3]
__iar_dsub              0x000020bd         Code  Gb  DblSub.o [4]
__iar_dsubStart         0x000020cf         Code  Gb  DblSub.o [4]
__iar_fadd              0x00001a71         Code  Gb  FltAdd.o [4]
__iar_fsub              0x000017b5         Code  Gb  FltSub.o [4]
__iar_fsubStart         0x000017c5         Code  Gb  FltSub.o [4]
__iar_program_start     0x00008a39         Code  Gb  cstartup_M.o [5]
__iar_ui2d              0x00001b65         Code  Gb  I32ToDbl.o [4]
__iar_ui2f              0x00001745         Code  Gb  I32ToFlt.o [4]
__iar_unaligned___aeabi_memcpy
                        0x00004c9d         Code  Gb  ABImemcpy_unaligned.o [5]
__iar_unaligned___aeabi_memcpy4
                        0x00004cbd         Code  Gb  ABImemcpy_unaligned.o [5]
__iar_unaligned___aeabi_memcpy8
                        0x00004cbd         Code  Gb  ABImemcpy_unaligned.o [5]
__iar_zero_init3        0x0000175f   0x22  Code  Gb  zero_init3.o [5]
__low_level_init        0x000089df    0x4  Code  Gb  low_level_init.o [3]
__vector_table          0x00000000  0x410  Data  Gb  vectors.o [1]
_call_main              0x000089d1         Code  Gb  cmain.o [5]
_exit                   0x000089e9         Code  Gb  cexit.o [5]
_main                   0x000089db         Code  Gb  cmain.o [5]
abs                     0x00006c01    0x8  Code  Gb  abs.o [3]
ad_ave                  0x0000313b   0x7a  Code  Gb  MK60_adc.o [1]
ad_max                  0x1fff0cdc    0x4  Data  Gb  Steer.o [1]
adc_init                0x00002edd  0x20e  Code  Gb  MK60_adc.o [1]
adc_once                0x000030eb   0x50  Code  Gb  MK60_adc.o [1]
adc_start               0x000031b5   0x44  Code  Lc  MK60_adc.o [1]
already_in_circle       0x1fff1acb    0x1  Data  Gb  Steer.o [1]
assert_failed           0x00003813   0x26  Code  Gb  MK60_conf.o [1]
back_car_dir_rx         0x1fff1ad0    0x1  Data  Gb  Steer.o [1]
back_car_dir_tx         0x1fff1acf    0x1  Data  Gb  Steer.o [1]
bus_clk_khz             0x1fff1044    0x4  Data  Gb  system_MK60DZ10.o [1]
chaoshengboTime         0x1fff0f70    0x4  Data  Gb  MK60_it.o [1]
circle_flag             0x1fff1ac8    0x1  Data  Gb  Steer.o [1]
circle_flag_count       0x1fff1ab8    0x2  Data  Gb  Steer.o [1]
circle_left             0x1fff1ac9    0x1  Data  Gb  Steer.o [1]
circle_ready_rx         0x1fff1ace    0x1  Data  Gb  Steer.o [1]
circle_ready_tx         0x1fff1acd    0x1  Data  Gb  Steer.o [1]
circle_right            0x1fff1aca    0x1  Data  Gb  Steer.o [1]
common_startup          0x00008577   0x98  Code  Gb  system_MK60DZ10.o [1]
core_clk_khz            0x1fff103c    0x4  Data  Gb  system_MK60DZ10.o [1]
core_clk_mhz            0x1fff1040    0x4  Data  Gb  system_MK60DZ10.o [1]
count                   0x1fff1ac6    0x1  Data  Gb  Steer.o [1]
default_isr             0x000038e7   0x30  Code  Gb  MK60_conf.o [1]
dianya                  0x1fff100c    0x4  Data  Gb  Steer.o [1]
dir_change              0x1fff1acc    0x1  Data  Gb  Steer.o [1]
dir_flag                0x1fff1ac7    0x1  Data  Gb  Steer.o [1]
direction_offset        0x1fff1ab4    0x2  Data  Gb  Steer.o [1]
div                     0x00004df1    0xe  Code  Gb  div.o [3]
exit                    0x000089e3    0x4  Code  Gb  exit.o [3]
flash_cmd               0x1fff0d4d   0x20  Code  Gb  MK60_flash.o [1]
flash_erase_sector      0x1fff0d9d   0x58  Code  Gb  MK60_flash.o [1]
flash_init              0x1fff0d6d   0x30  Code  Gb  MK60_flash.o [1]
flash_write             0x1fff0df5   0x8e  Code  Gb  MK60_flash.o [1]
fputc                   0x00003839   0x14  Code  Gb  MK60_conf.o [1]
ftm_mod                 0x1fff0f64    0xc  Data  Lc  MK60_ftm.o [1]
ftm_pwm_duty            0x0000358f   0xe6  Code  Gb  MK60_ftm.o [1]
ftm_pwm_init            0x00003405  0x18a  Code  Gb  MK60_ftm.o [1]
ftm_quad_clean          0x000037a7   0x28  Code  Gb  MK60_ftm.o [1]
ftm_quad_get            0x0000377b   0x2c  Code  Gb  MK60_ftm.o [1]
ftm_quad_init           0x00003675  0x106  Code  Gb  MK60_ftm.o [1]
gpio_get                0x00003ed3   0x3a  Code  Gb  MK60_gpio.o [1]
gpio_init               0x00003ded   0xae  Code  Gb  MK60_gpio.o [1]
gpio_turn               0x00003e9b   0x38  Code  Gb  MK60_gpio.o [1]
host_flag               0x1fff1abd    0x1  Data  Gb  Control.o [1]
key_check               0x00003dbd   0x2a  Code  Gb  VCAN_key.o [1]
key_get                 0x00003da3   0x1a  Code  Gb  VCAN_key.o [1]
key_init                0x00003d51   0x52  Code  Gb  VCAN_key.o [1]
led_init                0x000039e9   0x3a  Code  Gb  VCAN_LED.o [1]
led_turn                0x00003a23   0x32  Code  Gb  VCAN_LED.o [1]
localeconv              0x00004dbf   0x16  Code  Gb  localeconv.o [3]
main                    0x00008119  0x146  Code  Gb  main.o [1]
mcg_cfg                 0x1fff0c44   0x44  Data  Gb  MK60_mcg.o [1]
mcg_div                 0x1fff0c88    0x4  Data  Gb  MK60_mcg.o [1]
mcg_div_count           0x000078c1  0x2e8  Code  Gb  MK60_mcg.o [1]
memchr                  0x00004b55         Code  Gb  memchr.o [5]
no_takeoff_rx           0x1fff1ad4    0x1  Data  Gb  Steer.o [1]
no_takeoff_tx           0x1fff1ad3    0x1  Data  Gb  Steer.o [1]
nrf_handler             0x000076b9   0xfc  Code  Gb  VCAN_NRF24L0.o [1]
nrf_init                0x00007345   0xa8  Code  Gb  VCAN_NRF24L0.o [1]
nrf_irq_tx_addr         0x1fff1a48    0x4  Data  Gb  VCAN_NRF24L0.o [1]
nrf_irq_tx_flag         0x1fff1ad9    0x1  Data  Gb  VCAN_NRF24L0.o [1]
nrf_irq_tx_pnum         0x1fff1a4c    0x4  Data  Gb  VCAN_NRF24L0.o [1]
nrf_link_check          0x0000748b   0x78  Code  Gb  VCAN_NRF24L0.o [1]
nrf_mode                0x1fff1ad5    0x1  Data  Gb  VCAN_NRF24L0.o [1]
nrf_readbuf             0x00007463   0x28  Code  Lc  VCAN_NRF24L0.o [1]
nrf_readreg             0x00007413   0x28  Code  Lc  VCAN_NRF24L0.o [1]
nrf_rx                  0x00007599   0xca  Code  Gb  VCAN_NRF24L0.o [1]
nrf_rx_flag             0x1fff1ad8    0x1  Data  Gb  VCAN_NRF24L0.o [1]
nrf_rx_front            0x1fff1ad6    0x1  Data  Gb  VCAN_NRF24L0.o [1]
nrf_rx_mode             0x00007503   0x50  Code  Gb  VCAN_NRF24L0.o [1]
nrf_rx_rear             0x1fff1ad7    0x1  Data  Gb  VCAN_NRF24L0.o [1]
nrf_tx                  0x00007663   0x56  Code  Gb  VCAN_NRF24L0.o [1]
nrf_tx_mode             0x00007553   0x46  Code  Lc  VCAN_NRF24L0.o [1]
nrf_writebuf            0x0000743b   0x28  Code  Lc  VCAN_NRF24L0.o [1]
nrf_writereg            0x000073ed   0x26  Code  Lc  VCAN_NRF24L0.o [1]
nrftxbuf                0x000082a9   0x58  Code  Gb  Control.o [1]
obuf                    0x1fff1a50   0x50  Data  Lc  xfiles.o [3]
overtake_mode           0x1fff1abc    0x1  Data  Gb  Car.o [1]
page                    0x1fff0410    0x1  Data  Gb  Car.o [1]
pit1Init                0x00007259   0x28  Code  Gb  MK60_PIT.o [1]
pit_init                0x00007281   0x6c  Code  Gb  MK60_PIT.o [1]
pll_init                0x00007ba9   0xb2  Code  Gb  MK60_mcg.o [1]
port_init               0x00003939   0x44  Code  Gb  MK60_port.o [1]
port_init_NoALT         0x0000397d   0x62  Code  Gb  MK60_port.o [1]
printf                  0x00003a59   0x24  Code  Gb  printf.o [3]
putchar                 0x00008a19    0xc  Code  Gb  putchar.o [3]
realSpeed               0x1fff1aa6    0x2  Data  Gb  Motor.o [1]
ruleP                   0x1fff047c   0x34  Data  Gb  fuzzy_pid2.o [1]
ruleSD                  0x1fff04b0   0x64  Data  Gb  fuzzy_pid2.o [1]
ruwan_flag              0x1fff1ac0    0x1  Data  Gb  Motor.o [1]
rx_Calculate            0x00008301   0x22  Code  Gb  Control.o [1]
rx_nrf_flag             0x1fff1abe    0x1  Data  Gb  Control.o [1]
rxbuf                   0x1fff0f44   0x20  Data  Gb  Control.o [1]
send_data               0x0000712d   0x7c  Code  Gb  Car.o [1]
set_sys_dividers        0x1fff0eb5   0x50  Code  Gb  MK60_mcg.o [1]
set_vector_handler      0x0000780f   0x22  Code  Gb  misc.o [1]
speed_save              0x1fff0f84   0x14  Data  Gb  Motor.o [1]
spi_init                0x00006595  0x32c  Code  Gb  MK60_spi.o [1]
spi_mosi                0x000068c1  0x110  Code  Gb  MK60_spi.o [1]
spi_mosi_cmd            0x000069d1  0x20c  Code  Gb  MK60_spi.o [1]
start                   0x00008519   0x22  Code  Gb  system_MK60DZ10.o [1]
start_check             0x0000384d   0x9a  Code  Gb  MK60_conf.o [1]
start_flag              0x1fff1ac3    0x1  Data  Gb  Motor.o [1]
stop_flag               0x1fff1ac2    0x1  Data  Gb  Motor.o [1]
strchr                  0x00004b05         Code  Gb  strchr.o [5]
strlen                  0x00004b1d         Code  Gb  strlen.o [5]
sysinit                 0x0000853b   0x3c  Code  Gb  system_MK60DZ10.o [1]
systick_delay           0x00003a7d   0x36  Code  Gb  MK60_SysTick.o [1]
systick_delay_ms        0x00003ab3   0x18  Code  Gb  MK60_SysTick.o [1]
takeoff_over_rx         0x1fff1ad2    0x1  Data  Gb  Steer.o [1]
takeoff_over_tx         0x1fff1ad1    0x1  Data  Gb  Steer.o [1]
txbuf                   0x1fff0f24   0x20  Data  Gb  Control.o [1]
uart_init               0x00003ae1  0x218  Code  Gb  MK60_uart.o [1]
uart_putbuff            0x00003d13   0x24  Code  Gb  MK60_uart.o [1]
uart_putchar            0x00003cf9   0x1a  Code  Gb  MK60_uart.o [1]
var                     0x1fff0f04   0x20  Data  Gb  Car.o [1]
vcan_cpy                0x0000783d   0x7c  Code  Gb  misc.o [1]
vcan_sendware           0x00007305   0x38  Code  Gb  VCAN_computer.o [1]
vector_str              0x1fff051c  0x708  Data  Gb  MK60_conf.o [1]
wandao_flag             0x1fff1ac1    0x1  Data  Gb  Motor.o [1]
wdog_disable            0x00008649   0x16  Code  Gb  MK60_wdog.o [1]
wdog_unlock             0x0000865f   0x20  Code  Lc  MK60_wdog.o [1]
write_vtor              0x000077ed   0x22  Code  Gb  misc.o [1]


[1] = F:\Github\JERRY\Jerry_2017_4_14\Prj\IAR\DZ10_Debug\Obj
[2] = command line
[3] = dl7M_tlf.a
[4] = m7M_tl.a
[5] = rt7M_tl.a

  30 164 bytes of readonly  code memory
     456 bytes of readwrite code memory
   5 504 bytes of readonly  data memory
   5 514 bytes of readwrite data memory

Errors: none
Warnings: none
